Archive member included to satisfy reference by file (symbol)

c:/gmd/toolchain/arm_toolchain/bin/../lib/gcc/arm-none-eabi/8.3.1/../../../../arm-none-eabi/lib/thumb/v7-m/nofp\libg.a(lib_a-exit.o)
                              c:/gmd/toolchain/arm_toolchain/bin/../lib/gcc/arm-none-eabi/8.3.1/../../../../arm-none-eabi/lib/thumb/v7-m/nofp/crt0.o (exit)
c:/gmd/toolchain/arm_toolchain/bin/../lib/gcc/arm-none-eabi/8.3.1/../../../../arm-none-eabi/lib/thumb/v7-m/nofp\libg.a(lib_a-impure.o)
                              c:/gmd/toolchain/arm_toolchain/bin/../lib/gcc/arm-none-eabi/8.3.1/../../../../arm-none-eabi/lib/thumb/v7-m/nofp\libg.a(lib_a-exit.o) (_global_impure_ptr)
c:/gmd/toolchain/arm_toolchain/bin/../lib/gcc/arm-none-eabi/8.3.1/../../../../arm-none-eabi/lib/thumb/v7-m/nofp\libg.a(lib_a-init.o)
                              c:/gmd/toolchain/arm_toolchain/bin/../lib/gcc/arm-none-eabi/8.3.1/../../../../arm-none-eabi/lib/thumb/v7-m/nofp/crt0.o (__libc_init_array)
c:/gmd/toolchain/arm_toolchain/bin/../lib/gcc/arm-none-eabi/8.3.1/../../../../arm-none-eabi/lib/thumb/v7-m/nofp\libg.a(lib_a-memset.o)
                              c:/gmd/toolchain/arm_toolchain/bin/../lib/gcc/arm-none-eabi/8.3.1/../../../../arm-none-eabi/lib/thumb/v7-m/nofp/crt0.o (memset)
c:/gmd/toolchain/arm_toolchain/bin/../lib/gcc/arm-none-eabi/8.3.1/../../../../arm-none-eabi/lib/thumb/v7-m/nofp\libg.a(lib_a-printf.o)
                              ./template/main.o (printf)
c:/gmd/toolchain/arm_toolchain/bin/../lib/gcc/arm-none-eabi/8.3.1/../../../../arm-none-eabi/lib/thumb/v7-m/nofp\libg.a(lib_a-vfprintf.o)
                              c:/gmd/toolchain/arm_toolchain/bin/../lib/gcc/arm-none-eabi/8.3.1/../../../../arm-none-eabi/lib/thumb/v7-m/nofp\libg.a(lib_a-printf.o) (_vfprintf_r)
c:/gmd/toolchain/arm_toolchain/bin/../lib/gcc/arm-none-eabi/8.3.1/../../../../arm-none-eabi/lib/thumb/v7-m/nofp\libg.a(lib_a-wsetup.o)
                              c:/gmd/toolchain/arm_toolchain/bin/../lib/gcc/arm-none-eabi/8.3.1/../../../../arm-none-eabi/lib/thumb/v7-m/nofp\libg.a(lib_a-vfprintf.o) (__swsetup_r)
c:/gmd/toolchain/arm_toolchain/bin/../lib/gcc/arm-none-eabi/8.3.1/../../../../arm-none-eabi/lib/thumb/v7-m/nofp\libg.a(lib_a-__call_atexit.o)
                              c:/gmd/toolchain/arm_toolchain/bin/../lib/gcc/arm-none-eabi/8.3.1/../../../../arm-none-eabi/lib/thumb/v7-m/nofp\libg.a(lib_a-exit.o) (__call_exitprocs)
c:/gmd/toolchain/arm_toolchain/bin/../lib/gcc/arm-none-eabi/8.3.1/../../../../arm-none-eabi/lib/thumb/v7-m/nofp\libg.a(lib_a-atexit.o)
                              c:/gmd/toolchain/arm_toolchain/bin/../lib/gcc/arm-none-eabi/8.3.1/../../../../arm-none-eabi/lib/thumb/v7-m/nofp\libg.a(lib_a-__call_atexit.o) (atexit)
c:/gmd/toolchain/arm_toolchain/bin/../lib/gcc/arm-none-eabi/8.3.1/../../../../arm-none-eabi/lib/thumb/v7-m/nofp\libg.a(lib_a-dtoa.o)
                              c:/gmd/toolchain/arm_toolchain/bin/../lib/gcc/arm-none-eabi/8.3.1/../../../../arm-none-eabi/lib/thumb/v7-m/nofp\libg.a(lib_a-vfprintf.o) (_dtoa_r)
c:/gmd/toolchain/arm_toolchain/bin/../lib/gcc/arm-none-eabi/8.3.1/../../../../arm-none-eabi/lib/thumb/v7-m/nofp\libg.a(lib_a-fflush.o)
                              c:/gmd/toolchain/arm_toolchain/bin/../lib/gcc/arm-none-eabi/8.3.1/../../../../arm-none-eabi/lib/thumb/v7-m/nofp\libg.a(lib_a-vfprintf.o) (_fflush_r)
c:/gmd/toolchain/arm_toolchain/bin/../lib/gcc/arm-none-eabi/8.3.1/../../../../arm-none-eabi/lib/thumb/v7-m/nofp\libg.a(lib_a-findfp.o)
                              c:/gmd/toolchain/arm_toolchain/bin/../lib/gcc/arm-none-eabi/8.3.1/../../../../arm-none-eabi/lib/thumb/v7-m/nofp\libg.a(lib_a-vfprintf.o) (__sinit)
c:/gmd/toolchain/arm_toolchain/bin/../lib/gcc/arm-none-eabi/8.3.1/../../../../arm-none-eabi/lib/thumb/v7-m/nofp\libg.a(lib_a-fini.o)
                              c:/gmd/toolchain/arm_toolchain/bin/../lib/gcc/arm-none-eabi/8.3.1/../../../../arm-none-eabi/lib/thumb/v7-m/nofp\libg.a(lib_a-__call_atexit.o) (__libc_fini_array)
c:/gmd/toolchain/arm_toolchain/bin/../lib/gcc/arm-none-eabi/8.3.1/../../../../arm-none-eabi/lib/thumb/v7-m/nofp\libg.a(lib_a-freer.o)
                              c:/gmd/toolchain/arm_toolchain/bin/../lib/gcc/arm-none-eabi/8.3.1/../../../../arm-none-eabi/lib/thumb/v7-m/nofp\libg.a(lib_a-vfprintf.o) (_free_r)
c:/gmd/toolchain/arm_toolchain/bin/../lib/gcc/arm-none-eabi/8.3.1/../../../../arm-none-eabi/lib/thumb/v7-m/nofp\libg.a(lib_a-fwalk.o)
                              c:/gmd/toolchain/arm_toolchain/bin/../lib/gcc/arm-none-eabi/8.3.1/../../../../arm-none-eabi/lib/thumb/v7-m/nofp\libg.a(lib_a-findfp.o) (_fwalk)
c:/gmd/toolchain/arm_toolchain/bin/../lib/gcc/arm-none-eabi/8.3.1/../../../../arm-none-eabi/lib/thumb/v7-m/nofp\libg.a(lib_a-localeconv.o)
                              c:/gmd/toolchain/arm_toolchain/bin/../lib/gcc/arm-none-eabi/8.3.1/../../../../arm-none-eabi/lib/thumb/v7-m/nofp\libg.a(lib_a-vfprintf.o) (_localeconv_r)
[...]
Memory Configuration

Name             Origin             Length             Attributes
FLASH            0x00000000         0x00008000         xr
RAM              0x20000000         0x00002000         xrw
*default*        0x00000000         0xffffffff

Linker script and memory map

LOAD c:/gmd/toolchain/arm_toolchain/bin/../lib/gcc/arm-none-eabi/8.3.1/thumb/v7-m/nofp/crti.o
LOAD c:/gmd/toolchain/arm_toolchain/bin/../lib/gcc/arm-none-eabi/8.3.1/thumb/v7-m/nofp/crtbegin.o
LOAD c:/gmd/toolchain/arm_toolchain/bin/../lib/gcc/arm-none-eabi/8.3.1/../../../../arm-none-eabi/lib/thumb/v7-m/nofp/crt0.o
LOAD ./template/gw1ns4c_it.o
LOAD ./template/main.o
LOAD ./template/retarget.o
LOAD ./lib/StdPeriph_Driver/Sources/gw1ns4c_gpio.o
LOAD ./lib/StdPeriph_Driver/Sources/gw1ns4c_i2c.o
LOAD ./lib/StdPeriph_Driver/Sources/gw1ns4c_misc.o
LOAD ./lib/StdPeriph_Driver/Sources/gw1ns4c_rtc.o
LOAD ./lib/StdPeriph_Driver/Sources/gw1ns4c_spi.o
LOAD ./lib/StdPeriph_Driver/Sources/gw1ns4c_syscon.o
LOAD ./lib/StdPeriph_Driver/Sources/gw1ns4c_timer.o
LOAD ./lib/StdPeriph_Driver/Sources/gw1ns4c_uart.o
LOAD ./lib/StdPeriph_Driver/Sources/gw1ns4c_wdog.o
LOAD ./lib/CMSIS/DeviceSupport/system/system_gw1ns4c.o
LOAD ./lib/CMSIS/DeviceSupport/startup/gmd/startup_gw1ns4c.o
LOAD ./lib/CMSIS/CoreSupport/gmd/core_cm3.o
START GROUP
LOAD c:/gmd/toolchain/arm_toolchain/bin/../lib/gcc/arm-none-eabi/8.3.1/thumb/v7-m/nofp\libgcc.a
LOAD c:/gmd/toolchain/arm_toolchain/bin/../lib/gcc/arm-none-eabi/8.3.1/../../../../arm-none-eabi/lib/thumb/v7-m/nofp\libg.a
LOAD c:/gmd/toolchain/arm_toolchain/bin/../lib/gcc/arm-none-eabi/8.3.1/../../../../arm-none-eabi/lib/thumb/v7-m/nofp\libc.a
END GROUP
LOAD c:/gmd/toolchain/arm_toolchain/bin/../lib/gcc/arm-none-eabi/8.3.1/thumb/v7-m/nofp/crtend.o
LOAD c:/gmd/toolchain/arm_toolchain/bin/../lib/gcc/arm-none-eabi/8.3.1/thumb/v7-m/nofp/crtn.o
START GROUP
LOAD c:/gmd/toolchain/arm_toolchain/bin/../lib/gcc/arm-none-eabi/8.3.1/thumb/v7-m/nofp\libgcc.a
LOAD c:/gmd/toolchain/arm_toolchain/bin/../lib/gcc/arm-none-eabi/8.3.1/../../../../arm-none-eabi/lib/thumb/v7-m/nofp\libc.a
LOAD c:/gmd/toolchain/arm_toolchain/bin/../lib/gcc/arm-none-eabi/8.3.1/../../../../arm-none-eabi/lib/thumb/v7-m/nofp\libm.a
LOAD c:/gmd/toolchain/arm_toolchain/bin/../lib/gcc/arm-none-eabi/8.3.1/../../../../arm-none-eabi/lib/thumb/v7-m/nofp\libnosys.a
END GROUP

.text           0x00000000     0x65c5
 *(.isr_vector)
 .isr_vector    0x00000000       0xc0 ./lib/CMSIS/DeviceSupport/startup/gmd/startup_gw1ns4c.o
                0x00000000                __isr_vector
 *(.text*)
 .text.NMI_Handler
                0x000000c0        0xc ./template/gw1ns4c_it.o
                0x000000c0                NMI_Handler
 .text.HardFault_Handler
                0x000000cc        0x6 ./template/gw1ns4c_it.o
                0x000000cc                HardFault_Handler
 .text.MemManage_Handler
                0x000000d2        0x6 ./template/gw1ns4c_it.o
                0x000000d2                MemManage_Handler
 .text.BusFault_Handler
                0x000000d8        0x6 ./template/gw1ns4c_it.o
                0x000000d8                BusFault_Handler
 .text.UsageFault_Handler
                0x000000de        0x6 ./template/gw1ns4c_it.o
                0x000000de                UsageFault_Handler
 .text.SVC_Handler
                0x000000e4        0xc ./template/gw1ns4c_it.o
                0x000000e4                SVC_Handler
 .text.DebugMon_Handler
                0x000000f0        0xc ./template/gw1ns4c_it.o
                0x000000f0                DebugMon_Handler
 .text.PendSV_Handler
                0x000000fc        0xc ./template/gw1ns4c_it.o
                0x000000fc                PendSV_Handler
 .text.SysTick_Handler
                0x00000108        0xc ./template/gw1ns4c_it.o
                0x00000108                SysTick_Handler
 .text.USER_INT0_Handler
                0x00000114        0xc ./template/gw1ns4c_it.o
                0x00000114                USER_INT0_Handler
 .text.USER_INT1_Handler
                0x00000120        0xc ./template/gw1ns4c_it.o
                0x00000120                USER_INT1_Handler
 .text.USER_INT2_Handler
                0x0000012c        0xc ./template/gw1ns4c_it.o
                0x0000012c                USER_INT2_Handler
 .text.USER_INT3_Handler
                0x00000138        0xc ./template/gw1ns4c_it.o
                0x00000138                USER_INT3_Handler
 .text.USER_INT4_Handler
                0x00000144        0xc ./template/gw1ns4c_it.o
                0x00000144                USER_INT4_Handler
 .text.USER_INT5_Handler
                0x00000150        0xc ./template/gw1ns4c_it.o
                0x00000150                USER_INT5_Handler
 .text.UART0_Handler
                0x0000015c        0xc ./template/gw1ns4c_it.o
                0x0000015c                UART0_Handler
 .text.UART1_Handler
                0x00000168        0xc ./template/gw1ns4c_it.o
                0x00000168                UART1_Handler
 .text.TIMER0_Handler
                0x00000174        0xc ./template/gw1ns4c_it.o
                0x00000174                TIMER0_Handler
 .text.TIMER1_Handler
                0x00000180        0xc ./template/gw1ns4c_it.o
                0x00000180                TIMER1_Handler
 .text.I2C_Handler
                0x0000018c        0xc ./template/gw1ns4c_it.o
                0x0000018c                I2C_Handler
 .text.RTC_Handler
                0x00000198        0xc ./template/gw1ns4c_it.o
                0x00000198                RTC_Handler
 .text.PORT0_0_Handler
                0x000001a4        0xc ./template/gw1ns4c_it.o
                0x000001a4                PORT0_0_Handler
 .text.PORT0_1_Handler
                0x000001b0        0xc ./template/gw1ns4c_it.o
                0x000001b0                PORT0_1_Handler
 .text.PORT0_2_Handler
                0x000001bc        0xc ./template/gw1ns4c_it.o
                0x000001bc                PORT0_2_Handler
 .text.PORT0_3_Handler
                0x000001c8        0xc ./template/gw1ns4c_it.o
                0x000001c8                PORT0_3_Handler
 .text.PORT0_4_Handler
                0x000001d4        0xc ./template/gw1ns4c_it.o
                0x000001d4                PORT0_4_Handler
 .text.PORT0_5_Handler
                0x000001e0        0xc ./template/gw1ns4c_it.o
                0x000001e0                PORT0_5_Handler
 .text.PORT0_6_Handler
                0x000001ec        0xc ./template/gw1ns4c_it.o
                0x000001ec                PORT0_6_Handler
 .text.PORT0_7_Handler
                0x000001f8        0xc ./template/gw1ns4c_it.o
                0x000001f8                PORT0_7_Handler
 .text.PORT0_8_Handler
                0x00000204        0xc ./template/gw1ns4c_it.o
                0x00000204                PORT0_8_Handler
 .text.PORT0_9_Handler
                0x00000210        0xc ./template/gw1ns4c_it.o
                0x00000210                PORT0_9_Handler
 .text.PORT0_10_Handler
                0x0000021c        0xc ./template/gw1ns4c_it.o
                0x0000021c                PORT0_10_Handler
 .text.PORT0_11_Handler
                0x00000228        0xc ./template/gw1ns4c_it.o
                0x00000228                PORT0_11_Handler
 .text.PORT0_12_Handler
                0x00000234        0xc ./template/gw1ns4c_it.o
                0x00000234                PORT0_12_Handler
 .text.PORT0_13_Handler
                0x00000240        0xc ./template/gw1ns4c_it.o
                0x00000240                PORT0_13_Handler
 .text.PORT0_14_Handler
                0x0000024c        0xc ./template/gw1ns4c_it.o
                0x0000024c                PORT0_14_Handler
 .text.PORT0_15_Handler
                0x00000258        0xc ./template/gw1ns4c_it.o
                0x00000258                PORT0_15_Handler
 .text.main     0x00000264       0x64 ./template/main.o
                0x00000264                main
 .text.initializeUART
                0x000002c8       0x28 ./template/main.o
                0x000002c8                initializeUART
 .text.initializeTimer
                0x000002f0       0x2e ./template/main.o
                0x000002f0                initializeTimer
 *fill*         0x0000031e        0x2 
 .text.delayMillis
                0x00000320       0x84 ./template/main.o
                0x00000320                delayMillis
 .text._write   0x000003a4       0x3e ./template/retarget.o
                0x000003a4                _write
 .text.GPIO_SetBit
                0x000003e2       0x20 ./lib/StdPeriph_Driver/Sources/gw1ns4c_gpio.o
                0x000003e2                GPIO_SetBit
 .text.GPIO_ResetBit
                0x00000402       0x22 ./lib/StdPeriph_Driver/Sources/gw1ns4c_gpio.o
                0x00000402                GPIO_ResetBit
 .text.TIMER_Init
                0x00000424       0x9a ./lib/StdPeriph_Driver/Sources/gw1ns4c_timer.o
                0x00000424                TIMER_Init
 .text.TIMER_StartTimer
                0x000004be       0x1e ./lib/StdPeriph_Driver/Sources/gw1ns4c_timer.o
                0x000004be                TIMER_StartTimer
 .text.TIMER_StopTimer
                0x000004dc       0x1e ./lib/StdPeriph_Driver/Sources/gw1ns4c_timer.o
                0x000004dc                TIMER_StopTimer
 .text.TIMER_GetIRQStatus
                0x000004fa       0x18 ./lib/StdPeriph_Driver/Sources/gw1ns4c_timer.o
                0x000004fa                TIMER_GetIRQStatus
 .text.TIMER_ClearIRQ
                0x00000512       0x18 ./lib/StdPeriph_Driver/Sources/gw1ns4c_timer.o
                0x00000512                TIMER_ClearIRQ
 .text.TIMER_SetReload
                0x0000052a       0x1a ./lib/StdPeriph_Driver/Sources/gw1ns4c_timer.o
                0x0000052a                TIMER_SetReload
 .text.TIMER_SetValue
                0x00000544       0x1a ./lib/StdPeriph_Driver/Sources/gw1ns4c_timer.o
                0x00000544                TIMER_SetValue
 .text.TIMER_EnableIRQ
                0x0000055e       0x1e ./lib/StdPeriph_Driver/Sources/gw1ns4c_timer.o
                0x0000055e                TIMER_EnableIRQ
 .text.UART_Init
                0x0000057c       0xd8 ./lib/StdPeriph_Driver/Sources/gw1ns4c_uart.o
                0x0000057c                UART_Init
 .text.UART_SendChar
                0x00000654       0x2c ./lib/StdPeriph_Driver/Sources/gw1ns4c_uart.o
                0x00000654                UART_SendChar
 .text.SystemInit
                0x00000680       0x40 ./lib/CMSIS/DeviceSupport/system/system_gw1ns4c.o
                0x00000680                SystemInit
 .text          0x000006c0       0x98 ./lib/CMSIS/DeviceSupport/startup/gmd/startup_gw1ns4c.o
                0x000006c0                Reset_Handler
                0x00000726                PORT0_COMB_Handler
                0x00000730                UARTOVF_Handler
                0x00000736                Spare15_Handler
 .text.exit     0x00000758       0x20 c:/gmd/toolchain/arm_toolchain/bin/../lib/gcc/arm-none-eabi/8.3.1/../../../../arm-none-eabi/lib/thumb/v7-m/nofp\libg.a(lib_a-exit.o)
                0x00000758                exit
 .text.memset   0x00000778       0xa0 c:/gmd/toolchain/arm_toolchain/bin/../lib/gcc/arm-none-eabi/8.3.1/../../../../arm-none-eabi/lib/thumb/v7-m/nofp\libg.a(lib_a-memset.o)
                0x00000778                memset
 .text.printf   0x00000818       0x28 c:/gmd/toolchain/arm_toolchain/bin/../lib/gcc/arm-none-eabi/8.3.1/../../../../arm-none-eabi/lib/thumb/v7-m/nofp\libg.a(lib_a-printf.o)
                0x00000818                printf
 .text._vfprintf_r
                0x00000840     0x1b04 c:/gmd/toolchain/arm_toolchain/bin/../lib/gcc/arm-none-eabi/8.3.1/../../../../arm-none-eabi/lib/thumb/v7-m/nofp\libg.a(lib_a-vfprintf.o)
                0x00000840                _vfprintf_r
 .text.__sbprintf
                0x00002344       0x88 c:/gmd/toolchain/arm_toolchain/bin/../lib/gcc/arm-none-eabi/8.3.1/../../../../arm-none-eabi/lib/thumb/v7-m/nofp\libg.a(lib_a-vfprintf.o)
 .text.__swsetup_r
                0x000023cc       0xcc c:/gmd/toolchain/arm_toolchain/bin/../lib/gcc/arm-none-eabi/8.3.1/../../../../arm-none-eabi/lib/thumb/v7-m/nofp\libg.a(lib_a-wsetup.o)
                0x000023cc                __swsetup_r
 .text.__call_exitprocs
                0x00002498       0xb0 c:/gmd/toolchain/arm_toolchain/bin/../lib/gcc/arm-none-eabi/8.3.1/../../../../arm-none-eabi/lib/thumb/v7-m/nofp\libg.a(lib_a-__call_atexit.o)
                0x00002498                __call_exitprocs
 .text.quorem   0x00002548      0x12c c:/gmd/toolchain/arm_toolchain/bin/../lib/gcc/arm-none-eabi/8.3.1/../../../../arm-none-eabi/lib/thumb/v7-m/nofp\libg.a(lib_a-dtoa.o)
 *fill*         0x00002674        0x4 
 .text._dtoa_r  0x00002678      0xe6c c:/gmd/toolchain/arm_toolchain/bin/../lib/gcc/arm-none-eabi/8.3.1/../../../../arm-none-eabi/lib/thumb/v7-m/nofp\libg.a(lib_a-dtoa.o)
                0x00002678                _dtoa_r
 .text.__sflush_r
                0x000034e4      0x144 c:/gmd/toolchain/arm_toolchain/bin/../lib/gcc/arm-none-eabi/8.3.1/../../../../arm-none-eabi/lib/thumb/v7-m/nofp\libg.a(lib_a-fflush.o)
                0x000034e4                __sflush_r
 .text._fflush_r
                0x00003628       0x5c c:/gmd/toolchain/arm_toolchain/bin/../lib/gcc/arm-none-eabi/8.3.1/../../../../arm-none-eabi/lib/thumb/v7-m/nofp\libg.a(lib_a-fflush.o)
                0x00003628                _fflush_r
 .text.std      0x00003684       0x50 c:/gmd/toolchain/arm_toolchain/bin/../lib/gcc/arm-none-eabi/8.3.1/../../../../arm-none-eabi/lib/thumb/v7-m/nofp\libg.a(lib_a-findfp.o)
 .text._cleanup_r
                0x000036d4        0xc c:/gmd/toolchain/arm_toolchain/bin/../lib/gcc/arm-none-eabi/8.3.1/../../../../arm-none-eabi/lib/thumb/v7-m/nofp\libg.a(lib_a-findfp.o)
                0x000036d4                _cleanup_r
 .text.__sinit  0x000036e0       0x5c c:/gmd/toolchain/arm_toolchain/bin/../lib/gcc/arm-none-eabi/8.3.1/../../../../arm-none-eabi/lib/thumb/v7-m/nofp\libg.a(lib_a-findfp.o)
                0x000036e0                __sinit
 .text.__sfp_lock_acquire
                0x0000373c        0xc c:/gmd/toolchain/arm_toolchain/bin/../lib/gcc/arm-none-eabi/8.3.1/../../../../arm-none-eabi/lib/thumb/v7-m/nofp\libg.a(lib_a-findfp.o)
                0x0000373c                __sfp_lock_acquire
 .text.__sfp_lock_release
                0x00003748        0xc c:/gmd/toolchain/arm_toolchain/bin/../lib/gcc/arm-none-eabi/8.3.1/../../../../arm-none-eabi/lib/thumb/v7-m/nofp\libg.a(lib_a-findfp.o)
                0x00003748                __sfp_lock_release
 .text._malloc_trim_r
                0x00003754       0xa0 c:/gmd/toolchain/arm_toolchain/bin/../lib/gcc/arm-none-eabi/8.3.1/../../../../arm-none-eabi/lib/thumb/v7-m/nofp\libg.a(lib_a-freer.o)
                0x00003754                _malloc_trim_r
 .text._free_r  0x000037f4      0x1f4 c:/gmd/toolchain/arm_toolchain/bin/../lib/gcc/arm-none-eabi/8.3.1/../../../../arm-none-eabi/lib/thumb/v7-m/nofp\libg.a(lib_a-freer.o)
                0x000037f4                _free_r
 .text._fwalk_reent
                0x000039e8       0x50 c:/gmd/toolchain/arm_toolchain/bin/../lib/gcc/arm-none-eabi/8.3.1/../../../../arm-none-eabi/lib/thumb/v7-m/nofp\libg.a(lib_a-fwalk.o)
                0x000039e8                _fwalk_reent
 .text._localeconv_r
                0x00003a38        0x8 c:/gmd/toolchain/arm_toolchain/bin/../lib/gcc/arm-none-eabi/8.3.1/../../../../arm-none-eabi/lib/thumb/v7-m/nofp\libg.a(lib_a-localeconv.o)
                0x00003a38                _localeconv_r
 .text.__retarget_lock_init_recursive
                0x00003a40        0x4 c:/gmd/toolchain/arm_toolchain/bin/../lib/gcc/arm-none-eabi/8.3.1/../../../../arm-none-eabi/lib/thumb/v7-m/nofp\libg.a(lib_a-lock.o)
                0x00003a40                __retarget_lock_init_recursive
 .text.__retarget_lock_close_recursive
                0x00003a44        0x4 c:/gmd/toolchain/arm_toolchain/bin/../lib/gcc/arm-none-eabi/8.3.1/../../../../arm-none-eabi/lib/thumb/v7-m/nofp\libg.a(lib_a-lock.o)
                0x00003a44                __retarget_lock_close_recursive
 .text.__retarget_lock_acquire_recursive
                0x00003a48        0x4 c:/gmd/toolchain/arm_toolchain/bin/../lib/gcc/arm-none-eabi/8.3.1/../../../../arm-none-eabi/lib/thumb/v7-m/nofp\libg.a(lib_a-lock.o)
                0x00003a48                __retarget_lock_acquire_recursive
 .text.__retarget_lock_release_recursive
                0x00003a4c        0x4 c:/gmd/toolchain/arm_toolchain/bin/../lib/gcc/arm-none-eabi/8.3.1/../../../../arm-none-eabi/lib/thumb/v7-m/nofp\libg.a(lib_a-lock.o)
                0x00003a4c                __retarget_lock_release_recursive
 .text.__swhatbuf_r
                0x00003a50       0x5c c:/gmd/toolchain/arm_toolchain/bin/../lib/gcc/arm-none-eabi/8.3.1/../../../../arm-none-eabi/lib/thumb/v7-m/nofp\libg.a(lib_a-makebuf.o)
                0x00003a50                __swhatbuf_r
 .text.__smakebuf_r
                0x00003aac       0x94 c:/gmd/toolchain/arm_toolchain/bin/../lib/gcc/arm-none-eabi/8.3.1/../../../../arm-none-eabi/lib/thumb/v7-m/nofp\libg.a(lib_a-makebuf.o)
                0x00003aac                __smakebuf_r
 .text._malloc_r
                0x00003b40      0x558 c:/gmd/toolchain/arm_toolchain/bin/../lib/gcc/arm-none-eabi/8.3.1/../../../../arm-none-eabi/lib/thumb/v7-m/nofp\libg.a(lib_a-mallocr.o)
                0x00003b40                _malloc_r
 .text.memchr   0x00004098       0x8c c:/gmd/toolchain/arm_toolchain/bin/../lib/gcc/arm-none-eabi/8.3.1/../../../../arm-none-eabi/lib/thumb/v7-m/nofp\libg.a(lib_a-memchr-stub.o)
                0x00004098                memchr
 .text          0x00004124       0xec c:/gmd/toolchain/arm_toolchain/bin/../lib/gcc/arm-none-eabi/8.3.1/../../../../arm-none-eabi/lib/thumb/v7-m/nofp\libg.a(lib_a-memcpy.o)
                0x00004124                memcpy
 .text.__malloc_lock
                0x00004210        0xc c:/gmd/toolchain/arm_toolchain/bin/../lib/gcc/arm-none-eabi/8.3.1/../../../../arm-none-eabi/lib/thumb/v7-m/nofp\libg.a(lib_a-mlock.o)
                0x00004210                __malloc_lock
 .text.__malloc_unlock
                0x0000421c        0xc c:/gmd/toolchain/arm_toolchain/bin/../lib/gcc/arm-none-eabi/8.3.1/../../../../arm-none-eabi/lib/thumb/v7-m/nofp\libg.a(lib_a-mlock.o)
                0x0000421c                __malloc_unlock
 .text._Balloc  0x00004228       0x4c c:/gmd/toolchain/arm_toolchain/bin/../lib/gcc/arm-none-eabi/8.3.1/../../../../arm-none-eabi/lib/thumb/v7-m/nofp\libg.a(lib_a-mprec.o)
                0x00004228                _Balloc
 .text._Bfree   0x00004274       0x14 c:/gmd/toolchain/arm_toolchain/bin/../lib/gcc/arm-none-eabi/8.3.1/../../../../arm-none-eabi/lib/thumb/v7-m/nofp\libg.a(lib_a-mprec.o)
                0x00004274                _Bfree
 .text.__multadd
                0x00004288       0x8c c:/gmd/toolchain/arm_toolchain/bin/../lib/gcc/arm-none-eabi/8.3.1/../../../../arm-none-eabi/lib/thumb/v7-m/nofp\libg.a(lib_a-mprec.o)
                0x00004288                __multadd
 .text.__hi0bits
                0x00004314       0x40 c:/gmd/toolchain/arm_toolchain/bin/../lib/gcc/arm-none-eabi/8.3.1/../../../../arm-none-eabi/lib/thumb/v7-m/nofp\libg.a(lib_a-mprec.o)
                0x00004314                __hi0bits
 .text.__lo0bits
                0x00004354       0x60 c:/gmd/toolchain/arm_toolchain/bin/../lib/gcc/arm-none-eabi/8.3.1/../../../../arm-none-eabi/lib/thumb/v7-m/nofp\libg.a(lib_a-mprec.o)
                0x00004354                __lo0bits
 .text.__i2b    0x000043b4       0x14 c:/gmd/toolchain/arm_toolchain/bin/../lib/gcc/arm-none-eabi/8.3.1/../../../../arm-none-eabi/lib/thumb/v7-m/nofp\libg.a(lib_a-mprec.o)
                0x000043b4                __i2b
 .text.__multiply
                0x000043c8      0x130 c:/gmd/toolchain/arm_toolchain/bin/../lib/gcc/arm-none-eabi/8.3.1/../../../../arm-none-eabi/lib/thumb/v7-m/nofp\libg.a(lib_a-mprec.o)
                0x000043c8                __multiply
 .text.__pow5mult
                0x000044f8       0xa0 c:/gmd/toolchain/arm_toolchain/bin/../lib/gcc/arm-none-eabi/8.3.1/../../../../arm-none-eabi/lib/thumb/v7-m/nofp\libg.a(lib_a-mprec.o)
                0x000044f8                __pow5mult
 .text.__lshift
                0x00004598       0xb4 c:/gmd/toolchain/arm_toolchain/bin/../lib/gcc/arm-none-eabi/8.3.1/../../../../arm-none-eabi/lib/thumb/v7-m/nofp\libg.a(lib_a-mprec.o)
                0x00004598                __lshift
 .text.__mcmp   0x0000464c       0x38 c:/gmd/toolchain/arm_toolchain/bin/../lib/gcc/arm-none-eabi/8.3.1/../../../../arm-none-eabi/lib/thumb/v7-m/nofp\libg.a(lib_a-mprec.o)
                0x0000464c                __mcmp
 .text.__mdiff  0x00004684      0x100 c:/gmd/toolchain/arm_toolchain/bin/../lib/gcc/arm-none-eabi/8.3.1/../../../../arm-none-eabi/lib/thumb/v7-m/nofp\libg.a(lib_a-mprec.o)
                0x00004684                __mdiff
 .text.__d2b    0x00004784       0xac c:/gmd/toolchain/arm_toolchain/bin/../lib/gcc/arm-none-eabi/8.3.1/../../../../arm-none-eabi/lib/thumb/v7-m/nofp\libg.a(lib_a-mprec.o)
                0x00004784                __d2b
 .text.frexp    0x00004830       0x70 c:/gmd/toolchain/arm_toolchain/bin/../lib/gcc/arm-none-eabi/8.3.1/../../../../arm-none-eabi/lib/thumb/v7-m/nofp\libg.a(lib_a-s_frexp.o)
                0x00004830                frexp
 .text._sbrk_r  0x000048a0       0x24 c:/gmd/toolchain/arm_toolchain/bin/../lib/gcc/arm-none-eabi/8.3.1/../../../../arm-none-eabi/lib/thumb/v7-m/nofp\libg.a(lib_a-sbrkr.o)
                0x000048a0                _sbrk_r
 .text.__sread  0x000048c4       0x24 c:/gmd/toolchain/arm_toolchain/bin/../lib/gcc/arm-none-eabi/8.3.1/../../../../arm-none-eabi/lib/thumb/v7-m/nofp\libg.a(lib_a-stdio.o)
                0x000048c4                __sread
 .text.__swrite
                0x000048e8       0x40 c:/gmd/toolchain/arm_toolchain/bin/../lib/gcc/arm-none-eabi/8.3.1/../../../../arm-none-eabi/lib/thumb/v7-m/nofp\libg.a(lib_a-stdio.o)
                0x000048e8                __swrite
 .text.__sseek  0x00004928       0x20 c:/gmd/toolchain/arm_toolchain/bin/../lib/gcc/arm-none-eabi/8.3.1/../../../../arm-none-eabi/lib/thumb/v7-m/nofp\libg.a(lib_a-stdio.o)
                0x00004928                __sseek
 .text.__sclose
                0x00004948        0x8 c:/gmd/toolchain/arm_toolchain/bin/../lib/gcc/arm-none-eabi/8.3.1/../../../../arm-none-eabi/lib/thumb/v7-m/nofp\libg.a(lib_a-stdio.o)
                0x00004948                __sclose
 .text.strlen   0x00004950       0x5c c:/gmd/toolchain/arm_toolchain/bin/../lib/gcc/arm-none-eabi/8.3.1/../../../../arm-none-eabi/lib/thumb/v7-m/nofp\libg.a(lib_a-strlen-stub.o)
                0x00004950                strlen
 .text.strncpy  0x000049ac       0x74 c:/gmd/toolchain/arm_toolchain/bin/../lib/gcc/arm-none-eabi/8.3.1/../../../../arm-none-eabi/lib/thumb/v7-m/nofp\libg.a(lib_a-strncpy.o)
                0x000049ac                strncpy
 .text.__sprint_r.part.0
                0x00004a20       0x78 c:/gmd/toolchain/arm_toolchain/bin/../lib/gcc/arm-none-eabi/8.3.1/../../../../arm-none-eabi/lib/thumb/v7-m/nofp\libg.a(lib_a-vfiprintf.o)
 .text.__sprint_r
                0x00004a98       0x14 c:/gmd/toolchain/arm_toolchain/bin/../lib/gcc/arm-none-eabi/8.3.1/../../../../arm-none-eabi/lib/thumb/v7-m/nofp\libg.a(lib_a-vfiprintf.o)
                0x00004a98                __sprint_r
 .text._write_r
                0x00004aac       0x2c c:/gmd/toolchain/arm_toolchain/bin/../lib/gcc/arm-none-eabi/8.3.1/../../../../arm-none-eabi/lib/thumb/v7-m/nofp\libg.a(lib_a-writer.o)
                0x00004aac                _write_r
 .text._calloc_r
                0x00004ad8       0x60 c:/gmd/toolchain/arm_toolchain/bin/../lib/gcc/arm-none-eabi/8.3.1/../../../../arm-none-eabi/lib/thumb/v7-m/nofp\libg.a(lib_a-callocr.o)
                0x00004ad8                _calloc_r
 .text._close_r
                0x00004b38       0x24 c:/gmd/toolchain/arm_toolchain/bin/../lib/gcc/arm-none-eabi/8.3.1/../../../../arm-none-eabi/lib/thumb/v7-m/nofp\libg.a(lib_a-closer.o)
                0x00004b38                _close_r
 .text._fclose_r
                0x00004b5c       0xd0 c:/gmd/toolchain/arm_toolchain/bin/../lib/gcc/arm-none-eabi/8.3.1/../../../../arm-none-eabi/lib/thumb/v7-m/nofp\libg.a(lib_a-fclose.o)
                0x00004b5c                _fclose_r
 .text.__fputwc
                0x00004c2c       0xa0 c:/gmd/toolchain/arm_toolchain/bin/../lib/gcc/arm-none-eabi/8.3.1/../../../../arm-none-eabi/lib/thumb/v7-m/nofp\libg.a(lib_a-fputwc.o)
                0x00004c2c                __fputwc
 .text._fputwc_r
                0x00004ccc       0x64 c:/gmd/toolchain/arm_toolchain/bin/../lib/gcc/arm-none-eabi/8.3.1/../../../../arm-none-eabi/lib/thumb/v7-m/nofp\libg.a(lib_a-fputwc.o)
                0x00004ccc                _fputwc_r
 .text._fstat_r
                0x00004d30       0x28 c:/gmd/toolchain/arm_toolchain/bin/../lib/gcc/arm-none-eabi/8.3.1/../../../../arm-none-eabi/lib/thumb/v7-m/nofp\libg.a(lib_a-fstatr.o)
                0x00004d30                _fstat_r
 .text.__sfvwrite_r
                0x00004d58      0x300 c:/gmd/toolchain/arm_toolchain/bin/../lib/gcc/arm-none-eabi/8.3.1/../../../../arm-none-eabi/lib/thumb/v7-m/nofp\libg.a(lib_a-fvwrite.o)
                0x00004d58                __sfvwrite_r
 .text._isatty_r
                0x00005058       0x24 c:/gmd/toolchain/arm_toolchain/bin/../lib/gcc/arm-none-eabi/8.3.1/../../../../arm-none-eabi/lib/thumb/v7-m/nofp\libg.a(lib_a-isattyr.o)
                0x00005058                _isatty_r
 .text.__locale_mb_cur_max
                0x0000507c        0xc c:/gmd/toolchain/arm_toolchain/bin/../lib/gcc/arm-none-eabi/8.3.1/../../../../arm-none-eabi/lib/thumb/v7-m/nofp\libg.a(lib_a-locale.o)
                0x0000507c                __locale_mb_cur_max
 .text._lseek_r
                0x00005088       0x2c c:/gmd/toolchain/arm_toolchain/bin/../lib/gcc/arm-none-eabi/8.3.1/../../../../arm-none-eabi/lib/thumb/v7-m/nofp\libg.a(lib_a-lseekr.o)
                0x00005088                _lseek_r
 .text.__ascii_mbtowc
                0x000050b4       0x2c c:/gmd/toolchain/arm_toolchain/bin/../lib/gcc/arm-none-eabi/8.3.1/../../../../arm-none-eabi/lib/thumb/v7-m/nofp\libg.a(lib_a-mbtowc_r.o)
                0x000050b4                __ascii_mbtowc
 .text.memmove  0x000050e0       0xcc c:/gmd/toolchain/arm_toolchain/bin/../lib/gcc/arm-none-eabi/8.3.1/../../../../arm-none-eabi/lib/thumb/v7-m/nofp\libg.a(lib_a-memmove.o)
                0x000050e0                memmove
 .text._read_r  0x000051ac       0x2c c:/gmd/toolchain/arm_toolchain/bin/../lib/gcc/arm-none-eabi/8.3.1/../../../../arm-none-eabi/lib/thumb/v7-m/nofp\libg.a(lib_a-readr.o)
                0x000051ac                _read_r
 .text._realloc_r
                0x000051d8      0x37c c:/gmd/toolchain/arm_toolchain/bin/../lib/gcc/arm-none-eabi/8.3.1/../../../../arm-none-eabi/lib/thumb/v7-m/nofp\libg.a(lib_a-reallocr.o)
                0x000051d8                _realloc_r
 .text.__swbuf_r
                0x00005554       0xb0 c:/gmd/toolchain/arm_toolchain/bin/../lib/gcc/arm-none-eabi/8.3.1/../../../../arm-none-eabi/lib/thumb/v7-m/nofp\libg.a(lib_a-wbuf.o)
                0x00005554                __swbuf_r
 .text._wcrtomb_r
                0x00005604       0x34 c:/gmd/toolchain/arm_toolchain/bin/../lib/gcc/arm-none-eabi/8.3.1/../../../../arm-none-eabi/lib/thumb/v7-m/nofp\libg.a(lib_a-wcrtomb.o)
                0x00005604                _wcrtomb_r
 .text.__ascii_wctomb
                0x00005638       0x1c c:/gmd/toolchain/arm_toolchain/bin/../lib/gcc/arm-none-eabi/8.3.1/../../../../arm-none-eabi/lib/thumb/v7-m/nofp\libg.a(lib_a-wctomb_r.o)
                0x00005638                __ascii_wctomb
 .text          0x00005654      0x378 c:/gmd/toolchain/arm_toolchain/bin/../lib/gcc/arm-none-eabi/8.3.1/thumb/v7-m/nofp\libgcc.a(_arm_addsubdf3.o)
                0x00005654                __aeabi_drsub
                0x0000565c                __aeabi_dsub
                0x0000565c                __subdf3
                0x00005660                __aeabi_dadd
                0x00005660                __adddf3
                0x000058d8                __floatunsidf
                0x000058d8                __aeabi_ui2d
                0x000058f8                __floatsidf
                0x000058f8                __aeabi_i2d
                0x0000591c                __aeabi_f2d
                0x0000591c                __extendsfdf2
                0x00005960                __floatundidf
                0x00005960                __aeabi_ul2d
                0x00005970                __floatdidf
                0x00005970                __aeabi_l2d
 .text          0x000059cc      0x424 c:/gmd/toolchain/arm_toolchain/bin/../lib/gcc/arm-none-eabi/8.3.1/thumb/v7-m/nofp\libgcc.a(_arm_muldivdf3.o)
                0x000059cc                __aeabi_dmul
                0x000059cc                __muldf3
                0x00005c20                __divdf3
                0x00005c20                __aeabi_ddiv
 .text          0x00005df0      0x110 c:/gmd/toolchain/arm_toolchain/bin/../lib/gcc/arm-none-eabi/8.3.1/thumb/v7-m/nofp\libgcc.a(_arm_cmpdf2.o)
                0x00005df0                __gtdf2
                0x00005df0                __gedf2
                0x00005df8                __ltdf2
                0x00005df8                __ledf2
                0x00005e00                __nedf2
                0x00005e00                __eqdf2
                0x00005e00                __cmpdf2
                0x00005e7c                __aeabi_cdrcmple
                0x00005e8c                __aeabi_cdcmpeq
                0x00005e8c                __aeabi_cdcmple
                0x00005e9c                __aeabi_dcmpeq
                0x00005eb0                __aeabi_dcmplt
                0x00005ec4                __aeabi_dcmple
                0x00005ed8                __aeabi_dcmpge
                0x00005eec                __aeabi_dcmpgt
 .text          0x00005f00       0x2c c:/gmd/toolchain/arm_toolchain/bin/../lib/gcc/arm-none-eabi/8.3.1/thumb/v7-m/nofp\libgcc.a(_arm_unorddf2.o)
                0x00005f00                __unorddf2
                0x00005f00                __aeabi_dcmpun
 .text          0x00005f2c       0x50 c:/gmd/toolchain/arm_toolchain/bin/../lib/gcc/arm-none-eabi/8.3.1/thumb/v7-m/nofp\libgcc.a(_arm_fixdfsi.o)
                0x00005f2c                __aeabi_d2iz
                0x00005f2c                __fixdfsi
 .text          0x00005f7c       0x30 c:/gmd/toolchain/arm_toolchain/bin/../lib/gcc/arm-none-eabi/8.3.1/thumb/v7-m/nofp\libgcc.a(_aeabi_uldivmod.o)
                0x00005f7c                __aeabi_uldivmod
 .text          0x00005fac      0x2d0 c:/gmd/toolchain/arm_toolchain/bin/../lib/gcc/arm-none-eabi/8.3.1/thumb/v7-m/nofp\libgcc.a(_udivmoddi4.o)
                0x00005fac                __udivmoddi4
 .text          0x0000627c        0x4 c:/gmd/toolchain/arm_toolchain/bin/../lib/gcc/arm-none-eabi/8.3.1/thumb/v7-m/nofp\libgcc.a(_dvmd_tls.o)
                0x0000627c                __aeabi_idiv0
                0x0000627c                __aeabi_ldiv0
 .text._close   0x00006280       0x10 c:/gmd/toolchain/arm_toolchain/bin/../lib/gcc/arm-none-eabi/8.3.1/../../../../arm-none-eabi/lib/thumb/v7-m/nofp\libnosys.a(close.o)
                0x00006280                _close
 .text._fstat   0x00006290       0x10 c:/gmd/toolchain/arm_toolchain/bin/../lib/gcc/arm-none-eabi/8.3.1/../../../../arm-none-eabi/lib/thumb/v7-m/nofp\libnosys.a(fstat.o)
                0x00006290                _fstat
 .text._isatty  0x000062a0       0x10 c:/gmd/toolchain/arm_toolchain/bin/../lib/gcc/arm-none-eabi/8.3.1/../../../../arm-none-eabi/lib/thumb/v7-m/nofp\libnosys.a(isatty.o)
                0x000062a0                _isatty
 .text._lseek   0x000062b0       0x10 c:/gmd/toolchain/arm_toolchain/bin/../lib/gcc/arm-none-eabi/8.3.1/../../../../arm-none-eabi/lib/thumb/v7-m/nofp\libnosys.a(lseek.o)
                0x000062b0                _lseek
 .text._read    0x000062c0       0x10 c:/gmd/toolchain/arm_toolchain/bin/../lib/gcc/arm-none-eabi/8.3.1/../../../../arm-none-eabi/lib/thumb/v7-m/nofp\libnosys.a(read.o)
                0x000062c0                _read
 .text._sbrk    0x000062d0       0x1c c:/gmd/toolchain/arm_toolchain/bin/../lib/gcc/arm-none-eabi/8.3.1/../../../../arm-none-eabi/lib/thumb/v7-m/nofp\libnosys.a(sbrk.o)
                0x000062d0                _sbrk
 .text._exit    0x000062ec        0x4 c:/gmd/toolchain/arm_toolchain/bin/../lib/gcc/arm-none-eabi/8.3.1/../../../../arm-none-eabi/lib/thumb/v7-m/nofp\libnosys.a(_exit.o)
                0x000062ec                _exit
 *(.init)
 .init          0x000062f0        0x4 c:/gmd/toolchain/arm_toolchain/bin/../lib/gcc/arm-none-eabi/8.3.1/thumb/v7-m/nofp/crti.o
                0x000062f0                _init
 *(.fini)
 .fini          0x000062f4        0x4 c:/gmd/toolchain/arm_toolchain/bin/../lib/gcc/arm-none-eabi/8.3.1/thumb/v7-m/nofp/crti.o
                0x000062f4                _fini
 *crtbegin.o(.ctors)
 *crtbegin?.o(.ctors)
 *(EXCLUDE_FILE(*crtend.o *crtend?.o) .ctors)
 *(SORT_BY_NAME(.ctors.*))
 *(.ctors)
 *crtbegin.o(.dtors)
 *crtbegin?.o(.dtors)
 *(EXCLUDE_FILE(*crtend.o *crtend?.o) .dtors)
 *(SORT_BY_NAME(.dtors.*))
 *(.dtors)
 *(.rodata*)
 .rodata        0x000062f8       0x43 ./template/main.o
 *fill*         0x0000633b        0x1 
 .rodata._global_impure_ptr
                0x0000633c        0x4 c:/gmd/toolchain/arm_toolchain/bin/../lib/gcc/arm-none-eabi/8.3.1/../../../../arm-none-eabi/lib/thumb/v7-m/nofp\libg.a(lib_a-impure.o)
                0x0000633c                _global_impure_ptr
 .rodata._vfprintf_r.str1.4
                0x00006340       0x42 c:/gmd/toolchain/arm_toolchain/bin/../lib/gcc/arm-none-eabi/8.3.1/../../../../arm-none-eabi/lib/thumb/v7-m/nofp\libg.a(lib_a-vfprintf.o)
 *fill*         0x00006382        0x2 
 .rodata.blanks.7370
                0x00006384       0x10 c:/gmd/toolchain/arm_toolchain/bin/../lib/gcc/arm-none-eabi/8.3.1/../../../../arm-none-eabi/lib/thumb/v7-m/nofp\libg.a(lib_a-vfprintf.o)
 .rodata.zeroes.7371
                0x00006394       0x10 c:/gmd/toolchain/arm_toolchain/bin/../lib/gcc/arm-none-eabi/8.3.1/../../../../arm-none-eabi/lib/thumb/v7-m/nofp\libg.a(lib_a-vfprintf.o)
 .rodata._dtoa_r.str1.4
                0x000063a4        0xd c:/gmd/toolchain/arm_toolchain/bin/../lib/gcc/arm-none-eabi/8.3.1/../../../../arm-none-eabi/lib/thumb/v7-m/nofp\libg.a(lib_a-dtoa.o)
                                 0x12 (size before relaxing)
 *fill*         0x000063b1        0x7 
 .rodata.__mprec_bigtens
                0x000063b8       0x28 c:/gmd/toolchain/arm_toolchain/bin/../lib/gcc/arm-none-eabi/8.3.1/../../../../arm-none-eabi/lib/thumb/v7-m/nofp\libg.a(lib_a-mprec.o)
                0x000063b8                __mprec_bigtens
 .rodata.__mprec_tens
                0x000063e0       0xc8 c:/gmd/toolchain/arm_toolchain/bin/../lib/gcc/arm-none-eabi/8.3.1/../../../../arm-none-eabi/lib/thumb/v7-m/nofp\libg.a(lib_a-mprec.o)
                0x000063e0                __mprec_tens
 .rodata.p05.6125
                0x000064a8        0xc c:/gmd/toolchain/arm_toolchain/bin/../lib/gcc/arm-none-eabi/8.3.1/../../../../arm-none-eabi/lib/thumb/v7-m/nofp\libg.a(lib_a-mprec.o)
 .rodata._setlocale_r.str1.4
                0x000064b4        0xa c:/gmd/toolchain/arm_toolchain/bin/../lib/gcc/arm-none-eabi/8.3.1/../../../../arm-none-eabi/lib/thumb/v7-m/nofp\libg.a(lib_a-locale.o)
                                  0xd (size before relaxing)
 *fill*         0x000064be        0x2 
 .rodata.str1.4
                0x000064c0        0x4 c:/gmd/toolchain/arm_toolchain/bin/../lib/gcc/arm-none-eabi/8.3.1/../../../../arm-none-eabi/lib/thumb/v7-m/nofp\libg.a(lib_a-locale.o)
                                  0x2 (size before relaxing)
 .rodata._ctype_
                0x000064c4      0x101 c:/gmd/toolchain/arm_toolchain/bin/../lib/gcc/arm-none-eabi/8.3.1/../../../../arm-none-eabi/lib/thumb/v7-m/nofp\libg.a(lib_a-ctype_.o)
                0x000064c4                _ctype_
 *(.eh_frame*)

.glue_7         0x000065c8        0x0
 .glue_7        0x000065c8        0x0 linker stubs

.glue_7t        0x000065c8        0x0
 .glue_7t       0x000065c8        0x0 linker stubs

.vfp11_veneer   0x000065c8        0x0
 .vfp11_veneer  0x000065c8        0x0 linker stubs

.v4_bx          0x000065c8        0x0
 .v4_bx         0x000065c8        0x0 linker stubs

.iplt           0x000065c8        0x0
 .iplt          0x000065c8        0x0 ./template/gw1ns4c_it.o

.ARM.extab
 *(.ARM.extab* .gnu.linkonce.armextab.*)
                0x000065c5                __exidx_start = .

.ARM.exidx      0x000065c8        0x8
 *(.ARM.exidx* .gnu.linkonce.armexidx.*)
 .ARM.exidx     0x000065c8        0x8 c:/gmd/toolchain/arm_toolchain/bin/../lib/gcc/arm-none-eabi/8.3.1/thumb/v7-m/nofp\libgcc.a(_udivmoddi4.o)
                0x000065d0                __exidx_end = .
                0x000065d0                __etext = .

.rel.dyn        0x000065d0        0x0
 .rel.iplt      0x000065d0        0x0 ./template/gw1ns4c_it.o

.data           0x20000000      0x9c0 load address 0x000065d0
                0x20000000                __data_start__ = .
 *(vtable)
 *(.data*)
 .data.SystemCoreClock
                0x20000000        0x4 ./lib/CMSIS/DeviceSupport/system/system_gw1ns4c.o
                0x20000000                SystemCoreClock
 .data.PCLK1    0x20000004        0x4 ./lib/CMSIS/DeviceSupport/system/system_gw1ns4c.o
                0x20000004                PCLK1
 .data.PCLK2    0x20000008        0x4 ./lib/CMSIS/DeviceSupport/system/system_gw1ns4c.o
                0x20000008                PCLK2
 .data.HCLK     0x2000000c        0x4 ./lib/CMSIS/DeviceSupport/system/system_gw1ns4c.o
                0x2000000c                HCLK
 .data._impure_ptr
                0x20000010        0x4 c:/gmd/toolchain/arm_toolchain/bin/../lib/gcc/arm-none-eabi/8.3.1/../../../../arm-none-eabi/lib/thumb/v7-m/nofp\libg.a(lib_a-impure.o)
                0x20000010                _impure_ptr
 *fill*         0x20000014        0x4 
 .data.impure_data
                0x20000018      0x428 c:/gmd/toolchain/arm_toolchain/bin/../lib/gcc/arm-none-eabi/8.3.1/../../../../arm-none-eabi/lib/thumb/v7-m/nofp\libg.a(lib_a-impure.o)
 .data.__atexit_recursive_mutex
                0x20000440        0x4 c:/gmd/toolchain/arm_toolchain/bin/../lib/gcc/arm-none-eabi/8.3.1/../../../../arm-none-eabi/lib/thumb/v7-m/nofp\libg.a(lib_a-__call_atexit.o)
                0x20000440                __atexit_recursive_mutex
 .data.__malloc_av_
                0x20000444      0x408 c:/gmd/toolchain/arm_toolchain/bin/../lib/gcc/arm-none-eabi/8.3.1/../../../../arm-none-eabi/lib/thumb/v7-m/nofp\libg.a(lib_a-mallocr.o)
                0x20000444                __malloc_av_
 .data.__malloc_sbrk_base
                0x2000084c        0x4 c:/gmd/toolchain/arm_toolchain/bin/../lib/gcc/arm-none-eabi/8.3.1/../../../../arm-none-eabi/lib/thumb/v7-m/nofp\libg.a(lib_a-mallocr.o)
                0x2000084c                __malloc_sbrk_base
 .data.__malloc_trim_threshold
                0x20000850        0x4 c:/gmd/toolchain/arm_toolchain/bin/../lib/gcc/arm-none-eabi/8.3.1/../../../../arm-none-eabi/lib/thumb/v7-m/nofp\libg.a(lib_a-mallocr.o)
                0x20000850                __malloc_trim_threshold
 .data.__global_locale
                0x20000854      0x16c c:/gmd/toolchain/arm_toolchain/bin/../lib/gcc/arm-none-eabi/8.3.1/../../../../arm-none-eabi/lib/thumb/v7-m/nofp\libg.a(lib_a-locale.o)
                0x20000854                __global_locale
                0x200009c0                . = ALIGN (0x4)
                0x200009c0                PROVIDE (__preinit_array_start = .)
 *(.preinit_array)
                0x200009c0                PROVIDE (__preinit_array_end = .)
                0x200009c0                . = ALIGN (0x4)
                0x200009c0                PROVIDE (__init_array_start = .)
 *(SORT_BY_NAME(.init_array.*))
 *(.init_array)
                0x200009c0                PROVIDE (__init_array_end = .)
                0x200009c0                . = ALIGN (0x4)
                0x200009c0                PROVIDE (__fini_array_start = .)
 *(SORT_BY_NAME(.fini_array.*))
 *(.fini_array)
                0x200009c0                PROVIDE (__fini_array_end = .)
                0x200009c0                . = ALIGN (0x4)
                0x200009c0                __data_end__ = .

.igot.plt       0x200009c0        0x0 load address 0x00006f90
 .igot.plt      0x200009c0        0x0 ./template/gw1ns4c_it.o

.bss            0x200009c0       0x60 load address 0x00006f90
                0x200009c0                . = ALIGN (0x4)
                0x200009c0                __bss_start__ = .
 *(.bss*)
 .bss.__malloc_current_mallinfo
                0x200009c0       0x28 c:/gmd/toolchain/arm_toolchain/bin/../lib/gcc/arm-none-eabi/8.3.1/../../../../arm-none-eabi/lib/thumb/v7-m/nofp\libg.a(lib_a-mallocr.o)
                0x200009c0                __malloc_current_mallinfo
 .bss.__malloc_max_sbrked_mem
                0x200009e8        0x4 c:/gmd/toolchain/arm_toolchain/bin/../lib/gcc/arm-none-eabi/8.3.1/../../../../arm-none-eabi/lib/thumb/v7-m/nofp\libg.a(lib_a-mallocr.o)
                0x200009e8                __malloc_max_sbrked_mem
 .bss.__malloc_max_total_mem
                0x200009ec        0x4 c:/gmd/toolchain/arm_toolchain/bin/../lib/gcc/arm-none-eabi/8.3.1/../../../../arm-none-eabi/lib/thumb/v7-m/nofp\libg.a(lib_a-mallocr.o)
                0x200009ec                __malloc_max_total_mem
 .bss.__malloc_top_pad
                0x200009f0        0x4 c:/gmd/toolchain/arm_toolchain/bin/../lib/gcc/arm-none-eabi/8.3.1/../../../../arm-none-eabi/lib/thumb/v7-m/nofp\libg.a(lib_a-mallocr.o)
                0x200009f0                __malloc_top_pad
 .bss.heap_end.4194
                0x200009f4        0x4 c:/gmd/toolchain/arm_toolchain/bin/../lib/gcc/arm-none-eabi/8.3.1/../../../../arm-none-eabi/lib/thumb/v7-m/nofp\libnosys.a(sbrk.o)
 *(COMMON)
 COMMON         0x200009f8       0x21 c:/gmd/toolchain/arm_toolchain/bin/../lib/gcc/arm-none-eabi/8.3.1/../../../../arm-none-eabi/lib/thumb/v7-m/nofp\libg.a(lib_a-lock.o)
                0x200009f8                __lock___atexit_recursive_mutex
                0x200009fc                __lock___arc4random_mutex
                0x20000a00                __lock___env_recursive_mutex
                0x20000a04                __lock___sinit_recursive_mutex
                0x20000a08                __lock___malloc_recursive_mutex
                0x20000a0c                __lock___at_quick_exit_mutex
                0x20000a10                __lock___dd_hash_mutex
                0x20000a14                __lock___tz_mutex
                0x20000a18                __lock___sfp_recursive_mutex
 *fill*         0x20000a19        0x3 
 COMMON         0x20000a1c        0x4 c:/gmd/toolchain/arm_toolchain/bin/../lib/gcc/arm-none-eabi/8.3.1/../../../../arm-none-eabi/lib/thumb/v7-m/nofp\libg.a(lib_a-reent.o)
                0x20000a1c                errno
                0x20000a20                . = ALIGN (0x4)
                0x20000a20                __bss_end__ = .

.heap           0x20000a20      0x200
                0x20000a20                __end__ = .
                0x20000a20                end = __end__
 *(.heap*)
 .heap          0x20000a20      0x200 ./lib/CMSIS/DeviceSupport/startup/gmd/startup_gw1ns4c.o
                0x20000a20                __HeapBase
                0x20000c20                __HeapLimit = .

.stack_dummy    0x20000a20      0x400
 *(.stack*)
 .stack         0x20000a20      0x400 ./lib/CMSIS/DeviceSupport/startup/gmd/startup_gw1ns4c.o
                0x20002000                __StackTop = (ORIGIN (RAM) + LENGTH (RAM))
                0x20001c00                __StackLimit = (__StackTop - SIZEOF (.stack_dummy))
                0x20002000                PROVIDE (__stack = __StackTop)
                0x00000001                ASSERT ((__StackLimit >= __HeapLimit), region RAM overflowed with stack)
OUTPUT(test1.elf elf32-littlearm)

.ARM.attributes
                0x00000000       0x29
 .ARM.attributes
                0x00000000       0x1d c:/gmd/toolchain/arm_toolchain/bin/../lib/gcc/arm-none-eabi/8.3.1/thumb/v7-m/nofp/crti.o
 .ARM.attributes
                0x0000001d       0x2d ./template/gw1ns4c_it.o
 .ARM.attributes
                0x0000004a       0x2d ./template/main.o
 .ARM.attributes
                0x00000077       0x2d ./template/retarget.o
 .ARM.attributes
                0x000000a4       0x2d ./lib/StdPeriph_Driver/Sources/gw1ns4c_gpio.o
 .ARM.attributes
                0x000000d1       0x2d ./lib/StdPeriph_Driver/Sources/gw1ns4c_timer.o
 .ARM.attributes
                0x000000fe       0x2d ./lib/StdPeriph_Driver/Sources/gw1ns4c_uart.o
 .ARM.attributes
                0x0000012b       0x2d ./lib/CMSIS/DeviceSupport/system/system_gw1ns4c.o
 .ARM.attributes
                0x00000158       0x1b ./lib/CMSIS/DeviceSupport/startup/gmd/startup_gw1ns4c.o
 .ARM.attributes
                0x00000173       0x2d c:/gmd/toolchain/arm_toolchain/bin/../lib/gcc/arm-none-eabi/8.3.1/../../../../arm-none-eabi/lib/thumb/v7-m/nofp\libg.a(lib_a-exit.o)
 .ARM.attributes
                0x000001a0       0x2d c:/gmd/toolchain/arm_toolchain/bin/../lib/gcc/arm-none-eabi/8.3.1/../../../../arm-none-eabi/lib/thumb/v7-m/nofp\libg.a(lib_a-impure.o)
 .ARM.attributes
                0x000001cd       0x2d c:/gmd/toolchain/arm_toolchain/bin/../lib/gcc/arm-none-eabi/8.3.1/../../../../arm-none-eabi/lib/thumb/v7-m/nofp\libg.a(lib_a-memset.o)
 .ARM.attributes
                0x000001fa       0x2d c:/gmd/toolchain/arm_toolchain/bin/../lib/gcc/arm-none-eabi/8.3.1/../../../../arm-none-eabi/lib/thumb/v7-m/nofp\libg.a(lib_a-printf.o)
 .ARM.attributes
                0x00000227       0x2d c:/gmd/toolchain/arm_toolchain/bin/../lib/gcc/arm-none-eabi/8.3.1/../../../../arm-none-eabi/lib/thumb/v7-m/nofp\libg.a(lib_a-vfprintf.o)
 .ARM.attributes
                0x00000254       0x2d c:/gmd/toolchain/arm_toolchain/bin/../lib/gcc/arm-none-eabi/8.3.1/../../../../arm-none-eabi/lib/thumb/v7-m/nofp\libg.a(lib_a-wsetup.o)
 .ARM.attributes
                0x00000281       0x2d c:/gmd/toolchain/arm_toolchain/bin/../lib/gcc/arm-none-eabi/8.3.1/../../../../arm-none-eabi/lib/thumb/v7-m/nofp\libg.a(lib_a-__call_atexit.o)
 .ARM.attributes
                0x000002ae       0x2d c:/gmd/toolchain/arm_toolchain/bin/../lib/gcc/arm-none-eabi/8.3.1/../../../../arm-none-eabi/lib/thumb/v7-m/nofp\libg.a(lib_a-dtoa.o)
 .ARM.attributes
                0x000002db       0x2d c:/gmd/toolchain/arm_toolchain/bin/../lib/gcc/arm-none-eabi/8.3.1/../../../../arm-none-eabi/lib/thumb/v7-m/nofp\libg.a(lib_a-fflush.o)
 .ARM.attributes
                0x00000308       0x2d c:/gmd/toolchain/arm_toolchain/bin/../lib/gcc/arm-none-eabi/8.3.1/../../../../arm-none-eabi/lib/thumb/v7-m/nofp\libg.a(lib_a-findfp.o)
 .ARM.attributes
                0x00000335       0x2d c:/gmd/toolchain/arm_toolchain/bin/../lib/gcc/arm-none-eabi/8.3.1/../../../../arm-none-eabi/lib/thumb/v7-m/nofp\libg.a(lib_a-freer.o)
 .ARM.attributes
                0x00000362       0x2d c:/gmd/toolchain/arm_toolchain/bin/../lib/gcc/arm-none-eabi/8.3.1/../../../../arm-none-eabi/lib/thumb/v7-m/nofp\libg.a(lib_a-fwalk.o)
 .ARM.attributes
                0x0000038f       0x2d c:/gmd/toolchain/arm_toolchain/bin/../lib/gcc/arm-none-eabi/8.3.1/../../../../arm-none-eabi/lib/thumb/v7-m/nofp\libg.a(lib_a-localeconv.o)
 .ARM.attributes
                0x000003bc       0x2d c:/gmd/toolchain/arm_toolchain/bin/../lib/gcc/arm-none-eabi/8.3.1/../../../../arm-none-eabi/lib/thumb/v7-m/nofp\libg.a(lib_a-lock.o)
 .ARM.attributes
                0x000003e9       0x2d c:/gmd/toolchain/arm_toolchain/bin/../lib/gcc/arm-none-eabi/8.3.1/../../../../arm-none-eabi/lib/thumb/v7-m/nofp\libg.a(lib_a-makebuf.o)
 .ARM.attributes
                0x00000416       0x2d c:/gmd/toolchain/arm_toolchain/bin/../lib/gcc/arm-none-eabi/8.3.1/../../../../arm-none-eabi/lib/thumb/v7-m/nofp\libg.a(lib_a-mallocr.o)
 .ARM.attributes
                0x00000443       0x2d c:/gmd/toolchain/arm_toolchain/bin/../lib/gcc/arm-none-eabi/8.3.1/../../../../arm-none-eabi/lib/thumb/v7-m/nofp\libg.a(lib_a-memchr-stub.o)
 .ARM.attributes
                0x00000470       0x1b c:/gmd/toolchain/arm_toolchain/bin/../lib/gcc/arm-none-eabi/8.3.1/../../../../arm-none-eabi/lib/thumb/v7-m/nofp\libg.a(lib_a-memcpy.o)
 .ARM.attributes
                0x0000048b       0x2d c:/gmd/toolchain/arm_toolchain/bin/../lib/gcc/arm-none-eabi/8.3.1/../../../../arm-none-eabi/lib/thumb/v7-m/nofp\libg.a(lib_a-mlock.o)
 .ARM.attributes
                0x000004b8       0x2d c:/gmd/toolchain/arm_toolchain/bin/../lib/gcc/arm-none-eabi/8.3.1/../../../../arm-none-eabi/lib/thumb/v7-m/nofp\libg.a(lib_a-mprec.o)
 .ARM.attributes
                0x000004e5       0x2d c:/gmd/toolchain/arm_toolchain/bin/../lib/gcc/arm-none-eabi/8.3.1/../../../../arm-none-eabi/lib/thumb/v7-m/nofp\libg.a(lib_a-s_frexp.o)
 .ARM.attributes
                0x00000512       0x2d c:/gmd/toolchain/arm_toolchain/bin/../lib/gcc/arm-none-eabi/8.3.1/../../../../arm-none-eabi/lib/thumb/v7-m/nofp\libg.a(lib_a-sbrkr.o)
 .ARM.attributes
                0x0000053f       0x2d c:/gmd/toolchain/arm_toolchain/bin/../lib/gcc/arm-none-eabi/8.3.1/../../../../arm-none-eabi/lib/thumb/v7-m/nofp\libg.a(lib_a-stdio.o)
 .ARM.attributes
                0x0000056c       0x2d c:/gmd/toolchain/arm_toolchain/bin/../lib/gcc/arm-none-eabi/8.3.1/../../../../arm-none-eabi/lib/thumb/v7-m/nofp\libg.a(lib_a-strlen-stub.o)
 .ARM.attributes
                0x00000599       0x2d c:/gmd/toolchain/arm_toolchain/bin/../lib/gcc/arm-none-eabi/8.3.1/../../../../arm-none-eabi/lib/thumb/v7-m/nofp\libg.a(lib_a-strncpy.o)
 .ARM.attributes
                0x000005c6       0x2d c:/gmd/toolchain/arm_toolchain/bin/../lib/gcc/arm-none-eabi/8.3.1/../../../../arm-none-eabi/lib/thumb/v7-m/nofp\libg.a(lib_a-vfiprintf.o)
 .ARM.attributes
                0x000005f3       0x2d c:/gmd/toolchain/arm_toolchain/bin/../lib/gcc/arm-none-eabi/8.3.1/../../../../arm-none-eabi/lib/thumb/v7-m/nofp\libg.a(lib_a-writer.o)
 .ARM.attributes
                0x00000620       0x2d c:/gmd/toolchain/arm_toolchain/bin/../lib/gcc/arm-none-eabi/8.3.1/../../../../arm-none-eabi/lib/thumb/v7-m/nofp\libg.a(lib_a-callocr.o)
 .ARM.attributes
                0x0000064d       0x2d c:/gmd/toolchain/arm_toolchain/bin/../lib/gcc/arm-none-eabi/8.3.1/../../../../arm-none-eabi/lib/thumb/v7-m/nofp\libg.a(lib_a-closer.o)
 .ARM.attributes
                0x0000067a       0x2d c:/gmd/toolchain/arm_toolchain/bin/../lib/gcc/arm-none-eabi/8.3.1/../../../../arm-none-eabi/lib/thumb/v7-m/nofp\libg.a(lib_a-fclose.o)
 .ARM.attributes
                0x000006a7       0x2d c:/gmd/toolchain/arm_toolchain/bin/../lib/gcc/arm-none-eabi/8.3.1/../../../../arm-none-eabi/lib/thumb/v7-m/nofp\libg.a(lib_a-fputwc.o)
 .ARM.attributes
                0x000006d4       0x2d c:/gmd/toolchain/arm_toolchain/bin/../lib/gcc/arm-none-eabi/8.3.1/../../../../arm-none-eabi/lib/thumb/v7-m/nofp\libg.a(lib_a-fstatr.o)
 .ARM.attributes
                0x00000701       0x2d c:/gmd/toolchain/arm_toolchain/bin/../lib/gcc/arm-none-eabi/8.3.1/../../../../arm-none-eabi/lib/thumb/v7-m/nofp\libg.a(lib_a-fvwrite.o)
 .ARM.attributes
                0x0000072e       0x2d c:/gmd/toolchain/arm_toolchain/bin/../lib/gcc/arm-none-eabi/8.3.1/../../../../arm-none-eabi/lib/thumb/v7-m/nofp\libg.a(lib_a-isattyr.o)
 .ARM.attributes
                0x0000075b       0x2d c:/gmd/toolchain/arm_toolchain/bin/../lib/gcc/arm-none-eabi/8.3.1/../../../../arm-none-eabi/lib/thumb/v7-m/nofp\libg.a(lib_a-locale.o)
 .ARM.attributes
                0x00000788       0x2d c:/gmd/toolchain/arm_toolchain/bin/../lib/gcc/arm-none-eabi/8.3.1/../../../../arm-none-eabi/lib/thumb/v7-m/nofp\libg.a(lib_a-lseekr.o)
 .ARM.attributes
                0x000007b5       0x2d c:/gmd/toolchain/arm_toolchain/bin/../lib/gcc/arm-none-eabi/8.3.1/../../../../arm-none-eabi/lib/thumb/v7-m/nofp\libg.a(lib_a-mbtowc_r.o)
 .ARM.attributes
                0x000007e2       0x2d c:/gmd/toolchain/arm_toolchain/bin/../lib/gcc/arm-none-eabi/8.3.1/../../../../arm-none-eabi/lib/thumb/v7-m/nofp\libg.a(lib_a-memmove.o)
 .ARM.attributes
                0x0000080f       0x2d c:/gmd/toolchain/arm_toolchain/bin/../lib/gcc/arm-none-eabi/8.3.1/../../../../arm-none-eabi/lib/thumb/v7-m/nofp\libg.a(lib_a-readr.o)
 .ARM.attributes
                0x0000083c       0x2d c:/gmd/toolchain/arm_toolchain/bin/../lib/gcc/arm-none-eabi/8.3.1/../../../../arm-none-eabi/lib/thumb/v7-m/nofp\libg.a(lib_a-reallocr.o)
 .ARM.attributes
                0x00000869       0x2d c:/gmd/toolchain/arm_toolchain/bin/../lib/gcc/arm-none-eabi/8.3.1/../../../../arm-none-eabi/lib/thumb/v7-m/nofp\libg.a(lib_a-reent.o)
 .ARM.attributes
                0x00000896       0x2d c:/gmd/toolchain/arm_toolchain/bin/../lib/gcc/arm-none-eabi/8.3.1/../../../../arm-none-eabi/lib/thumb/v7-m/nofp\libg.a(lib_a-wbuf.o)
 .ARM.attributes
                0x000008c3       0x2d c:/gmd/toolchain/arm_toolchain/bin/../lib/gcc/arm-none-eabi/8.3.1/../../../../arm-none-eabi/lib/thumb/v7-m/nofp\libg.a(lib_a-wcrtomb.o)
 .ARM.attributes
                0x000008f0       0x2d c:/gmd/toolchain/arm_toolchain/bin/../lib/gcc/arm-none-eabi/8.3.1/../../../../arm-none-eabi/lib/thumb/v7-m/nofp\libg.a(lib_a-wctomb_r.o)
 .ARM.attributes
                0x0000091d       0x2d c:/gmd/toolchain/arm_toolchain/bin/../lib/gcc/arm-none-eabi/8.3.1/../../../../arm-none-eabi/lib/thumb/v7-m/nofp\libg.a(lib_a-ctype_.o)
 .ARM.attributes
                0x0000094a       0x1d c:/gmd/toolchain/arm_toolchain/bin/../lib/gcc/arm-none-eabi/8.3.1/thumb/v7-m/nofp\libgcc.a(_arm_addsubdf3.o)
 .ARM.attributes
                0x00000967       0x1d c:/gmd/toolchain/arm_toolchain/bin/../lib/gcc/arm-none-eabi/8.3.1/thumb/v7-m/nofp\libgcc.a(_arm_muldivdf3.o)
 .ARM.attributes
                0x00000984       0x1d c:/gmd/toolchain/arm_toolchain/bin/../lib/gcc/arm-none-eabi/8.3.1/thumb/v7-m/nofp\libgcc.a(_arm_cmpdf2.o)
 .ARM.attributes
                0x000009a1       0x1d c:/gmd/toolchain/arm_toolchain/bin/../lib/gcc/arm-none-eabi/8.3.1/thumb/v7-m/nofp\libgcc.a(_arm_unorddf2.o)
 .ARM.attributes
                0x000009be       0x1d c:/gmd/toolchain/arm_toolchain/bin/../lib/gcc/arm-none-eabi/8.3.1/thumb/v7-m/nofp\libgcc.a(_arm_fixdfsi.o)
 .ARM.attributes
                0x000009db       0x1d c:/gmd/toolchain/arm_toolchain/bin/../lib/gcc/arm-none-eabi/8.3.1/thumb/v7-m/nofp\libgcc.a(_aeabi_uldivmod.o)
 .ARM.attributes
                0x000009f8       0x2d c:/gmd/toolchain/arm_toolchain/bin/../lib/gcc/arm-none-eabi/8.3.1/thumb/v7-m/nofp\libgcc.a(_udivmoddi4.o)
 .ARM.attributes
                0x00000a25       0x1d c:/gmd/toolchain/arm_toolchain/bin/../lib/gcc/arm-none-eabi/8.3.1/thumb/v7-m/nofp\libgcc.a(_dvmd_tls.o)
 .ARM.attributes
                0x00000a42       0x2d c:/gmd/toolchain/arm_toolchain/bin/../lib/gcc/arm-none-eabi/8.3.1/../../../../arm-none-eabi/lib/thumb/v7-m/nofp\libnosys.a(close.o)
 .ARM.attributes
                0x00000a6f       0x2d c:/gmd/toolchain/arm_toolchain/bin/../lib/gcc/arm-none-eabi/8.3.1/../../../../arm-none-eabi/lib/thumb/v7-m/nofp\libnosys.a(fstat.o)
 .ARM.attributes
                0x00000a9c       0x2d c:/gmd/toolchain/arm_toolchain/bin/../lib/gcc/arm-none-eabi/8.3.1/../../../../arm-none-eabi/lib/thumb/v7-m/nofp\libnosys.a(isatty.o)
 .ARM.attributes
                0x00000ac9       0x2d c:/gmd/toolchain/arm_toolchain/bin/../lib/gcc/arm-none-eabi/8.3.1/../../../../arm-none-eabi/lib/thumb/v7-m/nofp\libnosys.a(lseek.o)
 .ARM.attributes
                0x00000af6       0x2d c:/gmd/toolchain/arm_toolchain/bin/../lib/gcc/arm-none-eabi/8.3.1/../../../../arm-none-eabi/lib/thumb/v7-m/nofp\libnosys.a(read.o)
 .ARM.attributes
                0x00000b23       0x2d c:/gmd/toolchain/arm_toolchain/bin/../lib/gcc/arm-none-eabi/8.3.1/../../../../arm-none-eabi/lib/thumb/v7-m/nofp\libnosys.a(sbrk.o)
 .ARM.attributes
                0x00000b50       0x2d c:/gmd/toolchain/arm_toolchain/bin/../lib/gcc/arm-none-eabi/8.3.1/../../../../arm-none-eabi/lib/thumb/v7-m/nofp\libnosys.a(_exit.o)

.comment        0x00000000       0x76
 .comment       0x00000000       0x76 ./template/gw1ns4c_it.o
                                 0x77 (size before relaxing)
 .comment       0x00000076       0x77 ./template/main.o
 .comment       0x00000076       0x77 ./template/retarget.o
 .comment       0x00000076       0x77 ./lib/StdPeriph_Driver/Sources/gw1ns4c_gpio.o
 .comment       0x00000076       0x77 ./lib/StdPeriph_Driver/Sources/gw1ns4c_timer.o
 .comment       0x00000076       0x77 ./lib/StdPeriph_Driver/Sources/gw1ns4c_uart.o
 .comment       0x00000076       0x77 ./lib/CMSIS/DeviceSupport/system/system_gw1ns4c.o

.debug_info     0x00000000     0x2fb6
 .debug_info    0x00000000      0x374 ./template/gw1ns4c_it.o
 .debug_info    0x00000374      0xea8 ./template/main.o
 .debug_info    0x0000121c      0xa7f ./template/retarget.o
 .debug_info    0x00001c9b      0x72f ./lib/StdPeriph_Driver/Sources/gw1ns4c_gpio.o
 .debug_info    0x000023ca      0x430 ./lib/StdPeriph_Driver/Sources/gw1ns4c_timer.o
 .debug_info    0x000027fa      0x670 ./lib/StdPeriph_Driver/Sources/gw1ns4c_uart.o
 .debug_info    0x00002e6a      0x126 ./lib/CMSIS/DeviceSupport/system/system_gw1ns4c.o
 .debug_info    0x00002f90       0x26 ./lib/CMSIS/DeviceSupport/startup/gmd/startup_gw1ns4c.o

.debug_abbrev   0x00000000      0xa79
 .debug_abbrev  0x00000000       0x9d ./template/gw1ns4c_it.o
 .debug_abbrev  0x0000009d      0x270 ./template/main.o
 .debug_abbrev  0x0000030d      0x206 ./template/retarget.o
 .debug_abbrev  0x00000513      0x1c6 ./lib/StdPeriph_Driver/Sources/gw1ns4c_gpio.o
 .debug_abbrev  0x000006d9      0x130 ./lib/StdPeriph_Driver/Sources/gw1ns4c_timer.o
 .debug_abbrev  0x00000809      0x1ca ./lib/StdPeriph_Driver/Sources/gw1ns4c_uart.o
 .debug_abbrev  0x000009d3       0x92 ./lib/CMSIS/DeviceSupport/system/system_gw1ns4c.o
 .debug_abbrev  0x00000a65       0x14 ./lib/CMSIS/DeviceSupport/startup/gmd/startup_gw1ns4c.o

.debug_aranges  0x00000000      0x3e0
 .debug_aranges
                0x00000000      0x140 ./template/gw1ns4c_it.o
 .debug_aranges
                0x00000140       0x40 ./template/main.o
 .debug_aranges
                0x00000180       0x20 ./template/retarget.o
 .debug_aranges
                0x000001a0       0xb8 ./lib/StdPeriph_Driver/Sources/gw1ns4c_gpio.o
 .debug_aranges
                0x00000258       0x80 ./lib/StdPeriph_Driver/Sources/gw1ns4c_timer.o
 .debug_aranges
                0x000002d8       0xc0 ./lib/StdPeriph_Driver/Sources/gw1ns4c_uart.o
 .debug_aranges
                0x00000398       0x28 ./lib/CMSIS/DeviceSupport/system/system_gw1ns4c.o
 .debug_aranges
                0x000003c0       0x20 ./lib/CMSIS/DeviceSupport/startup/gmd/startup_gw1ns4c.o

.debug_ranges   0x00000000      0x350
 .debug_ranges  0x00000000      0x130 ./template/gw1ns4c_it.o
 .debug_ranges  0x00000130       0x30 ./template/main.o
 .debug_ranges  0x00000160       0x10 ./template/retarget.o
 .debug_ranges  0x00000170       0xa8 ./lib/StdPeriph_Driver/Sources/gw1ns4c_gpio.o
 .debug_ranges  0x00000218       0x70 ./lib/StdPeriph_Driver/Sources/gw1ns4c_timer.o
 .debug_ranges  0x00000288       0xb0 ./lib/StdPeriph_Driver/Sources/gw1ns4c_uart.o
 .debug_ranges  0x00000338       0x18 ./lib/CMSIS/DeviceSupport/system/system_gw1ns4c.o

.debug_macro    0x00000000     0x34c0
 .debug_macro   0x00000000      0x100 ./template/gw1ns4c_it.o
 .debug_macro   0x00000100      0xa78 ./template/gw1ns4c_it.o
 .debug_macro   0x00000b78       0x22 ./template/gw1ns4c_it.o
 .debug_macro   0x00000b9a       0x22 ./template/gw1ns4c_it.o
 .debug_macro   0x00000bbc       0x22 ./template/gw1ns4c_it.o
 .debug_macro   0x00000bde       0x8e ./template/gw1ns4c_it.o
 .debug_macro   0x00000c6c       0x51 ./template/gw1ns4c_it.o
 .debug_macro   0x00000cbd      0x103 ./template/gw1ns4c_it.o
 .debug_macro   0x00000dc0       0x6a ./template/gw1ns4c_it.o
 .debug_macro   0x00000e2a      0x1df ./template/gw1ns4c_it.o
 .debug_macro   0x00001009      0x7b7 ./template/gw1ns4c_it.o
 .debug_macro   0x000017c0      0x314 ./template/gw1ns4c_it.o
 .debug_macro   0x00001ad4       0x6a ./template/gw1ns4c_it.o
 .debug_macro   0x00001b3e       0x3a ./template/gw1ns4c_it.o
 .debug_macro   0x00001b78       0x7c ./template/gw1ns4c_it.o
 .debug_macro   0x00001bf4       0x22 ./template/gw1ns4c_it.o
 .debug_macro   0x00001c16       0x94 ./template/gw1ns4c_it.o
 .debug_macro   0x00001caa       0x58 ./template/gw1ns4c_it.o
 .debug_macro   0x00001d02       0x34 ./template/gw1ns4c_it.o
 .debug_macro   0x00001d36       0x1c ./template/gw1ns4c_it.o
 .debug_macro   0x00001d52      0x251 ./template/main.o
 .debug_macro   0x00001fa3       0x5e ./template/main.o
 .debug_macro   0x00002001       0x18 ./template/main.o
 .debug_macro   0x00002019       0x35 ./template/main.o
 .debug_macro   0x0000204e       0x34 ./template/main.o
 .debug_macro   0x00002082       0x16 ./template/main.o
 .debug_macro   0x00002098       0x97 ./template/main.o
 .debug_macro   0x0000212f      0x339 ./template/main.o
 .debug_macro   0x00002468       0xfd ./template/main.o
 .debug_macro   0x00002565       0x10 ./template/main.o
 .debug_macro   0x00002575       0x16 ./template/main.o
 .debug_macro   0x0000258b       0x43 ./template/main.o
 .debug_macro   0x000025ce       0x34 ./template/main.o
 .debug_macro   0x00002602       0x10 ./template/main.o
 .debug_macro   0x00002612       0x58 ./template/main.o
 .debug_macro   0x0000266a      0x182 ./template/main.o
 .debug_macro   0x000027ec       0x10 ./template/main.o
 .debug_macro   0x000027fc       0x1c ./template/main.o
 .debug_macro   0x00002818       0x52 ./template/main.o
 .debug_macro   0x0000286a       0x40 ./template/main.o
 .debug_macro   0x000028aa       0x10 ./template/main.o
 .debug_macro   0x000028ba       0x40 ./template/main.o
 .debug_macro   0x000028fa       0xd5 ./template/main.o
 .debug_macro   0x000029cf       0x1c ./template/main.o
 .debug_macro   0x000029eb       0x3d ./template/main.o
 .debug_macro   0x00002a28       0x16 ./template/main.o
 .debug_macro   0x00002a3e      0x16f ./template/main.o
 .debug_macro   0x00002bad      0x289 ./template/retarget.o
 .debug_macro   0x00002e36       0x16 ./template/retarget.o
 .debug_macro   0x00002e4c       0x35 ./template/retarget.o
 .debug_macro   0x00002e81       0x10 ./template/retarget.o
 .debug_macro   0x00002e91       0x10 ./template/retarget.o
 .debug_macro   0x00002ea1       0x35 ./template/retarget.o
 .debug_macro   0x00002ed6      0x122 ./template/retarget.o
 .debug_macro   0x00002ff8      0x100 ./lib/StdPeriph_Driver/Sources/gw1ns4c_gpio.o
 .debug_macro   0x000030f8       0x34 ./lib/StdPeriph_Driver/Sources/gw1ns4c_gpio.o
 .debug_macro   0x0000312c      0x100 ./lib/StdPeriph_Driver/Sources/gw1ns4c_timer.o
 .debug_macro   0x0000322c       0x1c ./lib/StdPeriph_Driver/Sources/gw1ns4c_timer.o
 .debug_macro   0x00003248      0x100 ./lib/StdPeriph_Driver/Sources/gw1ns4c_uart.o
 .debug_macro   0x00003348       0x76 ./lib/StdPeriph_Driver/Sources/gw1ns4c_uart.o
 .debug_macro   0x000033be      0x102 ./lib/CMSIS/DeviceSupport/system/system_gw1ns4c.o

.debug_line     0x00000000     0x256a
 .debug_line    0x00000000      0x614 ./template/gw1ns4c_it.o
 .debug_line    0x00000614      0x551 ./template/main.o
 .debug_line    0x00000b65      0x4d6 ./template/retarget.o
 .debug_line    0x0000103b      0x5f3 ./lib/StdPeriph_Driver/Sources/gw1ns4c_gpio.o
 .debug_line    0x0000162e      0x4c2 ./lib/StdPeriph_Driver/Sources/gw1ns4c_timer.o
 .debug_line    0x00001af0      0x632 ./lib/StdPeriph_Driver/Sources/gw1ns4c_uart.o
 .debug_line    0x00002122      0x394 ./lib/CMSIS/DeviceSupport/system/system_gw1ns4c.o
 .debug_line    0x000024b6       0xb4 ./lib/CMSIS/DeviceSupport/startup/gmd/startup_gw1ns4c.o

.debug_str      0x00000000     0xd8af
 .debug_str     0x00000000     0x8930 ./template/gw1ns4c_it.o
                               0x8a99 (size before relaxing)
 .debug_str     0x00008930     0x446b ./template/main.o
                               0xcd35 (size before relaxing)
 .debug_str     0x0000cd9b      0x54f ./template/retarget.o
                               0xcedf (size before relaxing)
 .debug_str     0x0000d2ea      0x19c ./lib/StdPeriph_Driver/Sources/gw1ns4c_gpio.o
                               0x8b55 (size before relaxing)
 .debug_str     0x0000d486      0x129 ./lib/StdPeriph_Driver/Sources/gw1ns4c_timer.o
                               0x8a1f (size before relaxing)
 .debug_str     0x0000d5af      0x234 ./lib/StdPeriph_Driver/Sources/gw1ns4c_uart.o
                               0x8b76 (size before relaxing)
 .debug_str     0x0000d7e3       0x85 ./lib/CMSIS/DeviceSupport/system/system_gw1ns4c.o
                               0x88a1 (size before relaxing)
 .debug_str     0x0000d868       0x47 ./lib/CMSIS/DeviceSupport/startup/gmd/startup_gw1ns4c.o
                                 0x64 (size before relaxing)

.debug_frame    0x00000000     0x220c
 .debug_frame   0x00000000      0x490 ./template/gw1ns4c_it.o
 .debug_frame   0x00000490       0xc0 ./template/main.o
 .debug_frame   0x00000550       0x34 ./template/retarget.o
 .debug_frame   0x00000584      0x330 ./lib/StdPeriph_Driver/Sources/gw1ns4c_gpio.o
 .debug_frame   0x000008b4      0x218 ./lib/StdPeriph_Driver/Sources/gw1ns4c_timer.o
 .debug_frame   0x00000acc      0x354 ./lib/StdPeriph_Driver/Sources/gw1ns4c_uart.o
 .debug_frame   0x00000e20       0x50 ./lib/CMSIS/DeviceSupport/system/system_gw1ns4c.o
 .debug_frame   0x00000e70       0x28 c:/gmd/toolchain/arm_toolchain/bin/../lib/gcc/arm-none-eabi/8.3.1/../../../../arm-none-eabi/lib/thumb/v7-m/nofp\libg.a(lib_a-exit.o)
 .debug_frame   0x00000e98       0x38 c:/gmd/toolchain/arm_toolchain/bin/../lib/gcc/arm-none-eabi/8.3.1/../../../../arm-none-eabi/lib/thumb/v7-m/nofp\libg.a(lib_a-memset.o)
 .debug_frame   0x00000ed0       0x78 c:/gmd/toolchain/arm_toolchain/bin/../lib/gcc/arm-none-eabi/8.3.1/../../../../arm-none-eabi/lib/thumb/v7-m/nofp\libg.a(lib_a-printf.o)
 .debug_frame   0x00000f48       0x8c c:/gmd/toolchain/arm_toolchain/bin/../lib/gcc/arm-none-eabi/8.3.1/../../../../arm-none-eabi/lib/thumb/v7-m/nofp\libg.a(lib_a-vfprintf.o)
 .debug_frame   0x00000fd4       0x2c c:/gmd/toolchain/arm_toolchain/bin/../lib/gcc/arm-none-eabi/8.3.1/../../../../arm-none-eabi/lib/thumb/v7-m/nofp\libg.a(lib_a-wsetup.o)
 .debug_frame   0x00001000       0x5c c:/gmd/toolchain/arm_toolchain/bin/../lib/gcc/arm-none-eabi/8.3.1/../../../../arm-none-eabi/lib/thumb/v7-m/nofp\libg.a(lib_a-__call_atexit.o)
 .debug_frame   0x0000105c       0x8c c:/gmd/toolchain/arm_toolchain/bin/../lib/gcc/arm-none-eabi/8.3.1/../../../../arm-none-eabi/lib/thumb/v7-m/nofp\libg.a(lib_a-dtoa.o)
 .debug_frame   0x000010e8       0x5c c:/gmd/toolchain/arm_toolchain/bin/../lib/gcc/arm-none-eabi/8.3.1/../../../../arm-none-eabi/lib/thumb/v7-m/nofp\libg.a(lib_a-fflush.o)
 .debug_frame   0x00001144      0x150 c:/gmd/toolchain/arm_toolchain/bin/../lib/gcc/arm-none-eabi/8.3.1/../../../../arm-none-eabi/lib/thumb/v7-m/nofp\libg.a(lib_a-findfp.o)
 .debug_frame   0x00001294       0x8c c:/gmd/toolchain/arm_toolchain/bin/../lib/gcc/arm-none-eabi/8.3.1/../../../../arm-none-eabi/lib/thumb/v7-m/nofp\libg.a(lib_a-freer.o)
 .debug_frame   0x00001320       0x54 c:/gmd/toolchain/arm_toolchain/bin/../lib/gcc/arm-none-eabi/8.3.1/../../../../arm-none-eabi/lib/thumb/v7-m/nofp\libg.a(lib_a-fwalk.o)
 .debug_frame   0x00001374       0x40 c:/gmd/toolchain/arm_toolchain/bin/../lib/gcc/arm-none-eabi/8.3.1/../../../../arm-none-eabi/lib/thumb/v7-m/nofp\libg.a(lib_a-localeconv.o)
 .debug_frame   0x000013b4       0xb0 c:/gmd/toolchain/arm_toolchain/bin/../lib/gcc/arm-none-eabi/8.3.1/../../../../arm-none-eabi/lib/thumb/v7-m/nofp\libg.a(lib_a-lock.o)
 .debug_frame   0x00001464       0x64 c:/gmd/toolchain/arm_toolchain/bin/../lib/gcc/arm-none-eabi/8.3.1/../../../../arm-none-eabi/lib/thumb/v7-m/nofp\libg.a(lib_a-makebuf.o)
 .debug_frame   0x000014c8       0x4c c:/gmd/toolchain/arm_toolchain/bin/../lib/gcc/arm-none-eabi/8.3.1/../../../../arm-none-eabi/lib/thumb/v7-m/nofp\libg.a(lib_a-mallocr.o)
 .debug_frame   0x00001514       0x34 c:/gmd/toolchain/arm_toolchain/bin/../lib/gcc/arm-none-eabi/8.3.1/../../../../arm-none-eabi/lib/thumb/v7-m/nofp\libg.a(lib_a-memchr-stub.o)
 .debug_frame   0x00001548       0x30 c:/gmd/toolchain/arm_toolchain/bin/../lib/gcc/arm-none-eabi/8.3.1/../../../../arm-none-eabi/lib/thumb/v7-m/nofp\libg.a(lib_a-mlock.o)
 .debug_frame   0x00001578      0x260 c:/gmd/toolchain/arm_toolchain/bin/../lib/gcc/arm-none-eabi/8.3.1/../../../../arm-none-eabi/lib/thumb/v7-m/nofp\libg.a(lib_a-mprec.o)
 .debug_frame   0x000017d8       0x30 c:/gmd/toolchain/arm_toolchain/bin/../lib/gcc/arm-none-eabi/8.3.1/../../../../arm-none-eabi/lib/thumb/v7-m/nofp\libg.a(lib_a-s_frexp.o)
 .debug_frame   0x00001808       0x2c c:/gmd/toolchain/arm_toolchain/bin/../lib/gcc/arm-none-eabi/8.3.1/../../../../arm-none-eabi/lib/thumb/v7-m/nofp\libg.a(lib_a-sbrkr.o)
 .debug_frame   0x00001834       0x8c c:/gmd/toolchain/arm_toolchain/bin/../lib/gcc/arm-none-eabi/8.3.1/../../../../arm-none-eabi/lib/thumb/v7-m/nofp\libg.a(lib_a-stdio.o)
 .debug_frame   0x000018c0       0x20 c:/gmd/toolchain/arm_toolchain/bin/../lib/gcc/arm-none-eabi/8.3.1/../../../../arm-none-eabi/lib/thumb/v7-m/nofp\libg.a(lib_a-strlen-stub.o)
 .debug_frame   0x000018e0       0x38 c:/gmd/toolchain/arm_toolchain/bin/../lib/gcc/arm-none-eabi/8.3.1/../../../../arm-none-eabi/lib/thumb/v7-m/nofp\libg.a(lib_a-strncpy.o)
 .debug_frame   0x00001918       0xd0 c:/gmd/toolchain/arm_toolchain/bin/../lib/gcc/arm-none-eabi/8.3.1/../../../../arm-none-eabi/lib/thumb/v7-m/nofp\libg.a(lib_a-vfiprintf.o)
 .debug_frame   0x000019e8       0x30 c:/gmd/toolchain/arm_toolchain/bin/../lib/gcc/arm-none-eabi/8.3.1/../../../../arm-none-eabi/lib/thumb/v7-m/nofp\libg.a(lib_a-writer.o)
 .debug_frame   0x00001a18       0x28 c:/gmd/toolchain/arm_toolchain/bin/../lib/gcc/arm-none-eabi/8.3.1/../../../../arm-none-eabi/lib/thumb/v7-m/nofp\libg.a(lib_a-callocr.o)
 .debug_frame   0x00001a40       0x2c c:/gmd/toolchain/arm_toolchain/bin/../lib/gcc/arm-none-eabi/8.3.1/../../../../arm-none-eabi/lib/thumb/v7-m/nofp\libg.a(lib_a-closer.o)
 .debug_frame   0x00001a6c       0x3c c:/gmd/toolchain/arm_toolchain/bin/../lib/gcc/arm-none-eabi/8.3.1/../../../../arm-none-eabi/lib/thumb/v7-m/nofp\libg.a(lib_a-fclose.o)
 .debug_frame   0x00001aa8       0x9c c:/gmd/toolchain/arm_toolchain/bin/../lib/gcc/arm-none-eabi/8.3.1/../../../../arm-none-eabi/lib/thumb/v7-m/nofp\libg.a(lib_a-fputwc.o)
 .debug_frame   0x00001b44       0x2c c:/gmd/toolchain/arm_toolchain/bin/../lib/gcc/arm-none-eabi/8.3.1/../../../../arm-none-eabi/lib/thumb/v7-m/nofp\libg.a(lib_a-fstatr.o)
 .debug_frame   0x00001b70       0x64 c:/gmd/toolchain/arm_toolchain/bin/../lib/gcc/arm-none-eabi/8.3.1/../../../../arm-none-eabi/lib/thumb/v7-m/nofp\libg.a(lib_a-fvwrite.o)
 .debug_frame   0x00001bd4       0x2c c:/gmd/toolchain/arm_toolchain/bin/../lib/gcc/arm-none-eabi/8.3.1/../../../../arm-none-eabi/lib/thumb/v7-m/nofp\libg.a(lib_a-isattyr.o)
 .debug_frame   0x00001c00       0x54 c:/gmd/toolchain/arm_toolchain/bin/../lib/gcc/arm-none-eabi/8.3.1/../../../../arm-none-eabi/lib/thumb/v7-m/nofp\libg.a(lib_a-locale.o)
 .debug_frame   0x00001c54       0x30 c:/gmd/toolchain/arm_toolchain/bin/../lib/gcc/arm-none-eabi/8.3.1/../../../../arm-none-eabi/lib/thumb/v7-m/nofp\libg.a(lib_a-lseekr.o)
 .debug_frame   0x00001c84       0x4c c:/gmd/toolchain/arm_toolchain/bin/../lib/gcc/arm-none-eabi/8.3.1/../../../../arm-none-eabi/lib/thumb/v7-m/nofp\libg.a(lib_a-mbtowc_r.o)
 .debug_frame   0x00001cd0       0x40 c:/gmd/toolchain/arm_toolchain/bin/../lib/gcc/arm-none-eabi/8.3.1/../../../../arm-none-eabi/lib/thumb/v7-m/nofp\libg.a(lib_a-memmove.o)
 .debug_frame   0x00001d10       0x30 c:/gmd/toolchain/arm_toolchain/bin/../lib/gcc/arm-none-eabi/8.3.1/../../../../arm-none-eabi/lib/thumb/v7-m/nofp\libg.a(lib_a-readr.o)
 .debug_frame   0x00001d40       0x48 c:/gmd/toolchain/arm_toolchain/bin/../lib/gcc/arm-none-eabi/8.3.1/../../../../arm-none-eabi/lib/thumb/v7-m/nofp\libg.a(lib_a-reallocr.o)
 .debug_frame   0x00001d88       0x60 c:/gmd/toolchain/arm_toolchain/bin/../lib/gcc/arm-none-eabi/8.3.1/../../../../arm-none-eabi/lib/thumb/v7-m/nofp\libg.a(lib_a-reent.o)
 .debug_frame   0x00001de8       0x40 c:/gmd/toolchain/arm_toolchain/bin/../lib/gcc/arm-none-eabi/8.3.1/../../../../arm-none-eabi/lib/thumb/v7-m/nofp\libg.a(lib_a-wbuf.o)
 .debug_frame   0x00001e28       0x64 c:/gmd/toolchain/arm_toolchain/bin/../lib/gcc/arm-none-eabi/8.3.1/../../../../arm-none-eabi/lib/thumb/v7-m/nofp\libg.a(lib_a-wcrtomb.o)
 .debug_frame   0x00001e8c       0x3c c:/gmd/toolchain/arm_toolchain/bin/../lib/gcc/arm-none-eabi/8.3.1/../../../../arm-none-eabi/lib/thumb/v7-m/nofp\libg.a(lib_a-wctomb_r.o)
 .debug_frame   0x00001ec8       0xac c:/gmd/toolchain/arm_toolchain/bin/../lib/gcc/arm-none-eabi/8.3.1/thumb/v7-m/nofp\libgcc.a(_arm_addsubdf3.o)
 .debug_frame   0x00001f74       0x50 c:/gmd/toolchain/arm_toolchain/bin/../lib/gcc/arm-none-eabi/8.3.1/thumb/v7-m/nofp\libgcc.a(_arm_muldivdf3.o)
 .debug_frame   0x00001fc4       0xc4 c:/gmd/toolchain/arm_toolchain/bin/../lib/gcc/arm-none-eabi/8.3.1/thumb/v7-m/nofp\libgcc.a(_arm_cmpdf2.o)
 .debug_frame   0x00002088       0x20 c:/gmd/toolchain/arm_toolchain/bin/../lib/gcc/arm-none-eabi/8.3.1/thumb/v7-m/nofp\libgcc.a(_arm_unorddf2.o)
 .debug_frame   0x000020a8       0x24 c:/gmd/toolchain/arm_toolchain/bin/../lib/gcc/arm-none-eabi/8.3.1/thumb/v7-m/nofp\libgcc.a(_arm_fixdfsi.o)
 .debug_frame   0x000020cc       0x2c c:/gmd/toolchain/arm_toolchain/bin/../lib/gcc/arm-none-eabi/8.3.1/thumb/v7-m/nofp\libgcc.a(_aeabi_uldivmod.o)
 .debug_frame   0x000020f8       0x34 c:/gmd/toolchain/arm_toolchain/bin/../lib/gcc/arm-none-eabi/8.3.1/thumb/v7-m/nofp\libgcc.a(_udivmoddi4.o)
 .debug_frame   0x0000212c       0x20 c:/gmd/toolchain/arm_toolchain/bin/../lib/gcc/arm-none-eabi/8.3.1/../../../../arm-none-eabi/lib/thumb/v7-m/nofp\libnosys.a(close.o)
 .debug_frame   0x0000214c       0x20 c:/gmd/toolchain/arm_toolchain/bin/../lib/gcc/arm-none-eabi/8.3.1/../../../../arm-none-eabi/lib/thumb/v7-m/nofp\libnosys.a(fstat.o)
 .debug_frame   0x0000216c       0x20 c:/gmd/toolchain/arm_toolchain/bin/../lib/gcc/arm-none-eabi/8.3.1/../../../../arm-none-eabi/lib/thumb/v7-m/nofp\libnosys.a(isatty.o)
 .debug_frame   0x0000218c       0x20 c:/gmd/toolchain/arm_toolchain/bin/../lib/gcc/arm-none-eabi/8.3.1/../../../../arm-none-eabi/lib/thumb/v7-m/nofp\libnosys.a(lseek.o)
 .debug_frame   0x000021ac       0x20 c:/gmd/toolchain/arm_toolchain/bin/../lib/gcc/arm-none-eabi/8.3.1/../../../../arm-none-eabi/lib/thumb/v7-m/nofp\libnosys.a(read.o)
 .debug_frame   0x000021cc       0x20 c:/gmd/toolchain/arm_toolchain/bin/../lib/gcc/arm-none-eabi/8.3.1/../../../../arm-none-eabi/lib/thumb/v7-m/nofp\libnosys.a(sbrk.o)
 .debug_frame   0x000021ec       0x20 c:/gmd/toolchain/arm_toolchain/bin/../lib/gcc/arm-none-eabi/8.3.1/../../../../arm-none-eabi/lib/thumb/v7-m/nofp\libnosys.a(_exit.o)

.stab           0x00000000       0x84
 .stab          0x00000000       0x24 c:/gmd/toolchain/arm_toolchain/bin/../lib/gcc/arm-none-eabi/8.3.1/../../../../arm-none-eabi/lib/thumb/v7-m/nofp\libnosys.a(close.o)
 .stab          0x00000024       0x18 c:/gmd/toolchain/arm_toolchain/bin/../lib/gcc/arm-none-eabi/8.3.1/../../../../arm-none-eabi/lib/thumb/v7-m/nofp\libnosys.a(fstat.o)
                                 0x24 (size before relaxing)
 .stab          0x0000003c       0x18 c:/gmd/toolchain/arm_toolchain/bin/../lib/gcc/arm-none-eabi/8.3.1/../../../../arm-none-eabi/lib/thumb/v7-m/nofp\libnosys.a(isatty.o)
                                 0x24 (size before relaxing)
 .stab          0x00000054       0x18 c:/gmd/toolchain/arm_toolchain/bin/../lib/gcc/arm-none-eabi/8.3.1/../../../../arm-none-eabi/lib/thumb/v7-m/nofp\libnosys.a(lseek.o)
                                 0x24 (size before relaxing)
 .stab          0x0000006c       0x18 c:/gmd/toolchain/arm_toolchain/bin/../lib/gcc/arm-none-eabi/8.3.1/../../../../arm-none-eabi/lib/thumb/v7-m/nofp\libnosys.a(read.o)
                                 0x24 (size before relaxing)

.stabstr        0x00000000      0x117
 .stabstr       0x00000000      0x117 c:/gmd/toolchain/arm_toolchain/bin/../lib/gcc/arm-none-eabi/8.3.1/../../../../arm-none-eabi/lib/thumb/v7-m/nofp\libnosys.a(close.o)
