Archive member included to satisfy reference by file (symbol)

c:/gmd/toolchain/arm_toolchain/bin/../lib/gcc/arm-none-eabi/8.3.1/thumb/v7-m/nofp\libgcc.a(_aeabi_uldivmod.o)
                              ./template/main.o (__aeabi_uldivmod)
c:/gmd/toolchain/arm_toolchain/bin/../lib/gcc/arm-none-eabi/8.3.1/thumb/v7-m/nofp\libgcc.a(_udivmoddi4.o)
                              c:/gmd/toolchain/arm_toolchain/bin/../lib/gcc/arm-none-eabi/8.3.1/thumb/v7-m/nofp\libgcc.a(_aeabi_uldivmod.o) (__udivmoddi4)
c:/gmd/toolchain/arm_toolchain/bin/../lib/gcc/arm-none-eabi/8.3.1/thumb/v7-m/nofp\libgcc.a(_dvmd_tls.o)
                              c:/gmd/toolchain/arm_toolchain/bin/../lib/gcc/arm-none-eabi/8.3.1/thumb/v7-m/nofp\libgcc.a(_aeabi_uldivmod.o) (__aeabi_ldiv0)
c:/gmd/toolchain/arm_toolchain/bin/../lib/gcc/arm-none-eabi/8.3.1/../../../../arm-none-eabi/lib/thumb/v7-m/nofp\libg.a(lib_a-ctype_.o)
                              ./template/hfbeacon.o (_ctype_)
c:/gmd/toolchain/arm_toolchain/bin/../lib/gcc/arm-none-eabi/8.3.1/../../../../arm-none-eabi/lib/thumb/v7-m/nofp\libg.a(lib_a-exit.o)
                              c:/gmd/toolchain/arm_toolchain/bin/../lib/gcc/arm-none-eabi/8.3.1/../../../../arm-none-eabi/lib/thumb/v7-m/nofp/crt0.o (exit)
c:/gmd/toolchain/arm_toolchain/bin/../lib/gcc/arm-none-eabi/8.3.1/../../../../arm-none-eabi/lib/thumb/v7-m/nofp\libg.a(lib_a-impure.o)
                              c:/gmd/toolchain/arm_toolchain/bin/../lib/gcc/arm-none-eabi/8.3.1/../../../../arm-none-eabi/lib/thumb/v7-m/nofp\libg.a(lib_a-exit.o) (_global_impure_ptr)
c:/gmd/toolchain/arm_toolchain/bin/../lib/gcc/arm-none-eabi/8.3.1/../../../../arm-none-eabi/lib/thumb/v7-m/nofp\libg.a(lib_a-init.o)
                              c:/gmd/toolchain/arm_toolchain/bin/../lib/gcc/arm-none-eabi/8.3.1/../../../../arm-none-eabi/lib/thumb/v7-m/nofp/crt0.o (__libc_init_array)
c:/gmd/toolchain/arm_toolchain/bin/../lib/gcc/arm-none-eabi/8.3.1/../../../../arm-none-eabi/lib/thumb/v7-m/nofp\libg.a(lib_a-memset.o)
                              c:/gmd/toolchain/arm_toolchain/bin/../lib/gcc/arm-none-eabi/8.3.1/../../../../arm-none-eabi/lib/thumb/v7-m/nofp/crt0.o (memset)
c:/gmd/toolchain/arm_toolchain/bin/../lib/gcc/arm-none-eabi/8.3.1/../../../../arm-none-eabi/lib/thumb/v7-m/nofp\libg.a(lib_a-printf.o)
                              ./template/main.o (printf)
c:/gmd/toolchain/arm_toolchain/bin/../lib/gcc/arm-none-eabi/8.3.1/../../../../arm-none-eabi/lib/thumb/v7-m/nofp\libg.a(lib_a-puts.o)
                              ./template/main.o (puts)
c:/gmd/toolchain/arm_toolchain/bin/../lib/gcc/arm-none-eabi/8.3.1/../../../../arm-none-eabi/lib/thumb/v7-m/nofp\libg.a(lib_a-strlen-stub.o)
                              c:/gmd/toolchain/arm_toolchain/bin/../lib/gcc/arm-none-eabi/8.3.1/../../../../arm-none-eabi/lib/thumb/v7-m/nofp\libg.a(lib_a-puts.o) (strlen)
c:/gmd/toolchain/arm_toolchain/bin/../lib/gcc/arm-none-eabi/8.3.1/../../../../arm-none-eabi/lib/thumb/v7-m/nofp\libg.a(lib_a-vfprintf.o)
                              c:/gmd/toolchain/arm_toolchain/bin/../lib/gcc/arm-none-eabi/8.3.1/../../../../arm-none-eabi/lib/thumb/v7-m/nofp\libg.a(lib_a-printf.o) (_vfprintf_r)
c:/gmd/toolchain/arm_toolchain/bin/../lib/gcc/arm-none-eabi/8.3.1/../../../../arm-none-eabi/lib/thumb/v7-m/nofp\libg.a(lib_a-wsetup.o)
                              c:/gmd/toolchain/arm_toolchain/bin/../lib/gcc/arm-none-eabi/8.3.1/../../../../arm-none-eabi/lib/thumb/v7-m/nofp\libg.a(lib_a-vfprintf.o) (__swsetup_r)
c:/gmd/toolchain/arm_toolchain/bin/../lib/gcc/arm-none-eabi/8.3.1/../../../../arm-none-eabi/lib/thumb/v7-m/nofp\libg.a(lib_a-__call_atexit.o)
                              c:/gmd/toolchain/arm_toolchain/bin/../lib/gcc/arm-none-eabi/8.3.1/../../../../arm-none-eabi/lib/thumb/v7-m/nofp\libg.a(lib_a-exit.o) (__call_exitprocs)
c:/gmd/toolchain/arm_toolchain/bin/../lib/gcc/arm-none-eabi/8.3.1/../../../../arm-none-eabi/lib/thumb/v7-m/nofp\libg.a(lib_a-atexit.o)
                              c:/gmd/toolchain/arm_toolchain/bin/../lib/gcc/arm-none-eabi/8.3.1/../../../../arm-none-eabi/lib/thumb/v7-m/nofp\libg.a(lib_a-__call_atexit.o) (atexit)
c:/gmd/toolchain/arm_toolchain/bin/../lib/gcc/arm-none-eabi/8.3.1/../../../../arm-none-eabi/lib/thumb/v7-m/nofp\libg.a(lib_a-dtoa.o)
                              c:/gmd/toolchain/arm_toolchain/bin/../lib/gcc/arm-none-eabi/8.3.1/../../../../arm-none-eabi/lib/thumb/v7-m/nofp\libg.a(lib_a-vfprintf.o) (_dtoa_r)
c:/gmd/toolchain/arm_toolchain/bin/../lib/gcc/arm-none-eabi/8.3.1/../../../../arm-none-eabi/lib/thumb/v7-m/nofp\libg.a(lib_a-fflush.o)
                              c:/gmd/toolchain/arm_toolchain/bin/../lib/gcc/arm-none-eabi/8.3.1/../../../../arm-none-eabi/lib/thumb/v7-m/nofp\libg.a(lib_a-vfprintf.o) (_fflush_r)
c:/gmd/toolchain/arm_toolchain/bin/../lib/gcc/arm-none-eabi/8.3.1/../../../../arm-none-eabi/lib/thumb/v7-m/nofp\libg.a(lib_a-findfp.o)
[...]
Memory Configuration

Name             Origin             Length             Attributes
FLASH            0x00000000         0x00008000         xr
RAM              0x20000000         0x00002000         xrw
*default*        0x00000000         0xffffffff

Linker script and memory map

LOAD c:/gmd/toolchain/arm_toolchain/bin/../lib/gcc/arm-none-eabi/8.3.1/thumb/v7-m/nofp/crti.o
LOAD c:/gmd/toolchain/arm_toolchain/bin/../lib/gcc/arm-none-eabi/8.3.1/thumb/v7-m/nofp/crtbegin.o
LOAD c:/gmd/toolchain/arm_toolchain/bin/../lib/gcc/arm-none-eabi/8.3.1/../../../../arm-none-eabi/lib/thumb/v7-m/nofp/crt0.o
LOAD ./template/gw1ns4c_it.o
LOAD ./template/hfbeacon.o
LOAD ./template/main.o
LOAD ./template/retarget.o
LOAD ./lib/StdPeriph_Driver/Sources/gw1ns4c_gpio.o
LOAD ./lib/StdPeriph_Driver/Sources/gw1ns4c_i2c.o
LOAD ./lib/StdPeriph_Driver/Sources/gw1ns4c_misc.o
LOAD ./lib/StdPeriph_Driver/Sources/gw1ns4c_rtc.o
LOAD ./lib/StdPeriph_Driver/Sources/gw1ns4c_spi.o
LOAD ./lib/StdPeriph_Driver/Sources/gw1ns4c_syscon.o
LOAD ./lib/StdPeriph_Driver/Sources/gw1ns4c_timer.o
LOAD ./lib/StdPeriph_Driver/Sources/gw1ns4c_uart.o
LOAD ./lib/StdPeriph_Driver/Sources/gw1ns4c_wdog.o
LOAD ./lib/CMSIS/DeviceSupport/system/system_gw1ns4c.o
LOAD ./lib/CMSIS/DeviceSupport/startup/gmd/startup_gw1ns4c.o
LOAD ./lib/CMSIS/CoreSupport/gmd/core_cm3.o
START GROUP
LOAD c:/gmd/toolchain/arm_toolchain/bin/../lib/gcc/arm-none-eabi/8.3.1/thumb/v7-m/nofp\libgcc.a
LOAD c:/gmd/toolchain/arm_toolchain/bin/../lib/gcc/arm-none-eabi/8.3.1/../../../../arm-none-eabi/lib/thumb/v7-m/nofp\libg.a
LOAD c:/gmd/toolchain/arm_toolchain/bin/../lib/gcc/arm-none-eabi/8.3.1/../../../../arm-none-eabi/lib/thumb/v7-m/nofp\libc.a
END GROUP
LOAD c:/gmd/toolchain/arm_toolchain/bin/../lib/gcc/arm-none-eabi/8.3.1/thumb/v7-m/nofp/crtend.o
LOAD c:/gmd/toolchain/arm_toolchain/bin/../lib/gcc/arm-none-eabi/8.3.1/thumb/v7-m/nofp/crtn.o
START GROUP
LOAD c:/gmd/toolchain/arm_toolchain/bin/../lib/gcc/arm-none-eabi/8.3.1/thumb/v7-m/nofp\libgcc.a
LOAD c:/gmd/toolchain/arm_toolchain/bin/../lib/gcc/arm-none-eabi/8.3.1/../../../../arm-none-eabi/lib/thumb/v7-m/nofp\libc.a
LOAD c:/gmd/toolchain/arm_toolchain/bin/../lib/gcc/arm-none-eabi/8.3.1/../../../../arm-none-eabi/lib/thumb/v7-m/nofp\libm.a
LOAD c:/gmd/toolchain/arm_toolchain/bin/../lib/gcc/arm-none-eabi/8.3.1/../../../../arm-none-eabi/lib/thumb/v7-m/nofp\libnosys.a
END GROUP

.text           0x00000000     0x683c
 *(.isr_vector)
 .isr_vector    0x00000000       0xc0 ./lib/CMSIS/DeviceSupport/startup/gmd/startup_gw1ns4c.o
                0x00000000                __isr_vector
 *(.text*)
 .text.NMI_Handler
                0x000000c0        0xc ./template/gw1ns4c_it.o
                0x000000c0                NMI_Handler
 .text.HardFault_Handler
                0x000000cc        0x6 ./template/gw1ns4c_it.o
                0x000000cc                HardFault_Handler
 .text.MemManage_Handler
                0x000000d2        0x6 ./template/gw1ns4c_it.o
                0x000000d2                MemManage_Handler
 .text.BusFault_Handler
                0x000000d8        0x6 ./template/gw1ns4c_it.o
                0x000000d8                BusFault_Handler
 .text.UsageFault_Handler
                0x000000de        0x6 ./template/gw1ns4c_it.o
                0x000000de                UsageFault_Handler
 .text.SVC_Handler
                0x000000e4        0xc ./template/gw1ns4c_it.o
                0x000000e4                SVC_Handler
 .text.DebugMon_Handler
                0x000000f0        0xc ./template/gw1ns4c_it.o
                0x000000f0                DebugMon_Handler
 .text.PendSV_Handler
                0x000000fc        0xc ./template/gw1ns4c_it.o
                0x000000fc                PendSV_Handler
 .text.SysTick_Handler
                0x00000108        0xc ./template/gw1ns4c_it.o
                0x00000108                SysTick_Handler
 .text.USER_INT0_Handler
                0x00000114        0xc ./template/gw1ns4c_it.o
                0x00000114                USER_INT0_Handler
 .text.USER_INT1_Handler
                0x00000120        0xc ./template/gw1ns4c_it.o
                0x00000120                USER_INT1_Handler
 .text.USER_INT2_Handler
                0x0000012c        0xc ./template/gw1ns4c_it.o
                0x0000012c                USER_INT2_Handler
 .text.USER_INT3_Handler
                0x00000138        0xc ./template/gw1ns4c_it.o
                0x00000138                USER_INT3_Handler
 .text.USER_INT4_Handler
                0x00000144        0xc ./template/gw1ns4c_it.o
                0x00000144                USER_INT4_Handler
 .text.USER_INT5_Handler
                0x00000150        0xc ./template/gw1ns4c_it.o
                0x00000150                USER_INT5_Handler
 .text.UART0_Handler
                0x0000015c        0xc ./template/gw1ns4c_it.o
                0x0000015c                UART0_Handler
 .text.UART1_Handler
                0x00000168        0xc ./template/gw1ns4c_it.o
                0x00000168                UART1_Handler
 .text.TIMER0_Handler
                0x00000174        0xc ./template/gw1ns4c_it.o
                0x00000174                TIMER0_Handler
 .text.TIMER1_Handler
                0x00000180        0xc ./template/gw1ns4c_it.o
                0x00000180                TIMER1_Handler
 .text.I2C_Handler
                0x0000018c        0xc ./template/gw1ns4c_it.o
                0x0000018c                I2C_Handler
 .text.RTC_Handler
                0x00000198        0xc ./template/gw1ns4c_it.o
                0x00000198                RTC_Handler
 .text.PORT0_0_Handler
                0x000001a4        0xc ./template/gw1ns4c_it.o
                0x000001a4                PORT0_0_Handler
 .text.PORT0_1_Handler
                0x000001b0        0xc ./template/gw1ns4c_it.o
                0x000001b0                PORT0_1_Handler
 .text.PORT0_2_Handler
                0x000001bc        0xc ./template/gw1ns4c_it.o
                0x000001bc                PORT0_2_Handler
 .text.PORT0_3_Handler
                0x000001c8        0xc ./template/gw1ns4c_it.o
                0x000001c8                PORT0_3_Handler
 .text.PORT0_4_Handler
                0x000001d4        0xc ./template/gw1ns4c_it.o
                0x000001d4                PORT0_4_Handler
 .text.PORT0_5_Handler
                0x000001e0        0xc ./template/gw1ns4c_it.o
                0x000001e0                PORT0_5_Handler
 .text.PORT0_6_Handler
                0x000001ec        0xc ./template/gw1ns4c_it.o
                0x000001ec                PORT0_6_Handler
 .text.PORT0_7_Handler
                0x000001f8        0xc ./template/gw1ns4c_it.o
                0x000001f8                PORT0_7_Handler
 .text.PORT0_8_Handler
                0x00000204        0xc ./template/gw1ns4c_it.o
                0x00000204                PORT0_8_Handler
 .text.PORT0_9_Handler
                0x00000210        0xc ./template/gw1ns4c_it.o
                0x00000210                PORT0_9_Handler
 .text.PORT0_10_Handler
                0x0000021c        0xc ./template/gw1ns4c_it.o
                0x0000021c                PORT0_10_Handler
 .text.PORT0_11_Handler
                0x00000228        0xc ./template/gw1ns4c_it.o
                0x00000228                PORT0_11_Handler
 .text.PORT0_12_Handler
                0x00000234        0xc ./template/gw1ns4c_it.o
                0x00000234                PORT0_12_Handler
 .text.PORT0_13_Handler
                0x00000240        0xc ./template/gw1ns4c_it.o
                0x00000240                PORT0_13_Handler
 .text.PORT0_14_Handler
                0x0000024c        0xc ./template/gw1ns4c_it.o
                0x0000024c                PORT0_14_Handler
 .text.PORT0_15_Handler
                0x00000258        0xc ./template/gw1ns4c_it.o
                0x00000258                PORT0_15_Handler
 .text.main     0x00000264       0xc4 ./template/main.o
                0x00000264                main
 .text.SPIInit  0x00000328       0x26 ./template/main.o
                0x00000328                SPIInit
 .text.initializeUART
                0x0000034e       0x28 ./template/main.o
                0x0000034e                initializeUART
 .text.initializeTimer
                0x00000376       0x2e ./template/main.o
                0x00000376                initializeTimer
 .text.delayMillis
                0x000003a4       0x84 ./template/main.o
                0x000003a4                delayMillis
 .text._write   0x00000428       0x3e ./template/retarget.o
                0x00000428                _write
 *fill*         0x00000466        0x2 
 .text.SPI_Init
                0x00000468       0x6c ./lib/StdPeriph_Driver/Sources/gw1ns4c_spi.o
                0x00000468                SPI_Init
 .text.SPI_GetToeStatus
                0x000004d4       0x24 ./lib/StdPeriph_Driver/Sources/gw1ns4c_spi.o
                0x000004d4                SPI_GetToeStatus
 .text.SPI_GetRoeStatus
                0x000004f8       0x24 ./lib/StdPeriph_Driver/Sources/gw1ns4c_spi.o
                0x000004f8                SPI_GetRoeStatus
 .text.SPI_GetTrdyStatus
                0x0000051c       0x24 ./lib/StdPeriph_Driver/Sources/gw1ns4c_spi.o
                0x0000051c                SPI_GetTrdyStatus
 .text.SPI_GetRrdyStatus
                0x00000540       0x24 ./lib/StdPeriph_Driver/Sources/gw1ns4c_spi.o
                0x00000540                SPI_GetRrdyStatus
 .text.SPI_ReadWriteByte
                0x00000564       0x44 ./lib/StdPeriph_Driver/Sources/gw1ns4c_spi.o
                0x00000564                SPI_ReadWriteByte
 .text.SPI_WriteData
                0x000005a8       0x1a ./lib/StdPeriph_Driver/Sources/gw1ns4c_spi.o
                0x000005a8                SPI_WriteData
 .text.SPI_ReadData
                0x000005c2       0x10 ./lib/StdPeriph_Driver/Sources/gw1ns4c_spi.o
                0x000005c2                SPI_ReadData
 *fill*         0x000005d2        0x2 
 .text.SPI_Select_Slave
                0x000005d4       0x1c ./lib/StdPeriph_Driver/Sources/gw1ns4c_spi.o
                0x000005d4                SPI_Select_Slave
 .text.TIMER_Init
                0x000005f0       0x9a ./lib/StdPeriph_Driver/Sources/gw1ns4c_timer.o
                0x000005f0                TIMER_Init
 .text.TIMER_StartTimer
                0x0000068a       0x1e ./lib/StdPeriph_Driver/Sources/gw1ns4c_timer.o
                0x0000068a                TIMER_StartTimer
 .text.TIMER_StopTimer
                0x000006a8       0x1e ./lib/StdPeriph_Driver/Sources/gw1ns4c_timer.o
                0x000006a8                TIMER_StopTimer
 .text.TIMER_GetIRQStatus
                0x000006c6       0x18 ./lib/StdPeriph_Driver/Sources/gw1ns4c_timer.o
                0x000006c6                TIMER_GetIRQStatus
 .text.TIMER_ClearIRQ
                0x000006de       0x18 ./lib/StdPeriph_Driver/Sources/gw1ns4c_timer.o
                0x000006de                TIMER_ClearIRQ
 .text.TIMER_SetReload
                0x000006f6       0x1a ./lib/StdPeriph_Driver/Sources/gw1ns4c_timer.o
                0x000006f6                TIMER_SetReload
 .text.TIMER_SetValue
                0x00000710       0x1a ./lib/StdPeriph_Driver/Sources/gw1ns4c_timer.o
                0x00000710                TIMER_SetValue
 .text.TIMER_EnableIRQ
                0x0000072a       0x1e ./lib/StdPeriph_Driver/Sources/gw1ns4c_timer.o
                0x0000072a                TIMER_EnableIRQ
 .text.UART_Init
                0x00000748       0xd8 ./lib/StdPeriph_Driver/Sources/gw1ns4c_uart.o
                0x00000748                UART_Init
 .text.UART_SendChar
                0x00000820       0x2c ./lib/StdPeriph_Driver/Sources/gw1ns4c_uart.o
                0x00000820                UART_SendChar
 .text.SystemInit
                0x0000084c       0x40 ./lib/CMSIS/DeviceSupport/system/system_gw1ns4c.o
                0x0000084c                SystemInit
 .text          0x0000088c       0x98 ./lib/CMSIS/DeviceSupport/startup/gmd/startup_gw1ns4c.o
                0x0000088c                Reset_Handler
                0x000008f2                PORT0_COMB_Handler
                0x000008fc                UARTOVF_Handler
                0x00000902                Spare15_Handler
 .text          0x00000924       0x30 c:/gmd/toolchain/arm_toolchain/bin/../lib/gcc/arm-none-eabi/8.3.1/thumb/v7-m/nofp\libgcc.a(_aeabi_uldivmod.o)
                0x00000924                __aeabi_uldivmod
 .text          0x00000954      0x2d0 c:/gmd/toolchain/arm_toolchain/bin/../lib/gcc/arm-none-eabi/8.3.1/thumb/v7-m/nofp\libgcc.a(_udivmoddi4.o)
                0x00000954                __udivmoddi4
 .text          0x00000c24        0x4 c:/gmd/toolchain/arm_toolchain/bin/../lib/gcc/arm-none-eabi/8.3.1/thumb/v7-m/nofp\libgcc.a(_dvmd_tls.o)
                0x00000c24                __aeabi_idiv0
                0x00000c24                __aeabi_ldiv0
 .text.exit     0x00000c28       0x20 c:/gmd/toolchain/arm_toolchain/bin/../lib/gcc/arm-none-eabi/8.3.1/../../../../arm-none-eabi/lib/thumb/v7-m/nofp\libg.a(lib_a-exit.o)
                0x00000c28                exit
 .text.memset   0x00000c48       0xa0 c:/gmd/toolchain/arm_toolchain/bin/../lib/gcc/arm-none-eabi/8.3.1/../../../../arm-none-eabi/lib/thumb/v7-m/nofp\libg.a(lib_a-memset.o)
                0x00000c48                memset
 .text.printf   0x00000ce8       0x28 c:/gmd/toolchain/arm_toolchain/bin/../lib/gcc/arm-none-eabi/8.3.1/../../../../arm-none-eabi/lib/thumb/v7-m/nofp\libg.a(lib_a-printf.o)
                0x00000ce8                printf
 .text._puts_r  0x00000d10       0x9c c:/gmd/toolchain/arm_toolchain/bin/../lib/gcc/arm-none-eabi/8.3.1/../../../../arm-none-eabi/lib/thumb/v7-m/nofp\libg.a(lib_a-puts.o)
                0x00000d10                _puts_r
 .text.puts     0x00000dac       0x10 c:/gmd/toolchain/arm_toolchain/bin/../lib/gcc/arm-none-eabi/8.3.1/../../../../arm-none-eabi/lib/thumb/v7-m/nofp\libg.a(lib_a-puts.o)
                0x00000dac                puts
 .text.strlen   0x00000dbc       0x5c c:/gmd/toolchain/arm_toolchain/bin/../lib/gcc/arm-none-eabi/8.3.1/../../../../arm-none-eabi/lib/thumb/v7-m/nofp\libg.a(lib_a-strlen-stub.o)
                0x00000dbc                strlen
 .text._vfprintf_r
                0x00000e18     0x1b04 c:/gmd/toolchain/arm_toolchain/bin/../lib/gcc/arm-none-eabi/8.3.1/../../../../arm-none-eabi/lib/thumb/v7-m/nofp\libg.a(lib_a-vfprintf.o)
                0x00000e18                _vfprintf_r
 .text.__sbprintf
                0x0000291c       0x88 c:/gmd/toolchain/arm_toolchain/bin/../lib/gcc/arm-none-eabi/8.3.1/../../../../arm-none-eabi/lib/thumb/v7-m/nofp\libg.a(lib_a-vfprintf.o)
 .text.__swsetup_r
                0x000029a4       0xcc c:/gmd/toolchain/arm_toolchain/bin/../lib/gcc/arm-none-eabi/8.3.1/../../../../arm-none-eabi/lib/thumb/v7-m/nofp\libg.a(lib_a-wsetup.o)
                0x000029a4                __swsetup_r
 .text.__call_exitprocs
                0x00002a70       0xb0 c:/gmd/toolchain/arm_toolchain/bin/../lib/gcc/arm-none-eabi/8.3.1/../../../../arm-none-eabi/lib/thumb/v7-m/nofp\libg.a(lib_a-__call_atexit.o)
                0x00002a70                __call_exitprocs
 .text.quorem   0x00002b20      0x12c c:/gmd/toolchain/arm_toolchain/bin/../lib/gcc/arm-none-eabi/8.3.1/../../../../arm-none-eabi/lib/thumb/v7-m/nofp\libg.a(lib_a-dtoa.o)
 *fill*         0x00002c4c        0x4 
 .text._dtoa_r  0x00002c50      0xe6c c:/gmd/toolchain/arm_toolchain/bin/../lib/gcc/arm-none-eabi/8.3.1/../../../../arm-none-eabi/lib/thumb/v7-m/nofp\libg.a(lib_a-dtoa.o)
                0x00002c50                _dtoa_r
 .text.__sflush_r
                0x00003abc      0x144 c:/gmd/toolchain/arm_toolchain/bin/../lib/gcc/arm-none-eabi/8.3.1/../../../../arm-none-eabi/lib/thumb/v7-m/nofp\libg.a(lib_a-fflush.o)
                0x00003abc                __sflush_r
 .text._fflush_r
                0x00003c00       0x5c c:/gmd/toolchain/arm_toolchain/bin/../lib/gcc/arm-none-eabi/8.3.1/../../../../arm-none-eabi/lib/thumb/v7-m/nofp\libg.a(lib_a-fflush.o)
                0x00003c00                _fflush_r
 .text.std      0x00003c5c       0x50 c:/gmd/toolchain/arm_toolchain/bin/../lib/gcc/arm-none-eabi/8.3.1/../../../../arm-none-eabi/lib/thumb/v7-m/nofp\libg.a(lib_a-findfp.o)
 .text._cleanup_r
                0x00003cac        0xc c:/gmd/toolchain/arm_toolchain/bin/../lib/gcc/arm-none-eabi/8.3.1/../../../../arm-none-eabi/lib/thumb/v7-m/nofp\libg.a(lib_a-findfp.o)
                0x00003cac                _cleanup_r
 .text.__sinit  0x00003cb8       0x5c c:/gmd/toolchain/arm_toolchain/bin/../lib/gcc/arm-none-eabi/8.3.1/../../../../arm-none-eabi/lib/thumb/v7-m/nofp\libg.a(lib_a-findfp.o)
                0x00003cb8                __sinit
 .text.__sfp_lock_acquire
                0x00003d14        0xc c:/gmd/toolchain/arm_toolchain/bin/../lib/gcc/arm-none-eabi/8.3.1/../../../../arm-none-eabi/lib/thumb/v7-m/nofp\libg.a(lib_a-findfp.o)
                0x00003d14                __sfp_lock_acquire
 .text.__sfp_lock_release
                0x00003d20        0xc c:/gmd/toolchain/arm_toolchain/bin/../lib/gcc/arm-none-eabi/8.3.1/../../../../arm-none-eabi/lib/thumb/v7-m/nofp\libg.a(lib_a-findfp.o)
                0x00003d20                __sfp_lock_release
 .text._malloc_trim_r
                0x00003d2c       0xa0 c:/gmd/toolchain/arm_toolchain/bin/../lib/gcc/arm-none-eabi/8.3.1/../../../../arm-none-eabi/lib/thumb/v7-m/nofp\libg.a(lib_a-freer.o)
                0x00003d2c                _malloc_trim_r
 .text._free_r  0x00003dcc      0x1f4 c:/gmd/toolchain/arm_toolchain/bin/../lib/gcc/arm-none-eabi/8.3.1/../../../../arm-none-eabi/lib/thumb/v7-m/nofp\libg.a(lib_a-freer.o)
                0x00003dcc                _free_r
 .text.__sfvwrite_r
                0x00003fc0      0x300 c:/gmd/toolchain/arm_toolchain/bin/../lib/gcc/arm-none-eabi/8.3.1/../../../../arm-none-eabi/lib/thumb/v7-m/nofp\libg.a(lib_a-fvwrite.o)
                0x00003fc0                __sfvwrite_r
 .text._fwalk_reent
                0x000042c0       0x50 c:/gmd/toolchain/arm_toolchain/bin/../lib/gcc/arm-none-eabi/8.3.1/../../../../arm-none-eabi/lib/thumb/v7-m/nofp\libg.a(lib_a-fwalk.o)
                0x000042c0                _fwalk_reent
 .text._localeconv_r
                0x00004310        0x8 c:/gmd/toolchain/arm_toolchain/bin/../lib/gcc/arm-none-eabi/8.3.1/../../../../arm-none-eabi/lib/thumb/v7-m/nofp\libg.a(lib_a-localeconv.o)
                0x00004310                _localeconv_r
 .text.__retarget_lock_init_recursive
                0x00004318        0x4 c:/gmd/toolchain/arm_toolchain/bin/../lib/gcc/arm-none-eabi/8.3.1/../../../../arm-none-eabi/lib/thumb/v7-m/nofp\libg.a(lib_a-lock.o)
                0x00004318                __retarget_lock_init_recursive
 .text.__retarget_lock_close_recursive
                0x0000431c        0x4 c:/gmd/toolchain/arm_toolchain/bin/../lib/gcc/arm-none-eabi/8.3.1/../../../../arm-none-eabi/lib/thumb/v7-m/nofp\libg.a(lib_a-lock.o)
                0x0000431c                __retarget_lock_close_recursive
 .text.__retarget_lock_acquire_recursive
                0x00004320        0x4 c:/gmd/toolchain/arm_toolchain/bin/../lib/gcc/arm-none-eabi/8.3.1/../../../../arm-none-eabi/lib/thumb/v7-m/nofp\libg.a(lib_a-lock.o)
                0x00004320                __retarget_lock_acquire_recursive
 .text.__retarget_lock_release_recursive
                0x00004324        0x4 c:/gmd/toolchain/arm_toolchain/bin/../lib/gcc/arm-none-eabi/8.3.1/../../../../arm-none-eabi/lib/thumb/v7-m/nofp\libg.a(lib_a-lock.o)
                0x00004324                __retarget_lock_release_recursive
 .text.__swhatbuf_r
                0x00004328       0x5c c:/gmd/toolchain/arm_toolchain/bin/../lib/gcc/arm-none-eabi/8.3.1/../../../../arm-none-eabi/lib/thumb/v7-m/nofp\libg.a(lib_a-makebuf.o)
                0x00004328                __swhatbuf_r
 .text.__smakebuf_r
                0x00004384       0x94 c:/gmd/toolchain/arm_toolchain/bin/../lib/gcc/arm-none-eabi/8.3.1/../../../../arm-none-eabi/lib/thumb/v7-m/nofp\libg.a(lib_a-makebuf.o)
                0x00004384                __smakebuf_r
 .text._malloc_r
                0x00004418      0x558 c:/gmd/toolchain/arm_toolchain/bin/../lib/gcc/arm-none-eabi/8.3.1/../../../../arm-none-eabi/lib/thumb/v7-m/nofp\libg.a(lib_a-mallocr.o)
                0x00004418                _malloc_r
 .text.memchr   0x00004970       0x8c c:/gmd/toolchain/arm_toolchain/bin/../lib/gcc/arm-none-eabi/8.3.1/../../../../arm-none-eabi/lib/thumb/v7-m/nofp\libg.a(lib_a-memchr-stub.o)
                0x00004970                memchr
 .text          0x000049fc       0xec c:/gmd/toolchain/arm_toolchain/bin/../lib/gcc/arm-none-eabi/8.3.1/../../../../arm-none-eabi/lib/thumb/v7-m/nofp\libg.a(lib_a-memcpy.o)
                0x000049fc                memcpy
 .text.memmove  0x00004ae8       0xcc c:/gmd/toolchain/arm_toolchain/bin/../lib/gcc/arm-none-eabi/8.3.1/../../../../arm-none-eabi/lib/thumb/v7-m/nofp\libg.a(lib_a-memmove.o)
                0x00004ae8                memmove
 .text.__malloc_lock
                0x00004bb4        0xc c:/gmd/toolchain/arm_toolchain/bin/../lib/gcc/arm-none-eabi/8.3.1/../../../../arm-none-eabi/lib/thumb/v7-m/nofp\libg.a(lib_a-mlock.o)
                0x00004bb4                __malloc_lock
 .text.__malloc_unlock
                0x00004bc0        0xc c:/gmd/toolchain/arm_toolchain/bin/../lib/gcc/arm-none-eabi/8.3.1/../../../../arm-none-eabi/lib/thumb/v7-m/nofp\libg.a(lib_a-mlock.o)
                0x00004bc0                __malloc_unlock
 .text._Balloc  0x00004bcc       0x4c c:/gmd/toolchain/arm_toolchain/bin/../lib/gcc/arm-none-eabi/8.3.1/../../../../arm-none-eabi/lib/thumb/v7-m/nofp\libg.a(lib_a-mprec.o)
                0x00004bcc                _Balloc
 .text._Bfree   0x00004c18       0x14 c:/gmd/toolchain/arm_toolchain/bin/../lib/gcc/arm-none-eabi/8.3.1/../../../../arm-none-eabi/lib/thumb/v7-m/nofp\libg.a(lib_a-mprec.o)
                0x00004c18                _Bfree
 .text.__multadd
                0x00004c2c       0x8c c:/gmd/toolchain/arm_toolchain/bin/../lib/gcc/arm-none-eabi/8.3.1/../../../../arm-none-eabi/lib/thumb/v7-m/nofp\libg.a(lib_a-mprec.o)
                0x00004c2c                __multadd
 .text.__hi0bits
                0x00004cb8       0x40 c:/gmd/toolchain/arm_toolchain/bin/../lib/gcc/arm-none-eabi/8.3.1/../../../../arm-none-eabi/lib/thumb/v7-m/nofp\libg.a(lib_a-mprec.o)
                0x00004cb8                __hi0bits
 .text.__lo0bits
                0x00004cf8       0x60 c:/gmd/toolchain/arm_toolchain/bin/../lib/gcc/arm-none-eabi/8.3.1/../../../../arm-none-eabi/lib/thumb/v7-m/nofp\libg.a(lib_a-mprec.o)
                0x00004cf8                __lo0bits
 .text.__i2b    0x00004d58       0x14 c:/gmd/toolchain/arm_toolchain/bin/../lib/gcc/arm-none-eabi/8.3.1/../../../../arm-none-eabi/lib/thumb/v7-m/nofp\libg.a(lib_a-mprec.o)
                0x00004d58                __i2b
 .text.__multiply
                0x00004d6c      0x130 c:/gmd/toolchain/arm_toolchain/bin/../lib/gcc/arm-none-eabi/8.3.1/../../../../arm-none-eabi/lib/thumb/v7-m/nofp\libg.a(lib_a-mprec.o)
                0x00004d6c                __multiply
 .text.__pow5mult
                0x00004e9c       0xa0 c:/gmd/toolchain/arm_toolchain/bin/../lib/gcc/arm-none-eabi/8.3.1/../../../../arm-none-eabi/lib/thumb/v7-m/nofp\libg.a(lib_a-mprec.o)
                0x00004e9c                __pow5mult
 .text.__lshift
                0x00004f3c       0xb4 c:/gmd/toolchain/arm_toolchain/bin/../lib/gcc/arm-none-eabi/8.3.1/../../../../arm-none-eabi/lib/thumb/v7-m/nofp\libg.a(lib_a-mprec.o)
                0x00004f3c                __lshift
 .text.__mcmp   0x00004ff0       0x38 c:/gmd/toolchain/arm_toolchain/bin/../lib/gcc/arm-none-eabi/8.3.1/../../../../arm-none-eabi/lib/thumb/v7-m/nofp\libg.a(lib_a-mprec.o)
                0x00004ff0                __mcmp
 .text.__mdiff  0x00005028      0x100 c:/gmd/toolchain/arm_toolchain/bin/../lib/gcc/arm-none-eabi/8.3.1/../../../../arm-none-eabi/lib/thumb/v7-m/nofp\libg.a(lib_a-mprec.o)
                0x00005028                __mdiff
 .text.__d2b    0x00005128       0xac c:/gmd/toolchain/arm_toolchain/bin/../lib/gcc/arm-none-eabi/8.3.1/../../../../arm-none-eabi/lib/thumb/v7-m/nofp\libg.a(lib_a-mprec.o)
                0x00005128                __d2b
 .text._realloc_r
                0x000051d4      0x37c c:/gmd/toolchain/arm_toolchain/bin/../lib/gcc/arm-none-eabi/8.3.1/../../../../arm-none-eabi/lib/thumb/v7-m/nofp\libg.a(lib_a-reallocr.o)
                0x000051d4                _realloc_r
 .text.frexp    0x00005550       0x70 c:/gmd/toolchain/arm_toolchain/bin/../lib/gcc/arm-none-eabi/8.3.1/../../../../arm-none-eabi/lib/thumb/v7-m/nofp\libg.a(lib_a-s_frexp.o)
                0x00005550                frexp
 .text._sbrk_r  0x000055c0       0x24 c:/gmd/toolchain/arm_toolchain/bin/../lib/gcc/arm-none-eabi/8.3.1/../../../../arm-none-eabi/lib/thumb/v7-m/nofp\libg.a(lib_a-sbrkr.o)
                0x000055c0                _sbrk_r
 .text.__sread  0x000055e4       0x24 c:/gmd/toolchain/arm_toolchain/bin/../lib/gcc/arm-none-eabi/8.3.1/../../../../arm-none-eabi/lib/thumb/v7-m/nofp\libg.a(lib_a-stdio.o)
                0x000055e4                __sread
 .text.__swrite
                0x00005608       0x40 c:/gmd/toolchain/arm_toolchain/bin/../lib/gcc/arm-none-eabi/8.3.1/../../../../arm-none-eabi/lib/thumb/v7-m/nofp\libg.a(lib_a-stdio.o)
                0x00005608                __swrite
 .text.__sseek  0x00005648       0x20 c:/gmd/toolchain/arm_toolchain/bin/../lib/gcc/arm-none-eabi/8.3.1/../../../../arm-none-eabi/lib/thumb/v7-m/nofp\libg.a(lib_a-stdio.o)
                0x00005648                __sseek
 .text.__sclose
                0x00005668        0x8 c:/gmd/toolchain/arm_toolchain/bin/../lib/gcc/arm-none-eabi/8.3.1/../../../../arm-none-eabi/lib/thumb/v7-m/nofp\libg.a(lib_a-stdio.o)
                0x00005668                __sclose
 .text.strncpy  0x00005670       0x74 c:/gmd/toolchain/arm_toolchain/bin/../lib/gcc/arm-none-eabi/8.3.1/../../../../arm-none-eabi/lib/thumb/v7-m/nofp\libg.a(lib_a-strncpy.o)
                0x00005670                strncpy
 .text.__sprint_r.part.0
                0x000056e4       0x78 c:/gmd/toolchain/arm_toolchain/bin/../lib/gcc/arm-none-eabi/8.3.1/../../../../arm-none-eabi/lib/thumb/v7-m/nofp\libg.a(lib_a-vfiprintf.o)
 .text.__sprint_r
                0x0000575c       0x14 c:/gmd/toolchain/arm_toolchain/bin/../lib/gcc/arm-none-eabi/8.3.1/../../../../arm-none-eabi/lib/thumb/v7-m/nofp\libg.a(lib_a-vfiprintf.o)
                0x0000575c                __sprint_r
 .text._write_r
                0x00005770       0x2c c:/gmd/toolchain/arm_toolchain/bin/../lib/gcc/arm-none-eabi/8.3.1/../../../../arm-none-eabi/lib/thumb/v7-m/nofp\libg.a(lib_a-writer.o)
                0x00005770                _write_r
 .text._calloc_r
                0x0000579c       0x60 c:/gmd/toolchain/arm_toolchain/bin/../lib/gcc/arm-none-eabi/8.3.1/../../../../arm-none-eabi/lib/thumb/v7-m/nofp\libg.a(lib_a-callocr.o)
                0x0000579c                _calloc_r
 .text._close_r
                0x000057fc       0x24 c:/gmd/toolchain/arm_toolchain/bin/../lib/gcc/arm-none-eabi/8.3.1/../../../../arm-none-eabi/lib/thumb/v7-m/nofp\libg.a(lib_a-closer.o)
                0x000057fc                _close_r
 .text._fclose_r
                0x00005820       0xd0 c:/gmd/toolchain/arm_toolchain/bin/../lib/gcc/arm-none-eabi/8.3.1/../../../../arm-none-eabi/lib/thumb/v7-m/nofp\libg.a(lib_a-fclose.o)
                0x00005820                _fclose_r
 .text.__fputwc
                0x000058f0       0xa0 c:/gmd/toolchain/arm_toolchain/bin/../lib/gcc/arm-none-eabi/8.3.1/../../../../arm-none-eabi/lib/thumb/v7-m/nofp\libg.a(lib_a-fputwc.o)
                0x000058f0                __fputwc
 .text._fputwc_r
                0x00005990       0x64 c:/gmd/toolchain/arm_toolchain/bin/../lib/gcc/arm-none-eabi/8.3.1/../../../../arm-none-eabi/lib/thumb/v7-m/nofp\libg.a(lib_a-fputwc.o)
                0x00005990                _fputwc_r
 .text._fstat_r
                0x000059f4       0x28 c:/gmd/toolchain/arm_toolchain/bin/../lib/gcc/arm-none-eabi/8.3.1/../../../../arm-none-eabi/lib/thumb/v7-m/nofp\libg.a(lib_a-fstatr.o)
                0x000059f4                _fstat_r
 .text._isatty_r
                0x00005a1c       0x24 c:/gmd/toolchain/arm_toolchain/bin/../lib/gcc/arm-none-eabi/8.3.1/../../../../arm-none-eabi/lib/thumb/v7-m/nofp\libg.a(lib_a-isattyr.o)
                0x00005a1c                _isatty_r
 .text.__locale_mb_cur_max
                0x00005a40        0xc c:/gmd/toolchain/arm_toolchain/bin/../lib/gcc/arm-none-eabi/8.3.1/../../../../arm-none-eabi/lib/thumb/v7-m/nofp\libg.a(lib_a-locale.o)
                0x00005a40                __locale_mb_cur_max
 .text._lseek_r
                0x00005a4c       0x2c c:/gmd/toolchain/arm_toolchain/bin/../lib/gcc/arm-none-eabi/8.3.1/../../../../arm-none-eabi/lib/thumb/v7-m/nofp\libg.a(lib_a-lseekr.o)
                0x00005a4c                _lseek_r
 .text.__ascii_mbtowc
                0x00005a78       0x2c c:/gmd/toolchain/arm_toolchain/bin/../lib/gcc/arm-none-eabi/8.3.1/../../../../arm-none-eabi/lib/thumb/v7-m/nofp\libg.a(lib_a-mbtowc_r.o)
                0x00005a78                __ascii_mbtowc
 .text._read_r  0x00005aa4       0x2c c:/gmd/toolchain/arm_toolchain/bin/../lib/gcc/arm-none-eabi/8.3.1/../../../../arm-none-eabi/lib/thumb/v7-m/nofp\libg.a(lib_a-readr.o)
                0x00005aa4                _read_r
 .text.__swbuf_r
                0x00005ad0       0xb0 c:/gmd/toolchain/arm_toolchain/bin/../lib/gcc/arm-none-eabi/8.3.1/../../../../arm-none-eabi/lib/thumb/v7-m/nofp\libg.a(lib_a-wbuf.o)
                0x00005ad0                __swbuf_r
 .text._wcrtomb_r
                0x00005b80       0x34 c:/gmd/toolchain/arm_toolchain/bin/../lib/gcc/arm-none-eabi/8.3.1/../../../../arm-none-eabi/lib/thumb/v7-m/nofp\libg.a(lib_a-wcrtomb.o)
                0x00005b80                _wcrtomb_r
 .text.__ascii_wctomb
                0x00005bb4       0x1c c:/gmd/toolchain/arm_toolchain/bin/../lib/gcc/arm-none-eabi/8.3.1/../../../../arm-none-eabi/lib/thumb/v7-m/nofp\libg.a(lib_a-wctomb_r.o)
                0x00005bb4                __ascii_wctomb
 .text          0x00005bd0      0x378 c:/gmd/toolchain/arm_toolchain/bin/../lib/gcc/arm-none-eabi/8.3.1/thumb/v7-m/nofp\libgcc.a(_arm_addsubdf3.o)
                0x00005bd0                __aeabi_drsub
                0x00005bd8                __aeabi_dsub
                0x00005bd8                __subdf3
                0x00005bdc                __aeabi_dadd
                0x00005bdc                __adddf3
                0x00005e54                __floatunsidf
                0x00005e54                __aeabi_ui2d
                0x00005e74                __floatsidf
                0x00005e74                __aeabi_i2d
                0x00005e98                __aeabi_f2d
                0x00005e98                __extendsfdf2
                0x00005edc                __floatundidf
                0x00005edc                __aeabi_ul2d
                0x00005eec                __floatdidf
                0x00005eec                __aeabi_l2d
 .text          0x00005f48      0x424 c:/gmd/toolchain/arm_toolchain/bin/../lib/gcc/arm-none-eabi/8.3.1/thumb/v7-m/nofp\libgcc.a(_arm_muldivdf3.o)
                0x00005f48                __aeabi_dmul
                0x00005f48                __muldf3
                0x0000619c                __divdf3
                0x0000619c                __aeabi_ddiv
 .text          0x0000636c      0x110 c:/gmd/toolchain/arm_toolchain/bin/../lib/gcc/arm-none-eabi/8.3.1/thumb/v7-m/nofp\libgcc.a(_arm_cmpdf2.o)
                0x0000636c                __gtdf2
                0x0000636c                __gedf2
                0x00006374                __ltdf2
                0x00006374                __ledf2
                0x0000637c                __nedf2
                0x0000637c                __eqdf2
                0x0000637c                __cmpdf2
                0x000063f8                __aeabi_cdrcmple
                0x00006408                __aeabi_cdcmpeq
                0x00006408                __aeabi_cdcmple
                0x00006418                __aeabi_dcmpeq
                0x0000642c                __aeabi_dcmplt
                0x00006440                __aeabi_dcmple
                0x00006454                __aeabi_dcmpge
                0x00006468                __aeabi_dcmpgt
 .text          0x0000647c       0x2c c:/gmd/toolchain/arm_toolchain/bin/../lib/gcc/arm-none-eabi/8.3.1/thumb/v7-m/nofp\libgcc.a(_arm_unorddf2.o)
                0x0000647c                __unorddf2
                0x0000647c                __aeabi_dcmpun
 .text          0x000064a8       0x50 c:/gmd/toolchain/arm_toolchain/bin/../lib/gcc/arm-none-eabi/8.3.1/thumb/v7-m/nofp\libgcc.a(_arm_fixdfsi.o)
                0x000064a8                __aeabi_d2iz
                0x000064a8                __fixdfsi
 .text._close   0x000064f8       0x10 c:/gmd/toolchain/arm_toolchain/bin/../lib/gcc/arm-none-eabi/8.3.1/../../../../arm-none-eabi/lib/thumb/v7-m/nofp\libnosys.a(close.o)
                0x000064f8                _close
 .text._fstat   0x00006508       0x10 c:/gmd/toolchain/arm_toolchain/bin/../lib/gcc/arm-none-eabi/8.3.1/../../../../arm-none-eabi/lib/thumb/v7-m/nofp\libnosys.a(fstat.o)
                0x00006508                _fstat
 .text._isatty  0x00006518       0x10 c:/gmd/toolchain/arm_toolchain/bin/../lib/gcc/arm-none-eabi/8.3.1/../../../../arm-none-eabi/lib/thumb/v7-m/nofp\libnosys.a(isatty.o)
                0x00006518                _isatty
 .text._lseek   0x00006528       0x10 c:/gmd/toolchain/arm_toolchain/bin/../lib/gcc/arm-none-eabi/8.3.1/../../../../arm-none-eabi/lib/thumb/v7-m/nofp\libnosys.a(lseek.o)
                0x00006528                _lseek
 .text._read    0x00006538       0x10 c:/gmd/toolchain/arm_toolchain/bin/../lib/gcc/arm-none-eabi/8.3.1/../../../../arm-none-eabi/lib/thumb/v7-m/nofp\libnosys.a(read.o)
                0x00006538                _read
 .text._sbrk    0x00006548       0x1c c:/gmd/toolchain/arm_toolchain/bin/../lib/gcc/arm-none-eabi/8.3.1/../../../../arm-none-eabi/lib/thumb/v7-m/nofp\libnosys.a(sbrk.o)
                0x00006548                _sbrk
 .text._exit    0x00006564        0x4 c:/gmd/toolchain/arm_toolchain/bin/../lib/gcc/arm-none-eabi/8.3.1/../../../../arm-none-eabi/lib/thumb/v7-m/nofp\libnosys.a(_exit.o)
                0x00006564                _exit
 *(.init)
 .init          0x00006568        0x4 c:/gmd/toolchain/arm_toolchain/bin/../lib/gcc/arm-none-eabi/8.3.1/thumb/v7-m/nofp/crti.o
                0x00006568                _init
 *(.fini)
 .fini          0x0000656c        0x4 c:/gmd/toolchain/arm_toolchain/bin/../lib/gcc/arm-none-eabi/8.3.1/thumb/v7-m/nofp/crti.o
                0x0000656c                _fini
 *crtbegin.o(.ctors)
 *crtbegin?.o(.ctors)
 *(EXCLUDE_FILE(*crtend.o *crtend?.o) .ctors)
 *(SORT_BY_NAME(.ctors.*))
 *(.ctors)
 *crtbegin.o(.dtors)
 *crtbegin?.o(.dtors)
 *(EXCLUDE_FILE(*crtend.o *crtend?.o) .dtors)
 *(SORT_BY_NAME(.dtors.*))
 *(.dtors)
 *(.rodata*)
 .rodata        0x00006570       0x3c ./template/main.o
 .rodata._ctype_
                0x000065ac      0x101 c:/gmd/toolchain/arm_toolchain/bin/../lib/gcc/arm-none-eabi/8.3.1/../../../../arm-none-eabi/lib/thumb/v7-m/nofp\libg.a(lib_a-ctype_.o)
                0x000065ac                _ctype_
 *fill*         0x000066ad        0x3 
 .rodata._global_impure_ptr
                0x000066b0        0x4 c:/gmd/toolchain/arm_toolchain/bin/../lib/gcc/arm-none-eabi/8.3.1/../../../../arm-none-eabi/lib/thumb/v7-m/nofp\libg.a(lib_a-impure.o)
                0x000066b0                _global_impure_ptr
 .rodata._puts_r.str1.4
                0x000066b4        0x2 c:/gmd/toolchain/arm_toolchain/bin/../lib/gcc/arm-none-eabi/8.3.1/../../../../arm-none-eabi/lib/thumb/v7-m/nofp\libg.a(lib_a-puts.o)
 *fill*         0x000066b6        0x2 
 .rodata._vfprintf_r.str1.4
                0x000066b8       0x42 c:/gmd/toolchain/arm_toolchain/bin/../lib/gcc/arm-none-eabi/8.3.1/../../../../arm-none-eabi/lib/thumb/v7-m/nofp\libg.a(lib_a-vfprintf.o)
 *fill*         0x000066fa        0x2 
 .rodata.blanks.7370
                0x000066fc       0x10 c:/gmd/toolchain/arm_toolchain/bin/../lib/gcc/arm-none-eabi/8.3.1/../../../../arm-none-eabi/lib/thumb/v7-m/nofp\libg.a(lib_a-vfprintf.o)
 .rodata.zeroes.7371
                0x0000670c       0x10 c:/gmd/toolchain/arm_toolchain/bin/../lib/gcc/arm-none-eabi/8.3.1/../../../../arm-none-eabi/lib/thumb/v7-m/nofp\libg.a(lib_a-vfprintf.o)
 .rodata._dtoa_r.str1.4
                0x0000671c        0xd c:/gmd/toolchain/arm_toolchain/bin/../lib/gcc/arm-none-eabi/8.3.1/../../../../arm-none-eabi/lib/thumb/v7-m/nofp\libg.a(lib_a-dtoa.o)
                                 0x12 (size before relaxing)
 *fill*         0x00006729        0x7 
 .rodata.__mprec_bigtens
                0x00006730       0x28 c:/gmd/toolchain/arm_toolchain/bin/../lib/gcc/arm-none-eabi/8.3.1/../../../../arm-none-eabi/lib/thumb/v7-m/nofp\libg.a(lib_a-mprec.o)
                0x00006730                __mprec_bigtens
 .rodata.__mprec_tens
                0x00006758       0xc8 c:/gmd/toolchain/arm_toolchain/bin/../lib/gcc/arm-none-eabi/8.3.1/../../../../arm-none-eabi/lib/thumb/v7-m/nofp\libg.a(lib_a-mprec.o)
                0x00006758                __mprec_tens
 .rodata.p05.6125
                0x00006820        0xc c:/gmd/toolchain/arm_toolchain/bin/../lib/gcc/arm-none-eabi/8.3.1/../../../../arm-none-eabi/lib/thumb/v7-m/nofp\libg.a(lib_a-mprec.o)
 .rodata._setlocale_r.str1.4
                0x0000682c        0xa c:/gmd/toolchain/arm_toolchain/bin/../lib/gcc/arm-none-eabi/8.3.1/../../../../arm-none-eabi/lib/thumb/v7-m/nofp\libg.a(lib_a-locale.o)
                                  0xd (size before relaxing)
 *fill*         0x00006836        0x2 
 .rodata.str1.4
                0x00006838        0x4 c:/gmd/toolchain/arm_toolchain/bin/../lib/gcc/arm-none-eabi/8.3.1/../../../../arm-none-eabi/lib/thumb/v7-m/nofp\libg.a(lib_a-locale.o)
                                  0x2 (size before relaxing)
 *(.eh_frame*)

.glue_7         0x0000683c        0x0
 .glue_7        0x0000683c        0x0 linker stubs

.glue_7t        0x0000683c        0x0
 .glue_7t       0x0000683c        0x0 linker stubs

.vfp11_veneer   0x0000683c        0x0
 .vfp11_veneer  0x0000683c        0x0 linker stubs

.v4_bx          0x0000683c        0x0
 .v4_bx         0x0000683c        0x0 linker stubs

.iplt           0x0000683c        0x0
 .iplt          0x0000683c        0x0 ./template/gw1ns4c_it.o

.ARM.extab
 *(.ARM.extab* .gnu.linkonce.armextab.*)
                0x0000683c                __exidx_start = .

.ARM.exidx      0x0000683c        0x8
 *(.ARM.exidx* .gnu.linkonce.armexidx.*)
 .ARM.exidx     0x0000683c        0x8 c:/gmd/toolchain/arm_toolchain/bin/../lib/gcc/arm-none-eabi/8.3.1/thumb/v7-m/nofp\libgcc.a(_udivmoddi4.o)
                0x00006844                __exidx_end = .
                0x00006844                __etext = .

.rel.dyn        0x00006844        0x0
 .rel.iplt      0x00006844        0x0 ./template/gw1ns4c_it.o

.data           0x20000000      0x9c0 load address 0x00006844
                0x20000000                __data_start__ = .
 *(vtable)
 *(.data*)
 .data.freq     0x20000000        0x4 ./template/main.o
                0x20000000                freq
 .data.SystemCoreClock
                0x20000004        0x4 ./lib/CMSIS/DeviceSupport/system/system_gw1ns4c.o
                0x20000004                SystemCoreClock
 .data.PCLK1    0x20000008        0x4 ./lib/CMSIS/DeviceSupport/system/system_gw1ns4c.o
                0x20000008                PCLK1
 .data.PCLK2    0x2000000c        0x4 ./lib/CMSIS/DeviceSupport/system/system_gw1ns4c.o
                0x2000000c                PCLK2
 .data.HCLK     0x20000010        0x4 ./lib/CMSIS/DeviceSupport/system/system_gw1ns4c.o
                0x20000010                HCLK
 .data._impure_ptr
                0x20000014        0x4 c:/gmd/toolchain/arm_toolchain/bin/../lib/gcc/arm-none-eabi/8.3.1/../../../../arm-none-eabi/lib/thumb/v7-m/nofp\libg.a(lib_a-impure.o)
                0x20000014                _impure_ptr
 .data.impure_data
                0x20000018      0x428 c:/gmd/toolchain/arm_toolchain/bin/../lib/gcc/arm-none-eabi/8.3.1/../../../../arm-none-eabi/lib/thumb/v7-m/nofp\libg.a(lib_a-impure.o)
 .data.__atexit_recursive_mutex
                0x20000440        0x4 c:/gmd/toolchain/arm_toolchain/bin/../lib/gcc/arm-none-eabi/8.3.1/../../../../arm-none-eabi/lib/thumb/v7-m/nofp\libg.a(lib_a-__call_atexit.o)
                0x20000440                __atexit_recursive_mutex
 .data.__malloc_av_
                0x20000444      0x408 c:/gmd/toolchain/arm_toolchain/bin/../lib/gcc/arm-none-eabi/8.3.1/../../../../arm-none-eabi/lib/thumb/v7-m/nofp\libg.a(lib_a-mallocr.o)
                0x20000444                __malloc_av_
 .data.__malloc_sbrk_base
                0x2000084c        0x4 c:/gmd/toolchain/arm_toolchain/bin/../lib/gcc/arm-none-eabi/8.3.1/../../../../arm-none-eabi/lib/thumb/v7-m/nofp\libg.a(lib_a-mallocr.o)
                0x2000084c                __malloc_sbrk_base
 .data.__malloc_trim_threshold
                0x20000850        0x4 c:/gmd/toolchain/arm_toolchain/bin/../lib/gcc/arm-none-eabi/8.3.1/../../../../arm-none-eabi/lib/thumb/v7-m/nofp\libg.a(lib_a-mallocr.o)
                0x20000850                __malloc_trim_threshold
 .data.__global_locale
                0x20000854      0x16c c:/gmd/toolchain/arm_toolchain/bin/../lib/gcc/arm-none-eabi/8.3.1/../../../../arm-none-eabi/lib/thumb/v7-m/nofp\libg.a(lib_a-locale.o)
                0x20000854                __global_locale
                0x200009c0                . = ALIGN (0x4)
                0x200009c0                PROVIDE (__preinit_array_start = .)
 *(.preinit_array)
                0x200009c0                PROVIDE (__preinit_array_end = .)
                0x200009c0                . = ALIGN (0x4)
                0x200009c0                PROVIDE (__init_array_start = .)
 *(SORT_BY_NAME(.init_array.*))
 *(.init_array)
                0x200009c0                PROVIDE (__init_array_end = .)
                0x200009c0                . = ALIGN (0x4)
                0x200009c0                PROVIDE (__fini_array_start = .)
 *(SORT_BY_NAME(.fini_array.*))
 *(.fini_array)
                0x200009c0                PROVIDE (__fini_array_end = .)
                0x200009c0                . = ALIGN (0x4)
                0x200009c0                __data_end__ = .

.igot.plt       0x200009c0        0x0 load address 0x00007204
 .igot.plt      0x200009c0        0x0 ./template/gw1ns4c_it.o

.bss            0x200009c0       0x68 load address 0x00007204
                0x200009c0                . = ALIGN (0x4)
                0x200009c0                __bss_start__ = .
 *(.bss*)
 .bss.__malloc_current_mallinfo
                0x200009c0       0x28 c:/gmd/toolchain/arm_toolchain/bin/../lib/gcc/arm-none-eabi/8.3.1/../../../../arm-none-eabi/lib/thumb/v7-m/nofp\libg.a(lib_a-mallocr.o)
                0x200009c0                __malloc_current_mallinfo
 .bss.__malloc_max_sbrked_mem
                0x200009e8        0x4 c:/gmd/toolchain/arm_toolchain/bin/../lib/gcc/arm-none-eabi/8.3.1/../../../../arm-none-eabi/lib/thumb/v7-m/nofp\libg.a(lib_a-mallocr.o)
                0x200009e8                __malloc_max_sbrked_mem
 .bss.__malloc_max_total_mem
                0x200009ec        0x4 c:/gmd/toolchain/arm_toolchain/bin/../lib/gcc/arm-none-eabi/8.3.1/../../../../arm-none-eabi/lib/thumb/v7-m/nofp\libg.a(lib_a-mallocr.o)
                0x200009ec                __malloc_max_total_mem
 .bss.__malloc_top_pad
                0x200009f0        0x4 c:/gmd/toolchain/arm_toolchain/bin/../lib/gcc/arm-none-eabi/8.3.1/../../../../arm-none-eabi/lib/thumb/v7-m/nofp\libg.a(lib_a-mallocr.o)
                0x200009f0                __malloc_top_pad
 .bss.heap_end.4194
                0x200009f4        0x4 c:/gmd/toolchain/arm_toolchain/bin/../lib/gcc/arm-none-eabi/8.3.1/../../../../arm-none-eabi/lib/thumb/v7-m/nofp\libnosys.a(sbrk.o)
 *(COMMON)
 COMMON         0x200009f8        0x8 ./template/main.o
                0x200009f8                gen
 COMMON         0x20000a00       0x21 c:/gmd/toolchain/arm_toolchain/bin/../lib/gcc/arm-none-eabi/8.3.1/../../../../arm-none-eabi/lib/thumb/v7-m/nofp\libg.a(lib_a-lock.o)
                0x20000a00                __lock___atexit_recursive_mutex
                0x20000a04                __lock___arc4random_mutex
                0x20000a08                __lock___env_recursive_mutex
                0x20000a0c                __lock___sinit_recursive_mutex
                0x20000a10                __lock___malloc_recursive_mutex
                0x20000a14                __lock___at_quick_exit_mutex
                0x20000a18                __lock___dd_hash_mutex
                0x20000a1c                __lock___tz_mutex
                0x20000a20                __lock___sfp_recursive_mutex
 *fill*         0x20000a21        0x3 
 COMMON         0x20000a24        0x4 c:/gmd/toolchain/arm_toolchain/bin/../lib/gcc/arm-none-eabi/8.3.1/../../../../arm-none-eabi/lib/thumb/v7-m/nofp\libg.a(lib_a-reent.o)
                0x20000a24                errno
                0x20000a28                . = ALIGN (0x4)
                0x20000a28                __bss_end__ = .

.heap           0x20000a28      0x200
                0x20000a28                __end__ = .
                0x20000a28                end = __end__
 *(.heap*)
 .heap          0x20000a28      0x200 ./lib/CMSIS/DeviceSupport/startup/gmd/startup_gw1ns4c.o
                0x20000a28                __HeapBase
                0x20000c28                __HeapLimit = .

.stack_dummy    0x20000a28      0x400
 *(.stack*)
 .stack         0x20000a28      0x400 ./lib/CMSIS/DeviceSupport/startup/gmd/startup_gw1ns4c.o
                0x20002000                __StackTop = (ORIGIN (RAM) + LENGTH (RAM))
                0x20001c00                __StackLimit = (__StackTop - SIZEOF (.stack_dummy))
                0x20002000                PROVIDE (__stack = __StackTop)
                0x00000001                ASSERT ((__StackLimit >= __HeapLimit), region RAM overflowed with stack)
OUTPUT(test1.elf elf32-littlearm)

.ARM.attributes
                0x00000000       0x29
 .ARM.attributes
                0x00000000       0x1d c:/gmd/toolchain/arm_toolchain/bin/../lib/gcc/arm-none-eabi/8.3.1/thumb/v7-m/nofp/crti.o
 .ARM.attributes
                0x0000001d       0x2d ./template/gw1ns4c_it.o
 .ARM.attributes
                0x0000004a       0x2d ./template/main.o
 .ARM.attributes
                0x00000077       0x2d ./template/retarget.o
 .ARM.attributes
                0x000000a4       0x2d ./lib/StdPeriph_Driver/Sources/gw1ns4c_spi.o
 .ARM.attributes
                0x000000d1       0x2d ./lib/StdPeriph_Driver/Sources/gw1ns4c_timer.o
 .ARM.attributes
                0x000000fe       0x2d ./lib/StdPeriph_Driver/Sources/gw1ns4c_uart.o
 .ARM.attributes
                0x0000012b       0x2d ./lib/CMSIS/DeviceSupport/system/system_gw1ns4c.o
 .ARM.attributes
                0x00000158       0x1b ./lib/CMSIS/DeviceSupport/startup/gmd/startup_gw1ns4c.o
 .ARM.attributes
                0x00000173       0x1d c:/gmd/toolchain/arm_toolchain/bin/../lib/gcc/arm-none-eabi/8.3.1/thumb/v7-m/nofp\libgcc.a(_aeabi_uldivmod.o)
 .ARM.attributes
                0x00000190       0x2d c:/gmd/toolchain/arm_toolchain/bin/../lib/gcc/arm-none-eabi/8.3.1/thumb/v7-m/nofp\libgcc.a(_udivmoddi4.o)
 .ARM.attributes
                0x000001bd       0x1d c:/gmd/toolchain/arm_toolchain/bin/../lib/gcc/arm-none-eabi/8.3.1/thumb/v7-m/nofp\libgcc.a(_dvmd_tls.o)
 .ARM.attributes
                0x000001da       0x2d c:/gmd/toolchain/arm_toolchain/bin/../lib/gcc/arm-none-eabi/8.3.1/../../../../arm-none-eabi/lib/thumb/v7-m/nofp\libg.a(lib_a-ctype_.o)
 .ARM.attributes
                0x00000207       0x2d c:/gmd/toolchain/arm_toolchain/bin/../lib/gcc/arm-none-eabi/8.3.1/../../../../arm-none-eabi/lib/thumb/v7-m/nofp\libg.a(lib_a-exit.o)
 .ARM.attributes
                0x00000234       0x2d c:/gmd/toolchain/arm_toolchain/bin/../lib/gcc/arm-none-eabi/8.3.1/../../../../arm-none-eabi/lib/thumb/v7-m/nofp\libg.a(lib_a-impure.o)
 .ARM.attributes
                0x00000261       0x2d c:/gmd/toolchain/arm_toolchain/bin/../lib/gcc/arm-none-eabi/8.3.1/../../../../arm-none-eabi/lib/thumb/v7-m/nofp\libg.a(lib_a-memset.o)
 .ARM.attributes
                0x0000028e       0x2d c:/gmd/toolchain/arm_toolchain/bin/../lib/gcc/arm-none-eabi/8.3.1/../../../../arm-none-eabi/lib/thumb/v7-m/nofp\libg.a(lib_a-printf.o)
 .ARM.attributes
                0x000002bb       0x2d c:/gmd/toolchain/arm_toolchain/bin/../lib/gcc/arm-none-eabi/8.3.1/../../../../arm-none-eabi/lib/thumb/v7-m/nofp\libg.a(lib_a-puts.o)
 .ARM.attributes
                0x000002e8       0x2d c:/gmd/toolchain/arm_toolchain/bin/../lib/gcc/arm-none-eabi/8.3.1/../../../../arm-none-eabi/lib/thumb/v7-m/nofp\libg.a(lib_a-strlen-stub.o)
 .ARM.attributes
                0x00000315       0x2d c:/gmd/toolchain/arm_toolchain/bin/../lib/gcc/arm-none-eabi/8.3.1/../../../../arm-none-eabi/lib/thumb/v7-m/nofp\libg.a(lib_a-vfprintf.o)
 .ARM.attributes
                0x00000342       0x2d c:/gmd/toolchain/arm_toolchain/bin/../lib/gcc/arm-none-eabi/8.3.1/../../../../arm-none-eabi/lib/thumb/v7-m/nofp\libg.a(lib_a-wsetup.o)
 .ARM.attributes
                0x0000036f       0x2d c:/gmd/toolchain/arm_toolchain/bin/../lib/gcc/arm-none-eabi/8.3.1/../../../../arm-none-eabi/lib/thumb/v7-m/nofp\libg.a(lib_a-__call_atexit.o)
 .ARM.attributes
                0x0000039c       0x2d c:/gmd/toolchain/arm_toolchain/bin/../lib/gcc/arm-none-eabi/8.3.1/../../../../arm-none-eabi/lib/thumb/v7-m/nofp\libg.a(lib_a-dtoa.o)
 .ARM.attributes
                0x000003c9       0x2d c:/gmd/toolchain/arm_toolchain/bin/../lib/gcc/arm-none-eabi/8.3.1/../../../../arm-none-eabi/lib/thumb/v7-m/nofp\libg.a(lib_a-fflush.o)
 .ARM.attributes
                0x000003f6       0x2d c:/gmd/toolchain/arm_toolchain/bin/../lib/gcc/arm-none-eabi/8.3.1/../../../../arm-none-eabi/lib/thumb/v7-m/nofp\libg.a(lib_a-findfp.o)
 .ARM.attributes
                0x00000423       0x2d c:/gmd/toolchain/arm_toolchain/bin/../lib/gcc/arm-none-eabi/8.3.1/../../../../arm-none-eabi/lib/thumb/v7-m/nofp\libg.a(lib_a-freer.o)
 .ARM.attributes
                0x00000450       0x2d c:/gmd/toolchain/arm_toolchain/bin/../lib/gcc/arm-none-eabi/8.3.1/../../../../arm-none-eabi/lib/thumb/v7-m/nofp\libg.a(lib_a-fvwrite.o)
 .ARM.attributes
                0x0000047d       0x2d c:/gmd/toolchain/arm_toolchain/bin/../lib/gcc/arm-none-eabi/8.3.1/../../../../arm-none-eabi/lib/thumb/v7-m/nofp\libg.a(lib_a-fwalk.o)
 .ARM.attributes
                0x000004aa       0x2d c:/gmd/toolchain/arm_toolchain/bin/../lib/gcc/arm-none-eabi/8.3.1/../../../../arm-none-eabi/lib/thumb/v7-m/nofp\libg.a(lib_a-localeconv.o)
 .ARM.attributes
                0x000004d7       0x2d c:/gmd/toolchain/arm_toolchain/bin/../lib/gcc/arm-none-eabi/8.3.1/../../../../arm-none-eabi/lib/thumb/v7-m/nofp\libg.a(lib_a-lock.o)
 .ARM.attributes
                0x00000504       0x2d c:/gmd/toolchain/arm_toolchain/bin/../lib/gcc/arm-none-eabi/8.3.1/../../../../arm-none-eabi/lib/thumb/v7-m/nofp\libg.a(lib_a-makebuf.o)
 .ARM.attributes
                0x00000531       0x2d c:/gmd/toolchain/arm_toolchain/bin/../lib/gcc/arm-none-eabi/8.3.1/../../../../arm-none-eabi/lib/thumb/v7-m/nofp\libg.a(lib_a-mallocr.o)
 .ARM.attributes
                0x0000055e       0x2d c:/gmd/toolchain/arm_toolchain/bin/../lib/gcc/arm-none-eabi/8.3.1/../../../../arm-none-eabi/lib/thumb/v7-m/nofp\libg.a(lib_a-memchr-stub.o)
 .ARM.attributes
                0x0000058b       0x1b c:/gmd/toolchain/arm_toolchain/bin/../lib/gcc/arm-none-eabi/8.3.1/../../../../arm-none-eabi/lib/thumb/v7-m/nofp\libg.a(lib_a-memcpy.o)
 .ARM.attributes
                0x000005a6       0x2d c:/gmd/toolchain/arm_toolchain/bin/../lib/gcc/arm-none-eabi/8.3.1/../../../../arm-none-eabi/lib/thumb/v7-m/nofp\libg.a(lib_a-memmove.o)
 .ARM.attributes
                0x000005d3       0x2d c:/gmd/toolchain/arm_toolchain/bin/../lib/gcc/arm-none-eabi/8.3.1/../../../../arm-none-eabi/lib/thumb/v7-m/nofp\libg.a(lib_a-mlock.o)
 .ARM.attributes
                0x00000600       0x2d c:/gmd/toolchain/arm_toolchain/bin/../lib/gcc/arm-none-eabi/8.3.1/../../../../arm-none-eabi/lib/thumb/v7-m/nofp\libg.a(lib_a-mprec.o)
 .ARM.attributes
                0x0000062d       0x2d c:/gmd/toolchain/arm_toolchain/bin/../lib/gcc/arm-none-eabi/8.3.1/../../../../arm-none-eabi/lib/thumb/v7-m/nofp\libg.a(lib_a-reallocr.o)
 .ARM.attributes
                0x0000065a       0x2d c:/gmd/toolchain/arm_toolchain/bin/../lib/gcc/arm-none-eabi/8.3.1/../../../../arm-none-eabi/lib/thumb/v7-m/nofp\libg.a(lib_a-s_frexp.o)
 .ARM.attributes
                0x00000687       0x2d c:/gmd/toolchain/arm_toolchain/bin/../lib/gcc/arm-none-eabi/8.3.1/../../../../arm-none-eabi/lib/thumb/v7-m/nofp\libg.a(lib_a-sbrkr.o)
 .ARM.attributes
                0x000006b4       0x2d c:/gmd/toolchain/arm_toolchain/bin/../lib/gcc/arm-none-eabi/8.3.1/../../../../arm-none-eabi/lib/thumb/v7-m/nofp\libg.a(lib_a-stdio.o)
 .ARM.attributes
                0x000006e1       0x2d c:/gmd/toolchain/arm_toolchain/bin/../lib/gcc/arm-none-eabi/8.3.1/../../../../arm-none-eabi/lib/thumb/v7-m/nofp\libg.a(lib_a-strncpy.o)
 .ARM.attributes
                0x0000070e       0x2d c:/gmd/toolchain/arm_toolchain/bin/../lib/gcc/arm-none-eabi/8.3.1/../../../../arm-none-eabi/lib/thumb/v7-m/nofp\libg.a(lib_a-vfiprintf.o)
 .ARM.attributes
                0x0000073b       0x2d c:/gmd/toolchain/arm_toolchain/bin/../lib/gcc/arm-none-eabi/8.3.1/../../../../arm-none-eabi/lib/thumb/v7-m/nofp\libg.a(lib_a-writer.o)
 .ARM.attributes
                0x00000768       0x2d c:/gmd/toolchain/arm_toolchain/bin/../lib/gcc/arm-none-eabi/8.3.1/../../../../arm-none-eabi/lib/thumb/v7-m/nofp\libg.a(lib_a-callocr.o)
 .ARM.attributes
                0x00000795       0x2d c:/gmd/toolchain/arm_toolchain/bin/../lib/gcc/arm-none-eabi/8.3.1/../../../../arm-none-eabi/lib/thumb/v7-m/nofp\libg.a(lib_a-closer.o)
 .ARM.attributes
                0x000007c2       0x2d c:/gmd/toolchain/arm_toolchain/bin/../lib/gcc/arm-none-eabi/8.3.1/../../../../arm-none-eabi/lib/thumb/v7-m/nofp\libg.a(lib_a-fclose.o)
 .ARM.attributes
                0x000007ef       0x2d c:/gmd/toolchain/arm_toolchain/bin/../lib/gcc/arm-none-eabi/8.3.1/../../../../arm-none-eabi/lib/thumb/v7-m/nofp\libg.a(lib_a-fputwc.o)
 .ARM.attributes
                0x0000081c       0x2d c:/gmd/toolchain/arm_toolchain/bin/../lib/gcc/arm-none-eabi/8.3.1/../../../../arm-none-eabi/lib/thumb/v7-m/nofp\libg.a(lib_a-fstatr.o)
 .ARM.attributes
                0x00000849       0x2d c:/gmd/toolchain/arm_toolchain/bin/../lib/gcc/arm-none-eabi/8.3.1/../../../../arm-none-eabi/lib/thumb/v7-m/nofp\libg.a(lib_a-isattyr.o)
 .ARM.attributes
                0x00000876       0x2d c:/gmd/toolchain/arm_toolchain/bin/../lib/gcc/arm-none-eabi/8.3.1/../../../../arm-none-eabi/lib/thumb/v7-m/nofp\libg.a(lib_a-locale.o)
 .ARM.attributes
                0x000008a3       0x2d c:/gmd/toolchain/arm_toolchain/bin/../lib/gcc/arm-none-eabi/8.3.1/../../../../arm-none-eabi/lib/thumb/v7-m/nofp\libg.a(lib_a-lseekr.o)
 .ARM.attributes
                0x000008d0       0x2d c:/gmd/toolchain/arm_toolchain/bin/../lib/gcc/arm-none-eabi/8.3.1/../../../../arm-none-eabi/lib/thumb/v7-m/nofp\libg.a(lib_a-mbtowc_r.o)
 .ARM.attributes
                0x000008fd       0x2d c:/gmd/toolchain/arm_toolchain/bin/../lib/gcc/arm-none-eabi/8.3.1/../../../../arm-none-eabi/lib/thumb/v7-m/nofp\libg.a(lib_a-readr.o)
 .ARM.attributes
                0x0000092a       0x2d c:/gmd/toolchain/arm_toolchain/bin/../lib/gcc/arm-none-eabi/8.3.1/../../../../arm-none-eabi/lib/thumb/v7-m/nofp\libg.a(lib_a-reent.o)
 .ARM.attributes
                0x00000957       0x2d c:/gmd/toolchain/arm_toolchain/bin/../lib/gcc/arm-none-eabi/8.3.1/../../../../arm-none-eabi/lib/thumb/v7-m/nofp\libg.a(lib_a-wbuf.o)
 .ARM.attributes
                0x00000984       0x2d c:/gmd/toolchain/arm_toolchain/bin/../lib/gcc/arm-none-eabi/8.3.1/../../../../arm-none-eabi/lib/thumb/v7-m/nofp\libg.a(lib_a-wcrtomb.o)
 .ARM.attributes
                0x000009b1       0x2d c:/gmd/toolchain/arm_toolchain/bin/../lib/gcc/arm-none-eabi/8.3.1/../../../../arm-none-eabi/lib/thumb/v7-m/nofp\libg.a(lib_a-wctomb_r.o)
 .ARM.attributes
                0x000009de       0x1d c:/gmd/toolchain/arm_toolchain/bin/../lib/gcc/arm-none-eabi/8.3.1/thumb/v7-m/nofp\libgcc.a(_arm_addsubdf3.o)
 .ARM.attributes
                0x000009fb       0x1d c:/gmd/toolchain/arm_toolchain/bin/../lib/gcc/arm-none-eabi/8.3.1/thumb/v7-m/nofp\libgcc.a(_arm_muldivdf3.o)
 .ARM.attributes
                0x00000a18       0x1d c:/gmd/toolchain/arm_toolchain/bin/../lib/gcc/arm-none-eabi/8.3.1/thumb/v7-m/nofp\libgcc.a(_arm_cmpdf2.o)
 .ARM.attributes
                0x00000a35       0x1d c:/gmd/toolchain/arm_toolchain/bin/../lib/gcc/arm-none-eabi/8.3.1/thumb/v7-m/nofp\libgcc.a(_arm_unorddf2.o)
 .ARM.attributes
                0x00000a52       0x1d c:/gmd/toolchain/arm_toolchain/bin/../lib/gcc/arm-none-eabi/8.3.1/thumb/v7-m/nofp\libgcc.a(_arm_fixdfsi.o)
 .ARM.attributes
                0x00000a6f       0x2d c:/gmd/toolchain/arm_toolchain/bin/../lib/gcc/arm-none-eabi/8.3.1/../../../../arm-none-eabi/lib/thumb/v7-m/nofp\libnosys.a(close.o)
 .ARM.attributes
                0x00000a9c       0x2d c:/gmd/toolchain/arm_toolchain/bin/../lib/gcc/arm-none-eabi/8.3.1/../../../../arm-none-eabi/lib/thumb/v7-m/nofp\libnosys.a(fstat.o)
 .ARM.attributes
                0x00000ac9       0x2d c:/gmd/toolchain/arm_toolchain/bin/../lib/gcc/arm-none-eabi/8.3.1/../../../../arm-none-eabi/lib/thumb/v7-m/nofp\libnosys.a(isatty.o)
 .ARM.attributes
                0x00000af6       0x2d c:/gmd/toolchain/arm_toolchain/bin/../lib/gcc/arm-none-eabi/8.3.1/../../../../arm-none-eabi/lib/thumb/v7-m/nofp\libnosys.a(lseek.o)
 .ARM.attributes
                0x00000b23       0x2d c:/gmd/toolchain/arm_toolchain/bin/../lib/gcc/arm-none-eabi/8.3.1/../../../../arm-none-eabi/lib/thumb/v7-m/nofp\libnosys.a(read.o)
 .ARM.attributes
                0x00000b50       0x2d c:/gmd/toolchain/arm_toolchain/bin/../lib/gcc/arm-none-eabi/8.3.1/../../../../arm-none-eabi/lib/thumb/v7-m/nofp\libnosys.a(sbrk.o)
 .ARM.attributes
                0x00000b7d       0x2d c:/gmd/toolchain/arm_toolchain/bin/../lib/gcc/arm-none-eabi/8.3.1/../../../../arm-none-eabi/lib/thumb/v7-m/nofp\libnosys.a(_exit.o)

.comment        0x00000000       0x76
 .comment       0x00000000       0x76 ./template/gw1ns4c_it.o
                                 0x77 (size before relaxing)
 .comment       0x00000076       0x77 ./template/main.o
 .comment       0x00000076       0x77 ./template/retarget.o
 .comment       0x00000076       0x77 ./lib/StdPeriph_Driver/Sources/gw1ns4c_spi.o
 .comment       0x00000076       0x77 ./lib/StdPeriph_Driver/Sources/gw1ns4c_timer.o
 .comment       0x00000076       0x77 ./lib/StdPeriph_Driver/Sources/gw1ns4c_uart.o
 .comment       0x00000076       0x77 ./lib/CMSIS/DeviceSupport/system/system_gw1ns4c.o

.debug_info     0x00000000     0x2cf1
 .debug_info    0x00000000      0x374 ./template/gw1ns4c_it.o
 .debug_info    0x00000374      0xed1 ./template/main.o
 .debug_info    0x00001245      0xa7f ./template/retarget.o
 .debug_info    0x00001cc4      0x441 ./lib/StdPeriph_Driver/Sources/gw1ns4c_spi.o
 .debug_info    0x00002105      0x430 ./lib/StdPeriph_Driver/Sources/gw1ns4c_timer.o
 .debug_info    0x00002535      0x670 ./lib/StdPeriph_Driver/Sources/gw1ns4c_uart.o
 .debug_info    0x00002ba5      0x126 ./lib/CMSIS/DeviceSupport/system/system_gw1ns4c.o
 .debug_info    0x00002ccb       0x26 ./lib/CMSIS/DeviceSupport/startup/gmd/startup_gw1ns4c.o

.debug_abbrev   0x00000000      0xb65
 .debug_abbrev  0x00000000       0x9d ./template/gw1ns4c_it.o
 .debug_abbrev  0x0000009d      0x2e6 ./template/main.o
 .debug_abbrev  0x00000383      0x206 ./template/retarget.o
 .debug_abbrev  0x00000589      0x23c ./lib/StdPeriph_Driver/Sources/gw1ns4c_spi.o
 .debug_abbrev  0x000007c5      0x130 ./lib/StdPeriph_Driver/Sources/gw1ns4c_timer.o
 .debug_abbrev  0x000008f5      0x1ca ./lib/StdPeriph_Driver/Sources/gw1ns4c_uart.o
 .debug_abbrev  0x00000abf       0x92 ./lib/CMSIS/DeviceSupport/system/system_gw1ns4c.o
 .debug_abbrev  0x00000b51       0x14 ./lib/CMSIS/DeviceSupport/startup/gmd/startup_gw1ns4c.o

.debug_aranges  0x00000000      0x418
 .debug_aranges
                0x00000000      0x140 ./template/gw1ns4c_it.o
 .debug_aranges
                0x00000140       0x50 ./template/main.o
 .debug_aranges
                0x00000190       0x20 ./template/retarget.o
 .debug_aranges
                0x000001b0       0xe0 ./lib/StdPeriph_Driver/Sources/gw1ns4c_spi.o
 .debug_aranges
                0x00000290       0x80 ./lib/StdPeriph_Driver/Sources/gw1ns4c_timer.o
 .debug_aranges
                0x00000310       0xc0 ./lib/StdPeriph_Driver/Sources/gw1ns4c_uart.o
 .debug_aranges
                0x000003d0       0x28 ./lib/CMSIS/DeviceSupport/system/system_gw1ns4c.o
 .debug_aranges
                0x000003f8       0x20 ./lib/CMSIS/DeviceSupport/startup/gmd/startup_gw1ns4c.o

.debug_ranges   0x00000000      0x388
 .debug_ranges  0x00000000      0x130 ./template/gw1ns4c_it.o
 .debug_ranges  0x00000130       0x40 ./template/main.o
 .debug_ranges  0x00000170       0x10 ./template/retarget.o
 .debug_ranges  0x00000180       0xd0 ./lib/StdPeriph_Driver/Sources/gw1ns4c_spi.o
 .debug_ranges  0x00000250       0x70 ./lib/StdPeriph_Driver/Sources/gw1ns4c_timer.o
 .debug_ranges  0x000002c0       0xb0 ./lib/StdPeriph_Driver/Sources/gw1ns4c_uart.o
 .debug_ranges  0x00000370       0x18 ./lib/CMSIS/DeviceSupport/system/system_gw1ns4c.o

.debug_macro    0x00000000     0x2b29
 .debug_macro   0x00000000      0x100 ./template/gw1ns4c_it.o
 .debug_macro   0x00000100      0xa78 ./template/gw1ns4c_it.o
 .debug_macro   0x00000b78       0x22 ./template/gw1ns4c_it.o
 .debug_macro   0x00000b9a       0x22 ./template/gw1ns4c_it.o
 .debug_macro   0x00000bbc       0x22 ./template/gw1ns4c_it.o
 .debug_macro   0x00000bde       0x8e ./template/gw1ns4c_it.o
 .debug_macro   0x00000c6c       0x51 ./template/gw1ns4c_it.o
 .debug_macro   0x00000cbd      0x103 ./template/gw1ns4c_it.o
 .debug_macro   0x00000dc0       0x6a ./template/gw1ns4c_it.o
 .debug_macro   0x00000e2a      0x1df ./template/gw1ns4c_it.o
 .debug_macro   0x00001009      0x7b7 ./template/gw1ns4c_it.o
 .debug_macro   0x000017c0      0x314 ./template/gw1ns4c_it.o
 .debug_macro   0x00001ad4       0x6a ./template/gw1ns4c_it.o
 .debug_macro   0x00001b3e       0x3a ./template/gw1ns4c_it.o
 .debug_macro   0x00001b78       0x7c ./template/gw1ns4c_it.o
 .debug_macro   0x00001bf4       0x22 ./template/gw1ns4c_it.o
 .debug_macro   0x00001c16       0x94 ./template/gw1ns4c_it.o
 .debug_macro   0x00001caa       0x58 ./template/gw1ns4c_it.o
 .debug_macro   0x00001d02       0x34 ./template/gw1ns4c_it.o
 .debug_macro   0x00001d36       0x1c ./template/gw1ns4c_it.o
 .debug_macro   0x00001d52      0x287 ./template/main.o
 .debug_macro   0x00001fd9       0x10 ./template/main.o
 .debug_macro   0x00001fe9       0x5e ./template/main.o
 .debug_macro   0x00002047       0x16 ./template/main.o
 .debug_macro   0x0000205d       0x97 ./template/main.o
 .debug_macro   0x000020f4       0xfd ./template/main.o
 .debug_macro   0x000021f1      0x289 ./template/retarget.o
 .debug_macro   0x0000247a       0x16 ./template/retarget.o
 .debug_macro   0x00002490       0x10 ./template/retarget.o
 .debug_macro   0x000024a0       0x10 ./template/retarget.o
 .debug_macro   0x000024b0       0x35 ./template/retarget.o
 .debug_macro   0x000024e5      0x122 ./template/retarget.o
 .debug_macro   0x00002607      0x100 ./lib/StdPeriph_Driver/Sources/gw1ns4c_spi.o
 .debug_macro   0x00002707       0x8e ./lib/StdPeriph_Driver/Sources/gw1ns4c_spi.o
 .debug_macro   0x00002795      0x100 ./lib/StdPeriph_Driver/Sources/gw1ns4c_timer.o
 .debug_macro   0x00002895       0x1c ./lib/StdPeriph_Driver/Sources/gw1ns4c_timer.o
 .debug_macro   0x000028b1      0x100 ./lib/StdPeriph_Driver/Sources/gw1ns4c_uart.o
 .debug_macro   0x000029b1       0x76 ./lib/StdPeriph_Driver/Sources/gw1ns4c_uart.o
 .debug_macro   0x00002a27      0x102 ./lib/CMSIS/DeviceSupport/system/system_gw1ns4c.o

.debug_line     0x00000000     0x26cb
 .debug_line    0x00000000      0x614 ./template/gw1ns4c_it.o
 .debug_line    0x00000614      0x639 ./template/main.o
 .debug_line    0x00000c4d      0x4d6 ./template/retarget.o
 .debug_line    0x00001123      0x654 ./lib/StdPeriph_Driver/Sources/gw1ns4c_spi.o
 .debug_line    0x00001777      0x4c2 ./lib/StdPeriph_Driver/Sources/gw1ns4c_timer.o
 .debug_line    0x00001c39      0x632 ./lib/StdPeriph_Driver/Sources/gw1ns4c_uart.o
 .debug_line    0x0000226b      0x3ac ./lib/CMSIS/DeviceSupport/system/system_gw1ns4c.o
 .debug_line    0x00002617       0xb4 ./lib/CMSIS/DeviceSupport/startup/gmd/startup_gw1ns4c.o

.debug_str      0x00000000     0xe0e4
 .debug_str     0x00000000     0x8930 ./template/gw1ns4c_it.o
                               0x8a99 (size before relaxing)
 .debug_str     0x00008930     0x4c44 ./template/main.o
                               0xd543 (size before relaxing)
 .debug_str     0x0000d574      0x53f ./template/retarget.o
                               0xcedf (size before relaxing)
 .debug_str     0x0000dab3      0x21c ./lib/StdPeriph_Driver/Sources/gw1ns4c_spi.o
                               0x8a91 (size before relaxing)
 .debug_str     0x0000dccf      0x129 ./lib/StdPeriph_Driver/Sources/gw1ns4c_timer.o
                               0x8a1f (size before relaxing)
 .debug_str     0x0000ddf8      0x220 ./lib/StdPeriph_Driver/Sources/gw1ns4c_uart.o
                               0x8b76 (size before relaxing)
 .debug_str     0x0000e018       0x85 ./lib/CMSIS/DeviceSupport/system/system_gw1ns4c.o
                               0x88a7 (size before relaxing)
 .debug_str     0x0000e09d       0x47 ./lib/CMSIS/DeviceSupport/startup/gmd/startup_gw1ns4c.o
                                 0x64 (size before relaxing)

.debug_frame    0x00000000     0x22c8
 .debug_frame   0x00000000      0x490 ./template/gw1ns4c_it.o
 .debug_frame   0x00000490      0x110 ./template/main.o
 .debug_frame   0x000005a0       0x34 ./template/retarget.o
 .debug_frame   0x000005d4      0x350 ./lib/StdPeriph_Driver/Sources/gw1ns4c_spi.o
 .debug_frame   0x00000924      0x218 ./lib/StdPeriph_Driver/Sources/gw1ns4c_timer.o
 .debug_frame   0x00000b3c      0x354 ./lib/StdPeriph_Driver/Sources/gw1ns4c_uart.o
 .debug_frame   0x00000e90       0x50 ./lib/CMSIS/DeviceSupport/system/system_gw1ns4c.o
 .debug_frame   0x00000ee0       0x2c c:/gmd/toolchain/arm_toolchain/bin/../lib/gcc/arm-none-eabi/8.3.1/thumb/v7-m/nofp\libgcc.a(_aeabi_uldivmod.o)
 .debug_frame   0x00000f0c       0x34 c:/gmd/toolchain/arm_toolchain/bin/../lib/gcc/arm-none-eabi/8.3.1/thumb/v7-m/nofp\libgcc.a(_udivmoddi4.o)
 .debug_frame   0x00000f40       0x28 c:/gmd/toolchain/arm_toolchain/bin/../lib/gcc/arm-none-eabi/8.3.1/../../../../arm-none-eabi/lib/thumb/v7-m/nofp\libg.a(lib_a-exit.o)
 .debug_frame   0x00000f68       0x38 c:/gmd/toolchain/arm_toolchain/bin/../lib/gcc/arm-none-eabi/8.3.1/../../../../arm-none-eabi/lib/thumb/v7-m/nofp\libg.a(lib_a-memset.o)
 .debug_frame   0x00000fa0       0x78 c:/gmd/toolchain/arm_toolchain/bin/../lib/gcc/arm-none-eabi/8.3.1/../../../../arm-none-eabi/lib/thumb/v7-m/nofp\libg.a(lib_a-printf.o)
 .debug_frame   0x00001018       0x4c c:/gmd/toolchain/arm_toolchain/bin/../lib/gcc/arm-none-eabi/8.3.1/../../../../arm-none-eabi/lib/thumb/v7-m/nofp\libg.a(lib_a-puts.o)
 .debug_frame   0x00001064       0x20 c:/gmd/toolchain/arm_toolchain/bin/../lib/gcc/arm-none-eabi/8.3.1/../../../../arm-none-eabi/lib/thumb/v7-m/nofp\libg.a(lib_a-strlen-stub.o)
 .debug_frame   0x00001084       0x8c c:/gmd/toolchain/arm_toolchain/bin/../lib/gcc/arm-none-eabi/8.3.1/../../../../arm-none-eabi/lib/thumb/v7-m/nofp\libg.a(lib_a-vfprintf.o)
 .debug_frame   0x00001110       0x2c c:/gmd/toolchain/arm_toolchain/bin/../lib/gcc/arm-none-eabi/8.3.1/../../../../arm-none-eabi/lib/thumb/v7-m/nofp\libg.a(lib_a-wsetup.o)
 .debug_frame   0x0000113c       0x5c c:/gmd/toolchain/arm_toolchain/bin/../lib/gcc/arm-none-eabi/8.3.1/../../../../arm-none-eabi/lib/thumb/v7-m/nofp\libg.a(lib_a-__call_atexit.o)
 .debug_frame   0x00001198       0x8c c:/gmd/toolchain/arm_toolchain/bin/../lib/gcc/arm-none-eabi/8.3.1/../../../../arm-none-eabi/lib/thumb/v7-m/nofp\libg.a(lib_a-dtoa.o)
 .debug_frame   0x00001224       0x5c c:/gmd/toolchain/arm_toolchain/bin/../lib/gcc/arm-none-eabi/8.3.1/../../../../arm-none-eabi/lib/thumb/v7-m/nofp\libg.a(lib_a-fflush.o)
 .debug_frame   0x00001280      0x150 c:/gmd/toolchain/arm_toolchain/bin/../lib/gcc/arm-none-eabi/8.3.1/../../../../arm-none-eabi/lib/thumb/v7-m/nofp\libg.a(lib_a-findfp.o)
 .debug_frame   0x000013d0       0x8c c:/gmd/toolchain/arm_toolchain/bin/../lib/gcc/arm-none-eabi/8.3.1/../../../../arm-none-eabi/lib/thumb/v7-m/nofp\libg.a(lib_a-freer.o)
 .debug_frame   0x0000145c       0x64 c:/gmd/toolchain/arm_toolchain/bin/../lib/gcc/arm-none-eabi/8.3.1/../../../../arm-none-eabi/lib/thumb/v7-m/nofp\libg.a(lib_a-fvwrite.o)
 .debug_frame   0x000014c0       0x54 c:/gmd/toolchain/arm_toolchain/bin/../lib/gcc/arm-none-eabi/8.3.1/../../../../arm-none-eabi/lib/thumb/v7-m/nofp\libg.a(lib_a-fwalk.o)
 .debug_frame   0x00001514       0x40 c:/gmd/toolchain/arm_toolchain/bin/../lib/gcc/arm-none-eabi/8.3.1/../../../../arm-none-eabi/lib/thumb/v7-m/nofp\libg.a(lib_a-localeconv.o)
 .debug_frame   0x00001554       0xb0 c:/gmd/toolchain/arm_toolchain/bin/../lib/gcc/arm-none-eabi/8.3.1/../../../../arm-none-eabi/lib/thumb/v7-m/nofp\libg.a(lib_a-lock.o)
 .debug_frame   0x00001604       0x64 c:/gmd/toolchain/arm_toolchain/bin/../lib/gcc/arm-none-eabi/8.3.1/../../../../arm-none-eabi/lib/thumb/v7-m/nofp\libg.a(lib_a-makebuf.o)
 .debug_frame   0x00001668       0x4c c:/gmd/toolchain/arm_toolchain/bin/../lib/gcc/arm-none-eabi/8.3.1/../../../../arm-none-eabi/lib/thumb/v7-m/nofp\libg.a(lib_a-mallocr.o)
 .debug_frame   0x000016b4       0x34 c:/gmd/toolchain/arm_toolchain/bin/../lib/gcc/arm-none-eabi/8.3.1/../../../../arm-none-eabi/lib/thumb/v7-m/nofp\libg.a(lib_a-memchr-stub.o)
 .debug_frame   0x000016e8       0x40 c:/gmd/toolchain/arm_toolchain/bin/../lib/gcc/arm-none-eabi/8.3.1/../../../../arm-none-eabi/lib/thumb/v7-m/nofp\libg.a(lib_a-memmove.o)
 .debug_frame   0x00001728       0x30 c:/gmd/toolchain/arm_toolchain/bin/../lib/gcc/arm-none-eabi/8.3.1/../../../../arm-none-eabi/lib/thumb/v7-m/nofp\libg.a(lib_a-mlock.o)
 .debug_frame   0x00001758      0x260 c:/gmd/toolchain/arm_toolchain/bin/../lib/gcc/arm-none-eabi/8.3.1/../../../../arm-none-eabi/lib/thumb/v7-m/nofp\libg.a(lib_a-mprec.o)
 .debug_frame   0x000019b8       0x48 c:/gmd/toolchain/arm_toolchain/bin/../lib/gcc/arm-none-eabi/8.3.1/../../../../arm-none-eabi/lib/thumb/v7-m/nofp\libg.a(lib_a-reallocr.o)
 .debug_frame   0x00001a00       0x30 c:/gmd/toolchain/arm_toolchain/bin/../lib/gcc/arm-none-eabi/8.3.1/../../../../arm-none-eabi/lib/thumb/v7-m/nofp\libg.a(lib_a-s_frexp.o)
 .debug_frame   0x00001a30       0x2c c:/gmd/toolchain/arm_toolchain/bin/../lib/gcc/arm-none-eabi/8.3.1/../../../../arm-none-eabi/lib/thumb/v7-m/nofp\libg.a(lib_a-sbrkr.o)
 .debug_frame   0x00001a5c       0x8c c:/gmd/toolchain/arm_toolchain/bin/../lib/gcc/arm-none-eabi/8.3.1/../../../../arm-none-eabi/lib/thumb/v7-m/nofp\libg.a(lib_a-stdio.o)
 .debug_frame   0x00001ae8       0x38 c:/gmd/toolchain/arm_toolchain/bin/../lib/gcc/arm-none-eabi/8.3.1/../../../../arm-none-eabi/lib/thumb/v7-m/nofp\libg.a(lib_a-strncpy.o)
 .debug_frame   0x00001b20       0xd0 c:/gmd/toolchain/arm_toolchain/bin/../lib/gcc/arm-none-eabi/8.3.1/../../../../arm-none-eabi/lib/thumb/v7-m/nofp\libg.a(lib_a-vfiprintf.o)
 .debug_frame   0x00001bf0       0x30 c:/gmd/toolchain/arm_toolchain/bin/../lib/gcc/arm-none-eabi/8.3.1/../../../../arm-none-eabi/lib/thumb/v7-m/nofp\libg.a(lib_a-writer.o)
 .debug_frame   0x00001c20       0x28 c:/gmd/toolchain/arm_toolchain/bin/../lib/gcc/arm-none-eabi/8.3.1/../../../../arm-none-eabi/lib/thumb/v7-m/nofp\libg.a(lib_a-callocr.o)
 .debug_frame   0x00001c48       0x2c c:/gmd/toolchain/arm_toolchain/bin/../lib/gcc/arm-none-eabi/8.3.1/../../../../arm-none-eabi/lib/thumb/v7-m/nofp\libg.a(lib_a-closer.o)
 .debug_frame   0x00001c74       0x3c c:/gmd/toolchain/arm_toolchain/bin/../lib/gcc/arm-none-eabi/8.3.1/../../../../arm-none-eabi/lib/thumb/v7-m/nofp\libg.a(lib_a-fclose.o)
 .debug_frame   0x00001cb0       0x9c c:/gmd/toolchain/arm_toolchain/bin/../lib/gcc/arm-none-eabi/8.3.1/../../../../arm-none-eabi/lib/thumb/v7-m/nofp\libg.a(lib_a-fputwc.o)
 .debug_frame   0x00001d4c       0x2c c:/gmd/toolchain/arm_toolchain/bin/../lib/gcc/arm-none-eabi/8.3.1/../../../../arm-none-eabi/lib/thumb/v7-m/nofp\libg.a(lib_a-fstatr.o)
 .debug_frame   0x00001d78       0x2c c:/gmd/toolchain/arm_toolchain/bin/../lib/gcc/arm-none-eabi/8.3.1/../../../../arm-none-eabi/lib/thumb/v7-m/nofp\libg.a(lib_a-isattyr.o)
 .debug_frame   0x00001da4       0x54 c:/gmd/toolchain/arm_toolchain/bin/../lib/gcc/arm-none-eabi/8.3.1/../../../../arm-none-eabi/lib/thumb/v7-m/nofp\libg.a(lib_a-locale.o)
 .debug_frame   0x00001df8       0x30 c:/gmd/toolchain/arm_toolchain/bin/../lib/gcc/arm-none-eabi/8.3.1/../../../../arm-none-eabi/lib/thumb/v7-m/nofp\libg.a(lib_a-lseekr.o)
 .debug_frame   0x00001e28       0x4c c:/gmd/toolchain/arm_toolchain/bin/../lib/gcc/arm-none-eabi/8.3.1/../../../../arm-none-eabi/lib/thumb/v7-m/nofp\libg.a(lib_a-mbtowc_r.o)
 .debug_frame   0x00001e74       0x30 c:/gmd/toolchain/arm_toolchain/bin/../lib/gcc/arm-none-eabi/8.3.1/../../../../arm-none-eabi/lib/thumb/v7-m/nofp\libg.a(lib_a-readr.o)
 .debug_frame   0x00001ea4       0x60 c:/gmd/toolchain/arm_toolchain/bin/../lib/gcc/arm-none-eabi/8.3.1/../../../../arm-none-eabi/lib/thumb/v7-m/nofp\libg.a(lib_a-reent.o)
 .debug_frame   0x00001f04       0x40 c:/gmd/toolchain/arm_toolchain/bin/../lib/gcc/arm-none-eabi/8.3.1/../../../../arm-none-eabi/lib/thumb/v7-m/nofp\libg.a(lib_a-wbuf.o)
 .debug_frame   0x00001f44       0x64 c:/gmd/toolchain/arm_toolchain/bin/../lib/gcc/arm-none-eabi/8.3.1/../../../../arm-none-eabi/lib/thumb/v7-m/nofp\libg.a(lib_a-wcrtomb.o)
 .debug_frame   0x00001fa8       0x3c c:/gmd/toolchain/arm_toolchain/bin/../lib/gcc/arm-none-eabi/8.3.1/../../../../arm-none-eabi/lib/thumb/v7-m/nofp\libg.a(lib_a-wctomb_r.o)
 .debug_frame   0x00001fe4       0xac c:/gmd/toolchain/arm_toolchain/bin/../lib/gcc/arm-none-eabi/8.3.1/thumb/v7-m/nofp\libgcc.a(_arm_addsubdf3.o)
 .debug_frame   0x00002090       0x50 c:/gmd/toolchain/arm_toolchain/bin/../lib/gcc/arm-none-eabi/8.3.1/thumb/v7-m/nofp\libgcc.a(_arm_muldivdf3.o)
 .debug_frame   0x000020e0       0xc4 c:/gmd/toolchain/arm_toolchain/bin/../lib/gcc/arm-none-eabi/8.3.1/thumb/v7-m/nofp\libgcc.a(_arm_cmpdf2.o)
 .debug_frame   0x000021a4       0x20 c:/gmd/toolchain/arm_toolchain/bin/../lib/gcc/arm-none-eabi/8.3.1/thumb/v7-m/nofp\libgcc.a(_arm_unorddf2.o)
 .debug_frame   0x000021c4       0x24 c:/gmd/toolchain/arm_toolchain/bin/../lib/gcc/arm-none-eabi/8.3.1/thumb/v7-m/nofp\libgcc.a(_arm_fixdfsi.o)
 .debug_frame   0x000021e8       0x20 c:/gmd/toolchain/arm_toolchain/bin/../lib/gcc/arm-none-eabi/8.3.1/../../../../arm-none-eabi/lib/thumb/v7-m/nofp\libnosys.a(close.o)
 .debug_frame   0x00002208       0x20 c:/gmd/toolchain/arm_toolchain/bin/../lib/gcc/arm-none-eabi/8.3.1/../../../../arm-none-eabi/lib/thumb/v7-m/nofp\libnosys.a(fstat.o)
 .debug_frame   0x00002228       0x20 c:/gmd/toolchain/arm_toolchain/bin/../lib/gcc/arm-none-eabi/8.3.1/../../../../arm-none-eabi/lib/thumb/v7-m/nofp\libnosys.a(isatty.o)
 .debug_frame   0x00002248       0x20 c:/gmd/toolchain/arm_toolchain/bin/../lib/gcc/arm-none-eabi/8.3.1/../../../../arm-none-eabi/lib/thumb/v7-m/nofp\libnosys.a(lseek.o)
 .debug_frame   0x00002268       0x20 c:/gmd/toolchain/arm_toolchain/bin/../lib/gcc/arm-none-eabi/8.3.1/../../../../arm-none-eabi/lib/thumb/v7-m/nofp\libnosys.a(read.o)
 .debug_frame   0x00002288       0x20 c:/gmd/toolchain/arm_toolchain/bin/../lib/gcc/arm-none-eabi/8.3.1/../../../../arm-none-eabi/lib/thumb/v7-m/nofp\libnosys.a(sbrk.o)
 .debug_frame   0x000022a8       0x20 c:/gmd/toolchain/arm_toolchain/bin/../lib/gcc/arm-none-eabi/8.3.1/../../../../arm-none-eabi/lib/thumb/v7-m/nofp\libnosys.a(_exit.o)

.stab           0x00000000       0x84
 .stab          0x00000000       0x24 c:/gmd/toolchain/arm_toolchain/bin/../lib/gcc/arm-none-eabi/8.3.1/../../../../arm-none-eabi/lib/thumb/v7-m/nofp\libnosys.a(close.o)
 .stab          0x00000024       0x18 c:/gmd/toolchain/arm_toolchain/bin/../lib/gcc/arm-none-eabi/8.3.1/../../../../arm-none-eabi/lib/thumb/v7-m/nofp\libnosys.a(fstat.o)
                                 0x24 (size before relaxing)
 .stab          0x0000003c       0x18 c:/gmd/toolchain/arm_toolchain/bin/../lib/gcc/arm-none-eabi/8.3.1/../../../../arm-none-eabi/lib/thumb/v7-m/nofp\libnosys.a(isatty.o)
                                 0x24 (size before relaxing)
 .stab          0x00000054       0x18 c:/gmd/toolchain/arm_toolchain/bin/../lib/gcc/arm-none-eabi/8.3.1/../../../../arm-none-eabi/lib/thumb/v7-m/nofp\libnosys.a(lseek.o)
                                 0x24 (size before relaxing)
 .stab          0x0000006c       0x18 c:/gmd/toolchain/arm_toolchain/bin/../lib/gcc/arm-none-eabi/8.3.1/../../../../arm-none-eabi/lib/thumb/v7-m/nofp\libnosys.a(read.o)
                                 0x24 (size before relaxing)

.stabstr        0x00000000      0x117
 .stabstr       0x00000000      0x117 c:/gmd/toolchain/arm_toolchain/bin/../lib/gcc/arm-none-eabi/8.3.1/../../../../arm-none-eabi/lib/thumb/v7-m/nofp\libnosys.a(close.o)
