15:25:42 **** Build of configuration Debug for project gowin_picorv32 ****
make all 
Building file: ../user/main.c
Invoking: GNU RISC-V Cross C Compiler
riscv-none-embed-gcc -march=rv32imc -mabi=ilp32 -mtune=size -mcmodel=medany -msmall-data-limit=8 -msave-restore -Os -fmessage-length=0 -ffunction-sections -fdata-sections -fno-builtin  -g3 -I"C:\GMD\workspace\gowin_picorv32\config" -I"C:\GMD\workspace\gowin_picorv32\peripherals\includes" -I"C:\GMD\workspace\gowin_picorv32\system" -I"C:\GMD\workspace\gowin_picorv32\user" -std=gnu11 -MMD -MP -MF"user/main.d" -MT"user/main.o" -c -o "user/main.o" "../user/main.c"
Finished building: ../user/main.c
 
Building file: ../user/printf.c
Invoking: GNU RISC-V Cross C Compiler
riscv-none-embed-gcc -march=rv32imc -mabi=ilp32 -mtune=size -mcmodel=medany -msmall-data-limit=8 -msave-restore -Os -fmessage-length=0 -ffunction-sections -fdata-sections -fno-builtin  -g3 -I"C:\GMD\workspace\gowin_picorv32\config" -I"C:\GMD\workspace\gowin_picorv32\peripherals\includes" -I"C:\GMD\workspace\gowin_picorv32\system" -I"C:\GMD\workspace\gowin_picorv32\user" -std=gnu11 -MMD -MP -MF"user/printf.d" -MT"user/printf.o" -c -o "user/printf.o" "../user/printf.c"
Finished building: ../user/printf.c
 
Building file: ../system/firmware.c
Invoking: GNU RISC-V Cross C Compiler
riscv-none-embed-gcc -march=rv32imc -mabi=ilp32 -mtune=size -mcmodel=medany -msmall-data-limit=8 -msave-restore -Os -fmessage-length=0 -ffunction-sections -fdata-sections -fno-builtin  -g3 -I"C:\GMD\workspace\gowin_picorv32\config" -I"C:\GMD\workspace\gowin_picorv32\peripherals\includes" -I"C:\GMD\workspace\gowin_picorv32\system" -I"C:\GMD\workspace\gowin_picorv32\user" -std=gnu11 -MMD -MP -MF"system/firmware.d" -MT"system/firmware.o" -c -o "system/firmware.o" "../system/firmware.c"
Finished building: ../system/firmware.c
 
Building file: ../system/irq.c
Invoking: GNU RISC-V Cross C Compiler
riscv-none-embed-gcc -march=rv32imc -mabi=ilp32 -mtune=size -mcmodel=medany -msmall-data-limit=8 -msave-restore -Os -fmessage-length=0 -ffunction-sections -fdata-sections -fno-builtin  -g3 -I"C:\GMD\workspace\gowin_picorv32\config" -I"C:\GMD\workspace\gowin_picorv32\peripherals\includes" -I"C:\GMD\workspace\gowin_picorv32\system" -I"C:\GMD\workspace\gowin_picorv32\user" -std=gnu11 -MMD -MP -MF"system/irq.d" -MT"system/irq.o" -c -o "system/irq.o" "../system/irq.c"
Finished building: ../system/irq.c
 
Building file: ../system/loader.c
Invoking: GNU RISC-V Cross C Compiler
riscv-none-embed-gcc -march=rv32imc -mabi=ilp32 -mtune=size -mcmodel=medany -msmall-data-limit=8 -msave-restore -Os -fmessage-length=0 -ffunction-sections -fdata-sections -fno-builtin  -g3 -I"C:\GMD\workspace\gowin_picorv32\config" -I"C:\GMD\workspace\gowin_picorv32\peripherals\includes" -I"C:\GMD\workspace\gowin_picorv32\system" -I"C:\GMD\workspace\gowin_picorv32\user" -std=gnu11 -MMD -MP -MF"system/loader.d" -MT"system/loader.o" -c -o "system/loader.o" "../system/loader.c"
Finished building: ../system/loader.c
 
Building file: ../startup/custom_ops.S
Invoking: GNU RISC-V Cross Assembler
riscv-none-embed-gcc -march=rv32imc -mabi=ilp32 -mtune=size -mcmodel=medany -msmall-data-limit=8 -msave-restore -Os -fmessage-length=0 -ffunction-sections -fdata-sections -fno-builtin  -g3 -x assembler-with-cpp -I"C:\GMD\workspace\gowin_picorv32\config" -I"C:\GMD\workspace\gowin_picorv32\startup" -MMD -MP -MF"startup/custom_ops.d" -MT"startup/custom_ops.o" -c -o "startup/custom_ops.o" "../startup/custom_ops.S"
Finished building: ../startup/custom_ops.S
 
Building file: ../startup/start.S
Invoking: GNU RISC-V Cross Assembler
riscv-none-embed-gcc -march=rv32imc -mabi=ilp32 -mtune=size -mcmodel=medany -msmall-data-limit=8 -msave-restore -Os -fmessage-length=0 -ffunction-sections -fdata-sections -fno-builtin  -g3 -x assembler-with-cpp -I"C:\GMD\workspace\gowin_picorv32\config" -I"C:\GMD\workspace\gowin_picorv32\startup" -MMD -MP -MF"startup/start.d" -MT"startup/start.o" -c -o "startup/start.o" "../startup/start.S"
Finished building: ../startup/start.S
 
Building file: ../peripherals/sources/advspi.c
Invoking: GNU RISC-V Cross C Compiler
riscv-none-embed-gcc -march=rv32imc -mabi=ilp32 -mtune=size -mcmodel=medany -msmall-data-limit=8 -msave-restore -Os -fmessage-length=0 -ffunction-sections -fdata-sections -fno-builtin  -g3 -I"C:\GMD\workspace\gowin_picorv32\config" -I"C:\GMD\workspace\gowin_picorv32\peripherals\includes" -I"C:\GMD\workspace\gowin_picorv32\system" -I"C:\GMD\workspace\gowin_picorv32\user" -std=gnu11 -MMD -MP -MF"peripherals/sources/advspi.d" -MT"peripherals/sources/advspi.o" -c -o "peripherals/sources/advspi.o" "../peripherals/sources/advspi.c"
Finished building: ../peripherals/sources/advspi.c
 
Building file: ../peripherals/sources/simpleuart.c
Invoking: GNU RISC-V Cross C Compiler
riscv-none-embed-gcc -march=rv32imc -mabi=ilp32 -mtune=size -mcmodel=medany -msmall-data-limit=8 -msave-restore -Os -fmessage-length=0 -ffunction-sections -fdata-sections -fno-builtin  -g3 -I"C:\GMD\workspace\gowin_picorv32\config" -I"C:\GMD\workspace\gowin_picorv32\peripherals\includes" -I"C:\GMD\workspace\gowin_picorv32\system" -I"C:\GMD\workspace\gowin_picorv32\user" -std=gnu11 -MMD -MP -MF"peripherals/sources/simpleuart.d" -MT"peripherals/sources/simpleuart.o" -c -o "peripherals/sources/simpleuart.o" "../peripherals/sources/simpleuart.c"
Finished building: ../peripherals/sources/simpleuart.c
 
Building file: ../peripherals/sources/wbgpio.c
Invoking: GNU RISC-V Cross C Compiler
riscv-none-embed-gcc -march=rv32imc -mabi=ilp32 -mtune=size -mcmodel=medany -msmall-data-limit=8 -msave-restore -Os -fmessage-length=0 -ffunction-sections -fdata-sections -fno-builtin  -g3 -I"C:\GMD\workspace\gowin_picorv32\config" -I"C:\GMD\workspace\gowin_picorv32\peripherals\includes" -I"C:\GMD\workspace\gowin_picorv32\system" -I"C:\GMD\workspace\gowin_picorv32\user" -std=gnu11 -MMD -MP -MF"peripherals/sources/wbgpio.d" -MT"peripherals/sources/wbgpio.o" -c -o "peripherals/sources/wbgpio.o" "../peripherals/sources/wbgpio.c"
Finished building: ../peripherals/sources/wbgpio.c
 
Building file: ../peripherals/sources/wbi2c.c
Invoking: GNU RISC-V Cross C Compiler
riscv-none-embed-gcc -march=rv32imc -mabi=ilp32 -mtune=size -mcmodel=medany -msmall-data-limit=8 -msave-restore -Os -fmessage-length=0 -ffunction-sections -fdata-sections -fno-builtin  -g3 -I"C:\GMD\workspace\gowin_picorv32\config" -I"C:\GMD\workspace\gowin_picorv32\peripherals\includes" -I"C:\GMD\workspace\gowin_picorv32\system" -I"C:\GMD\workspace\gowin_picorv32\user" -std=gnu11 -MMD -MP -MF"peripherals/sources/wbi2c.d" -MT"peripherals/sources/wbi2c.o" -c -o "peripherals/sources/wbi2c.o" "../peripherals/sources/wbi2c.c"
Finished building: ../peripherals/sources/wbi2c.c
 
Building file: ../peripherals/sources/wbspi.c
Invoking: GNU RISC-V Cross C Compiler
riscv-none-embed-gcc -march=rv32imc -mabi=ilp32 -mtune=size -mcmodel=medany -msmall-data-limit=8 -msave-restore -Os -fmessage-length=0 -ffunction-sections -fdata-sections -fno-builtin  -g3 -I"C:\GMD\workspace\gowin_picorv32\config" -I"C:\GMD\workspace\gowin_picorv32\peripherals\includes" -I"C:\GMD\workspace\gowin_picorv32\system" -I"C:\GMD\workspace\gowin_picorv32\user" -std=gnu11 -MMD -MP -MF"peripherals/sources/wbspi.d" -MT"peripherals/sources/wbspi.o" -c -o "peripherals/sources/wbspi.o" "../peripherals/sources/wbspi.c"
Finished building: ../peripherals/sources/wbspi.c
 
Building file: ../peripherals/sources/wbuart.c
Invoking: GNU RISC-V Cross C Compiler
riscv-none-embed-gcc -march=rv32imc -mabi=ilp32 -mtune=size -mcmodel=medany -msmall-data-limit=8 -msave-restore -Os -fmessage-length=0 -ffunction-sections -fdata-sections -fno-builtin  -g3 -I"C:\GMD\workspace\gowin_picorv32\config" -I"C:\GMD\workspace\gowin_picorv32\peripherals\includes" -I"C:\GMD\workspace\gowin_picorv32\system" -I"C:\GMD\workspace\gowin_picorv32\user" -std=gnu11 -MMD -MP -MF"peripherals/sources/wbuart.d" -MT"peripherals/sources/wbuart.o" -c -o "peripherals/sources/wbuart.o" "../peripherals/sources/wbuart.c"
Finished building: ../peripherals/sources/wbuart.c
 
Building target: gowin_picorv32.elf
Invoking: GNU RISC-V Cross C Linker
riscv-none-embed-gcc -march=rv32imc -mabi=ilp32 -mtune=size -mcmodel=medany -msmall-data-limit=8 -msave-restore -Os -fmessage-length=0 -ffunction-sections -fdata-sections -fno-builtin  -g3 -T "C:\GMD\workspace\gowin_picorv32\linker\sections.lds" -nostartfiles -Xlinker --gc-sections -Wl,-Map,"gowin_picorv32.map" -o "gowin_picorv32.elf"  ./user/main.o ./user/printf.o  ./system/firmware.o ./system/irq.o ./system/loader.o  ./startup/custom_ops.o ./startup/start.o  ./peripherals/sources/advspi.o ./peripherals/sources/simpleuart.o ./peripherals/sources/wbgpio.o ./peripherals/sources/wbi2c.o ./peripherals/sources/wbspi.o ./peripherals/sources/wbuart.o   
Finished building target: gowin_picorv32.elf
 
Invoking: GNU RISC-V Cross Create Flash Image
riscv-none-embed-objcopy -O binary -j .text -j .data -j.irqsec -j.ldsec -j.btsec "gowin_picorv32.elf"  "gowin_picorv32.bin"
Finished building: gowin_picorv32.bin
 
Invoking: GNU RISC-V Cross Print Size
riscv-none-embed-size --format=berkeley "gowin_picorv32.elf"
   text	   data	    bss	    dec	    hex	filename
   2848	      4	      0	   2852	    b24	gowin_picorv32.elf
Finished building: gowin_picorv32.siz
 

15:25:44 Build Finished (took 2s.388ms)

