18:11:55 **** Incremental Build of configuration Debug for project test1 ****
make all 
Invoking: GNU ARM Cross Print Size
arm-none-eabi-size --format=berkeley "test1.elf"
   text	   data	    bss	    dec	    hex	filename
  14320	   2188	    112	  16620	   40ec	test1.elf
Finished building: test1.siz
 
18:17:23 **** Incremental Build of configuration Debug for project test1 ****
make all 
Building file: ../template/main.c
Invoking: GNU ARM Cross C Compiler
arm-none-eabi-gcc -mcpu=cortex-m3 -mthumb -O0 -fmessage-length=0 -fsigned-char -ffunction-sections -fdata-sections  -g3 -I"C:\GMD\workspace\test1\test1\lib\CMSIS\CoreSupport\gmd" -I"C:\GMD\workspace\test1\test1\lib\CMSIS\DeviceSupport\system" -I"C:\GMD\workspace\test1\test1\lib\StdPeriph_Driver\Includes" -I"C:\GMD\workspace\test1\test1\template" -std=gnu11 -MMD -MP -MF"template/main.d" -MT"template/main.o" -c -o "template/main.o" "../template/main.c"
Finished building: ../template/main.c
 
Building target: test1.elf
Invoking: GNU ARM Cross C Linker
arm-none-eabi-gcc -mcpu=cortex-m3 -mthumb -O0 -fmessage-length=0 -fsigned-char -ffunction-sections -fdata-sections  -g3 -T "C:\GMD\workspace\test1\test1\lib\Script\flash\gmd\gw1ns4c_flash.ld" -Xlinker --gc-sections -Wl,-Map,"test1.map" -o "test1.elf"  ./template/gw1ns4c_it.o ./template/hfbeacon.o ./template/main.o ./template/retarget.o  ./lib/StdPeriph_Driver/Sources/gw1ns4c_gpio.o ./lib/StdPeriph_Driver/Sources/gw1ns4c_i2c.o ./lib/StdPeriph_Driver/Sources/gw1ns4c_misc.o ./lib/StdPeriph_Driver/Sources/gw1ns4c_rtc.o ./lib/StdPeriph_Driver/Sources/gw1ns4c_spi.o ./lib/StdPeriph_Driver/Sources/gw1ns4c_syscon.o ./lib/StdPeriph_Driver/Sources/gw1ns4c_timer.o ./lib/StdPeriph_Driver/Sources/gw1ns4c_uart.o ./lib/StdPeriph_Driver/Sources/gw1ns4c_wdog.o  ./lib/CMSIS/DeviceSupport/system/system_gw1ns4c.o  ./lib/CMSIS/DeviceSupport/startup/gmd/startup_gw1ns4c.o  ./lib/CMSIS/CoreSupport/gmd/core_cm3.o   
Finished building target: test1.elf
 
Invoking: GNU ARM Cross Create Flash Image
arm-none-eabi-objcopy -O binary "test1.elf"  "test1.bin"
Finished building: test1.bin
 
Invoking: GNU ARM Cross Print Size
arm-none-eabi-size --format=berkeley "test1.elf"
   text	   data	    bss	    dec	    hex	filename
  13852	   2188	    112	  16152	   3f18	test1.elf
Finished building: test1.siz
 
18:19:19 **** Incremental Build of configuration Debug for project test1 ****
make all 
Building file: ../template/main.c
Invoking: GNU ARM Cross C Compiler
arm-none-eabi-gcc -mcpu=cortex-m3 -mthumb -O0 -fmessage-length=0 -fsigned-char -ffunction-sections -fdata-sections  -g3 -I"C:\GMD\workspace\test1\test1\lib\CMSIS\CoreSupport\gmd" -I"C:\GMD\workspace\test1\test1\lib\CMSIS\DeviceSupport\system" -I"C:\GMD\workspace\test1\test1\lib\StdPeriph_Driver\Includes" -I"C:\GMD\workspace\test1\test1\template" -std=gnu11 -MMD -MP -MF"template/main.d" -MT"template/main.o" -c -o "template/main.o" "../template/main.c"
Finished building: ../template/main.c
 
Building target: test1.elf
Invoking: GNU ARM Cross C Linker
arm-none-eabi-gcc -mcpu=cortex-m3 -mthumb -O0 -fmessage-length=0 -fsigned-char -ffunction-sections -fdata-sections  -g3 -T "C:\GMD\workspace\test1\test1\lib\Script\flash\gmd\gw1ns4c_flash.ld" -Xlinker --gc-sections -Wl,-Map,"test1.map" -o "test1.elf"  ./template/gw1ns4c_it.o ./template/hfbeacon.o ./template/main.o ./template/retarget.o  ./lib/StdPeriph_Driver/Sources/gw1ns4c_gpio.o ./lib/StdPeriph_Driver/Sources/gw1ns4c_i2c.o ./lib/StdPeriph_Driver/Sources/gw1ns4c_misc.o ./lib/StdPeriph_Driver/Sources/gw1ns4c_rtc.o ./lib/StdPeriph_Driver/Sources/gw1ns4c_spi.o ./lib/StdPeriph_Driver/Sources/gw1ns4c_syscon.o ./lib/StdPeriph_Driver/Sources/gw1ns4c_timer.o ./lib/StdPeriph_Driver/Sources/gw1ns4c_uart.o ./lib/StdPeriph_Driver/Sources/gw1ns4c_wdog.o  ./lib/CMSIS/DeviceSupport/system/system_gw1ns4c.o  ./lib/CMSIS/DeviceSupport/startup/gmd/startup_gw1ns4c.o  ./lib/CMSIS/CoreSupport/gmd/core_cm3.o   
Finished building target: test1.elf
 
Invoking: GNU ARM Cross Create Flash Image
arm-none-eabi-objcopy -O binary "test1.elf"  "test1.bin"
Finished building: test1.bin
 
Invoking: GNU ARM Cross Print Size
arm-none-eabi-size --format=berkeley "test1.elf"
   text	   data	    bss	    dec	    hex	filename
  13852	   2140	    112	  16104	   3ee8	test1.elf
Finished building: test1.siz
 
18:25:03 **** Incremental Build of configuration Debug for project test1 ****
make all 
Building file: ../template/main.c
Invoking: GNU ARM Cross C Compiler
arm-none-eabi-gcc -mcpu=cortex-m3 -mthumb -O0 -fmessage-length=0 -fsigned-char -ffunction-sections -fdata-sections  -g3 -I"C:\GMD\workspace\test1\test1\lib\CMSIS\CoreSupport\gmd" -I"C:\GMD\workspace\test1\test1\lib\CMSIS\DeviceSupport\system" -I"C:\GMD\workspace\test1\test1\lib\StdPeriph_Driver\Includes" -I"C:\GMD\workspace\test1\test1\template" -std=gnu11 -MMD -MP -MF"template/main.d" -MT"template/main.o" -c -o "template/main.o" "../template/main.c"
Finished building: ../template/main.c
 
Building target: test1.elf
Invoking: GNU ARM Cross C Linker
arm-none-eabi-gcc -mcpu=cortex-m3 -mthumb -O0 -fmessage-length=0 -fsigned-char -ffunction-sections -fdata-sections  -g3 -T "C:\GMD\workspace\test1\test1\lib\Script\flash\gmd\gw1ns4c_flash.ld" -Xlinker --gc-sections -Wl,-Map,"test1.map" -o "test1.elf"  ./template/gw1ns4c_it.o ./template/hfbeacon.o ./template/main.o ./template/retarget.o  ./lib/StdPeriph_Driver/Sources/gw1ns4c_gpio.o ./lib/StdPeriph_Driver/Sources/gw1ns4c_i2c.o ./lib/StdPeriph_Driver/Sources/gw1ns4c_misc.o ./lib/StdPeriph_Driver/Sources/gw1ns4c_rtc.o ./lib/StdPeriph_Driver/Sources/gw1ns4c_spi.o ./lib/StdPeriph_Driver/Sources/gw1ns4c_syscon.o ./lib/StdPeriph_Driver/Sources/gw1ns4c_timer.o ./lib/StdPeriph_Driver/Sources/gw1ns4c_uart.o ./lib/StdPeriph_Driver/Sources/gw1ns4c_wdog.o  ./lib/CMSIS/DeviceSupport/system/system_gw1ns4c.o  ./lib/CMSIS/DeviceSupport/startup/gmd/startup_gw1ns4c.o  ./lib/CMSIS/CoreSupport/gmd/core_cm3.o   
Finished building target: test1.elf
 
Invoking: GNU ARM Cross Create Flash Image
arm-none-eabi-objcopy -O binary "test1.elf"  "test1.bin"
Finished building: test1.bin
 
Invoking: GNU ARM Cross Print Size
arm-none-eabi-size --format=berkeley "test1.elf"
   text	   data	    bss	    dec	    hex	filename
  14320	   2188	    112	  16620	   40ec	test1.elf
Finished building: test1.siz
 
18:25:45 **** Incremental Build of configuration Debug for project test1 ****
make all 
Building file: ../template/main.c
Invoking: GNU ARM Cross C Compiler
arm-none-eabi-gcc -mcpu=cortex-m3 -mthumb -O0 -fmessage-length=0 -fsigned-char -ffunction-sections -fdata-sections  -g3 -I"C:\GMD\workspace\test1\test1\lib\CMSIS\CoreSupport\gmd" -I"C:\GMD\workspace\test1\test1\lib\CMSIS\DeviceSupport\system" -I"C:\GMD\workspace\test1\test1\lib\StdPeriph_Driver\Includes" -I"C:\GMD\workspace\test1\test1\template" -std=gnu11 -MMD -MP -MF"template/main.d" -MT"template/main.o" -c -o "template/main.o" "../template/main.c"
Finished building: ../template/main.c
 
Building target: test1.elf
Invoking: GNU ARM Cross C Linker
arm-none-eabi-gcc -mcpu=cortex-m3 -mthumb -O0 -fmessage-length=0 -fsigned-char -ffunction-sections -fdata-sections  -g3 -T "C:\GMD\workspace\test1\test1\lib\Script\flash\gmd\gw1ns4c_flash.ld" -Xlinker --gc-sections -Wl,-Map,"test1.map" -o "test1.elf"  ./template/gw1ns4c_it.o ./template/hfbeacon.o ./template/main.o ./template/retarget.o  ./lib/StdPeriph_Driver/Sources/gw1ns4c_gpio.o ./lib/StdPeriph_Driver/Sources/gw1ns4c_i2c.o ./lib/StdPeriph_Driver/Sources/gw1ns4c_misc.o ./lib/StdPeriph_Driver/Sources/gw1ns4c_rtc.o ./lib/StdPeriph_Driver/Sources/gw1ns4c_spi.o ./lib/StdPeriph_Driver/Sources/gw1ns4c_syscon.o ./lib/StdPeriph_Driver/Sources/gw1ns4c_timer.o ./lib/StdPeriph_Driver/Sources/gw1ns4c_uart.o ./lib/StdPeriph_Driver/Sources/gw1ns4c_wdog.o  ./lib/CMSIS/DeviceSupport/system/system_gw1ns4c.o  ./lib/CMSIS/DeviceSupport/startup/gmd/startup_gw1ns4c.o  ./lib/CMSIS/CoreSupport/gmd/core_cm3.o   
Finished building target: test1.elf
 
Invoking: GNU ARM Cross Create Flash Image
arm-none-eabi-objcopy -O binary "test1.elf"  "test1.bin"
Finished building: test1.bin
 
Invoking: GNU ARM Cross Print Size
arm-none-eabi-size --format=berkeley "test1.elf"
   text	   data	    bss	    dec	    hex	filename
  13852	   2188	    112	  16152	   3f18	test1.elf
Finished building: test1.siz
 
18:26:13 **** Incremental Build of configuration Debug for project test1 ****
make all 
Building file: ../template/main.c
Invoking: GNU ARM Cross C Compiler
arm-none-eabi-gcc -mcpu=cortex-m3 -mthumb -O0 -fmessage-length=0 -fsigned-char -ffunction-sections -fdata-sections  -g3 -I"C:\GMD\workspace\test1\test1\lib\CMSIS\CoreSupport\gmd" -I"C:\GMD\workspace\test1\test1\lib\CMSIS\DeviceSupport\system" -I"C:\GMD\workspace\test1\test1\lib\StdPeriph_Driver\Includes" -I"C:\GMD\workspace\test1\test1\template" -std=gnu11 -MMD -MP -MF"template/main.d" -MT"template/main.o" -c -o "template/main.o" "../template/main.c"
Finished building: ../template/main.c
 
Building target: test1.elf
Invoking: GNU ARM Cross C Linker
arm-none-eabi-gcc -mcpu=cortex-m3 -mthumb -O0 -fmessage-length=0 -fsigned-char -ffunction-sections -fdata-sections  -g3 -T "C:\GMD\workspace\test1\test1\lib\Script\flash\gmd\gw1ns4c_flash.ld" -Xlinker --gc-sections -Wl,-Map,"test1.map" -o "test1.elf"  ./template/gw1ns4c_it.o ./template/hfbeacon.o ./template/main.o ./template/retarget.o  ./lib/StdPeriph_Driver/Sources/gw1ns4c_gpio.o ./lib/StdPeriph_Driver/Sources/gw1ns4c_i2c.o ./lib/StdPeriph_Driver/Sources/gw1ns4c_misc.o ./lib/StdPeriph_Driver/Sources/gw1ns4c_rtc.o ./lib/StdPeriph_Driver/Sources/gw1ns4c_spi.o ./lib/StdPeriph_Driver/Sources/gw1ns4c_syscon.o ./lib/StdPeriph_Driver/Sources/gw1ns4c_timer.o ./lib/StdPeriph_Driver/Sources/gw1ns4c_uart.o ./lib/StdPeriph_Driver/Sources/gw1ns4c_wdog.o  ./lib/CMSIS/DeviceSupport/system/system_gw1ns4c.o  ./lib/CMSIS/DeviceSupport/startup/gmd/startup_gw1ns4c.o  ./lib/CMSIS/CoreSupport/gmd/core_cm3.o   
Finished building target: test1.elf
 
Invoking: GNU ARM Cross Create Flash Image
arm-none-eabi-objcopy -O binary "test1.elf"  "test1.bin"
Finished building: test1.bin
 
Invoking: GNU ARM Cross Print Size
arm-none-eabi-size --format=berkeley "test1.elf"
   text	   data	    bss	    dec	    hex	filename
  14320	   2188	    112	  16620	   40ec	test1.elf
Finished building: test1.siz
 
18:29:30 **** Incremental Build of configuration Debug for project test1 ****
make all 
Building file: ../template/main.c
Invoking: GNU ARM Cross C Compiler
arm-none-eabi-gcc -mcpu=cortex-m3 -mthumb -O0 -fmessage-length=0 -fsigned-char -ffunction-sections -fdata-sections  -g3 -I"C:\GMD\workspace\test1\test1\lib\CMSIS\CoreSupport\gmd" -I"C:\GMD\workspace\test1\test1\lib\CMSIS\DeviceSupport\system" -I"C:\GMD\workspace\test1\test1\lib\StdPeriph_Driver\Includes" -I"C:\GMD\workspace\test1\test1\template" -std=gnu11 -MMD -MP -MF"template/main.d" -MT"template/main.o" -c -o "template/main.o" "../template/main.c"
Finished building: ../template/main.c
 
Building target: test1.elf
Invoking: GNU ARM Cross C Linker
arm-none-eabi-gcc -mcpu=cortex-m3 -mthumb -O0 -fmessage-length=0 -fsigned-char -ffunction-sections -fdata-sections  -g3 -T "C:\GMD\workspace\test1\test1\lib\Script\flash\gmd\gw1ns4c_flash.ld" -Xlinker --gc-sections -Wl,-Map,"test1.map" -o "test1.elf"  ./template/gw1ns4c_it.o ./template/hfbeacon.o ./template/main.o ./template/retarget.o  ./lib/StdPeriph_Driver/Sources/gw1ns4c_gpio.o ./lib/StdPeriph_Driver/Sources/gw1ns4c_i2c.o ./lib/StdPeriph_Driver/Sources/gw1ns4c_misc.o ./lib/StdPeriph_Driver/Sources/gw1ns4c_rtc.o ./lib/StdPeriph_Driver/Sources/gw1ns4c_spi.o ./lib/StdPeriph_Driver/Sources/gw1ns4c_syscon.o ./lib/StdPeriph_Driver/Sources/gw1ns4c_timer.o ./lib/StdPeriph_Driver/Sources/gw1ns4c_uart.o ./lib/StdPeriph_Driver/Sources/gw1ns4c_wdog.o  ./lib/CMSIS/DeviceSupport/system/system_gw1ns4c.o  ./lib/CMSIS/DeviceSupport/startup/gmd/startup_gw1ns4c.o  ./lib/CMSIS/CoreSupport/gmd/core_cm3.o   
Finished building target: test1.elf
 
Invoking: GNU ARM Cross Create Flash Image
arm-none-eabi-objcopy -O binary "test1.elf"  "test1.bin"
Finished building: test1.bin
 
Invoking: GNU ARM Cross Print Size
arm-none-eabi-size --format=berkeley "test1.elf"
   text	   data	    bss	    dec	    hex	filename
  14324	   2188	    112	  16624	   40f0	test1.elf
Finished building: test1.siz
 
18:30:21 **** Incremental Build of configuration Debug for project test1 ****
make all 
Building file: ../template/main.c
Invoking: GNU ARM Cross C Compiler
arm-none-eabi-gcc -mcpu=cortex-m3 -mthumb -O0 -fmessage-length=0 -fsigned-char -ffunction-sections -fdata-sections  -g3 -I"C:\GMD\workspace\test1\test1\lib\CMSIS\CoreSupport\gmd" -I"C:\GMD\workspace\test1\test1\lib\CMSIS\DeviceSupport\system" -I"C:\GMD\workspace\test1\test1\lib\StdPeriph_Driver\Includes" -I"C:\GMD\workspace\test1\test1\template" -std=gnu11 -MMD -MP -MF"template/main.d" -MT"template/main.o" -c -o "template/main.o" "../template/main.c"
Finished building: ../template/main.c
 
Building target: test1.elf
Invoking: GNU ARM Cross C Linker
arm-none-eabi-gcc -mcpu=cortex-m3 -mthumb -O0 -fmessage-length=0 -fsigned-char -ffunction-sections -fdata-sections  -g3 -T "C:\GMD\workspace\test1\test1\lib\Script\flash\gmd\gw1ns4c_flash.ld" -Xlinker --gc-sections -Wl,-Map,"test1.map" -o "test1.elf"  ./template/gw1ns4c_it.o ./template/hfbeacon.o ./template/main.o ./template/retarget.o  ./lib/StdPeriph_Driver/Sources/gw1ns4c_gpio.o ./lib/StdPeriph_Driver/Sources/gw1ns4c_i2c.o ./lib/StdPeriph_Driver/Sources/gw1ns4c_misc.o ./lib/StdPeriph_Driver/Sources/gw1ns4c_rtc.o ./lib/StdPeriph_Driver/Sources/gw1ns4c_spi.o ./lib/StdPeriph_Driver/Sources/gw1ns4c_syscon.o ./lib/StdPeriph_Driver/Sources/gw1ns4c_timer.o ./lib/StdPeriph_Driver/Sources/gw1ns4c_uart.o ./lib/StdPeriph_Driver/Sources/gw1ns4c_wdog.o  ./lib/CMSIS/DeviceSupport/system/system_gw1ns4c.o  ./lib/CMSIS/DeviceSupport/startup/gmd/startup_gw1ns4c.o  ./lib/CMSIS/CoreSupport/gmd/core_cm3.o   
Finished building target: test1.elf
 
Invoking: GNU ARM Cross Create Flash Image
arm-none-eabi-objcopy -O binary "test1.elf"  "test1.bin"
Finished building: test1.bin
 
Invoking: GNU ARM Cross Print Size
arm-none-eabi-size --format=berkeley "test1.elf"
   text	   data	    bss	    dec	    hex	filename
  13856	   2188	    112	  16156	   3f1c	test1.elf
Finished building: test1.siz
 
18:39:42 **** Incremental Build of configuration Debug for project test1 ****
make all 
Building file: ../template/main.c
Invoking: GNU ARM Cross C Compiler
arm-none-eabi-gcc -mcpu=cortex-m3 -mthumb -O0 -fmessage-length=0 -fsigned-char -ffunction-sections -fdata-sections  -g3 -I"C:\GMD\workspace\test1\test1\lib\CMSIS\CoreSupport\gmd" -I"C:\GMD\workspace\test1\test1\lib\CMSIS\DeviceSupport\system" -I"C:\GMD\workspace\test1\test1\lib\StdPeriph_Driver\Includes" -I"C:\GMD\workspace\test1\test1\template" -std=gnu11 -MMD -MP -MF"template/main.d" -MT"template/main.o" -c -o "template/main.o" "../template/main.c"
Finished building: ../template/main.c
 
Building target: test1.elf
Invoking: GNU ARM Cross C Linker
arm-none-eabi-gcc -mcpu=cortex-m3 -mthumb -O0 -fmessage-length=0 -fsigned-char -ffunction-sections -fdata-sections  -g3 -T "C:\GMD\workspace\test1\test1\lib\Script\flash\gmd\gw1ns4c_flash.ld" -Xlinker --gc-sections -Wl,-Map,"test1.map" -o "test1.elf"  ./template/gw1ns4c_it.o ./template/hfbeacon.o ./template/main.o ./template/retarget.o  ./lib/StdPeriph_Driver/Sources/gw1ns4c_gpio.o ./lib/StdPeriph_Driver/Sources/gw1ns4c_i2c.o ./lib/StdPeriph_Driver/Sources/gw1ns4c_misc.o ./lib/StdPeriph_Driver/Sources/gw1ns4c_rtc.o ./lib/StdPeriph_Driver/Sources/gw1ns4c_spi.o ./lib/StdPeriph_Driver/Sources/gw1ns4c_syscon.o ./lib/StdPeriph_Driver/Sources/gw1ns4c_timer.o ./lib/StdPeriph_Driver/Sources/gw1ns4c_uart.o ./lib/StdPeriph_Driver/Sources/gw1ns4c_wdog.o  ./lib/CMSIS/DeviceSupport/system/system_gw1ns4c.o  ./lib/CMSIS/DeviceSupport/startup/gmd/startup_gw1ns4c.o  ./lib/CMSIS/CoreSupport/gmd/core_cm3.o   
Finished building target: test1.elf
 
Invoking: GNU ARM Cross Create Flash Image
arm-none-eabi-objcopy -O binary "test1.elf"  "test1.bin"
Finished building: test1.bin
 
Invoking: GNU ARM Cross Print Size
arm-none-eabi-size --format=berkeley "test1.elf"
   text	   data	    bss	    dec	    hex	filename
  13880	   2188	    112	  16180	   3f34	test1.elf
Finished building: test1.siz
 
18:43:16 **** Incremental Build of configuration Debug for project test1 ****
make all 
Building file: ../template/main.c
Invoking: GNU ARM Cross C Compiler
arm-none-eabi-gcc -mcpu=cortex-m3 -mthumb -O0 -fmessage-length=0 -fsigned-char -ffunction-sections -fdata-sections  -g3 -I"C:\GMD\workspace\test1\test1\lib\CMSIS\CoreSupport\gmd" -I"C:\GMD\workspace\test1\test1\lib\CMSIS\DeviceSupport\system" -I"C:\GMD\workspace\test1\test1\lib\StdPeriph_Driver\Includes" -I"C:\GMD\workspace\test1\test1\template" -std=gnu11 -MMD -MP -MF"template/main.d" -MT"template/main.o" -c -o "template/main.o" "../template/main.c"
Finished building: ../template/main.c
 
Building target: test1.elf
Invoking: GNU ARM Cross C Linker
arm-none-eabi-gcc -mcpu=cortex-m3 -mthumb -O0 -fmessage-length=0 -fsigned-char -ffunction-sections -fdata-sections  -g3 -T "C:\GMD\workspace\test1\test1\lib\Script\flash\gmd\gw1ns4c_flash.ld" -Xlinker --gc-sections -Wl,-Map,"test1.map" -o "test1.elf"  ./template/gw1ns4c_it.o ./template/hfbeacon.o ./template/main.o ./template/retarget.o  ./lib/StdPeriph_Driver/Sources/gw1ns4c_gpio.o ./lib/StdPeriph_Driver/Sources/gw1ns4c_i2c.o ./lib/StdPeriph_Driver/Sources/gw1ns4c_misc.o ./lib/StdPeriph_Driver/Sources/gw1ns4c_rtc.o ./lib/StdPeriph_Driver/Sources/gw1ns4c_spi.o ./lib/StdPeriph_Driver/Sources/gw1ns4c_syscon.o ./lib/StdPeriph_Driver/Sources/gw1ns4c_timer.o ./lib/StdPeriph_Driver/Sources/gw1ns4c_uart.o ./lib/StdPeriph_Driver/Sources/gw1ns4c_wdog.o  ./lib/CMSIS/DeviceSupport/system/system_gw1ns4c.o  ./lib/CMSIS/DeviceSupport/startup/gmd/startup_gw1ns4c.o  ./lib/CMSIS/CoreSupport/gmd/core_cm3.o   
Finished building target: test1.elf
 
Invoking: GNU ARM Cross Create Flash Image
arm-none-eabi-objcopy -O binary "test1.elf"  "test1.bin"
Finished building: test1.bin
 
Invoking: GNU ARM Cross Print Size
arm-none-eabi-size --format=berkeley "test1.elf"
   text	   data	    bss	    dec	    hex	filename
  13904	   2188	    112	  16204	   3f4c	test1.elf
Finished building: test1.siz
 
18:44:59 **** Incremental Build of configuration Debug for project test1 ****
make all 
Building file: ../template/main.c
Invoking: GNU ARM Cross C Compiler
arm-none-eabi-gcc -mcpu=cortex-m3 -mthumb -O0 -fmessage-length=0 -fsigned-char -ffunction-sections -fdata-sections  -g3 -I"C:\GMD\workspace\test1\test1\lib\CMSIS\CoreSupport\gmd" -I"C:\GMD\workspace\test1\test1\lib\CMSIS\DeviceSupport\system" -I"C:\GMD\workspace\test1\test1\lib\StdPeriph_Driver\Includes" -I"C:\GMD\workspace\test1\test1\template" -std=gnu11 -MMD -MP -MF"template/main.d" -MT"template/main.o" -c -o "template/main.o" "../template/main.c"
Finished building: ../template/main.c
 
Building target: test1.elf
Invoking: GNU ARM Cross C Linker
arm-none-eabi-gcc -mcpu=cortex-m3 -mthumb -O0 -fmessage-length=0 -fsigned-char -ffunction-sections -fdata-sections  -g3 -T "C:\GMD\workspace\test1\test1\lib\Script\flash\gmd\gw1ns4c_flash.ld" -Xlinker --gc-sections -Wl,-Map,"test1.map" -o "test1.elf"  ./template/gw1ns4c_it.o ./template/hfbeacon.o ./template/main.o ./template/retarget.o  ./lib/StdPeriph_Driver/Sources/gw1ns4c_gpio.o ./lib/StdPeriph_Driver/Sources/gw1ns4c_i2c.o ./lib/StdPeriph_Driver/Sources/gw1ns4c_misc.o ./lib/StdPeriph_Driver/Sources/gw1ns4c_rtc.o ./lib/StdPeriph_Driver/Sources/gw1ns4c_spi.o ./lib/StdPeriph_Driver/Sources/gw1ns4c_syscon.o ./lib/StdPeriph_Driver/Sources/gw1ns4c_timer.o ./lib/StdPeriph_Driver/Sources/gw1ns4c_uart.o ./lib/StdPeriph_Driver/Sources/gw1ns4c_wdog.o  ./lib/CMSIS/DeviceSupport/system/system_gw1ns4c.o  ./lib/CMSIS/DeviceSupport/startup/gmd/startup_gw1ns4c.o  ./lib/CMSIS/CoreSupport/gmd/core_cm3.o   
Finished building target: test1.elf
 
Invoking: GNU ARM Cross Create Flash Image
arm-none-eabi-objcopy -O binary "test1.elf"  "test1.bin"
Finished building: test1.bin
 
Invoking: GNU ARM Cross Print Size
arm-none-eabi-size --format=berkeley "test1.elf"
   text	   data	    bss	    dec	    hex	filename
  14324	   2188	    112	  16624	   40f0	test1.elf
Finished building: test1.siz
 
19:03:17 **** Incremental Build of configuration Debug for project test1 ****
make all 
Building file: ../template/main.c
Invoking: GNU ARM Cross C Compiler
arm-none-eabi-gcc -mcpu=cortex-m3 -mthumb -O0 -fmessage-length=0 -fsigned-char -ffunction-sections -fdata-sections  -g3 -I"C:\GMD\workspace\test1\test1\lib\CMSIS\CoreSupport\gmd" -I"C:\GMD\workspace\test1\test1\lib\CMSIS\DeviceSupport\system" -I"C:\GMD\workspace\test1\test1\lib\StdPeriph_Driver\Includes" -I"C:\GMD\workspace\test1\test1\template" -std=gnu11 -MMD -MP -MF"template/main.d" -MT"template/main.o" -c -o "template/main.o" "../template/main.c"
Finished building: ../template/main.c
 
Building target: test1.elf
Invoking: GNU ARM Cross C Linker
arm-none-eabi-gcc -mcpu=cortex-m3 -mthumb -O0 -fmessage-length=0 -fsigned-char -ffunction-sections -fdata-sections  -g3 -T "C:\GMD\workspace\test1\test1\lib\Script\flash\gmd\gw1ns4c_flash.ld" -Xlinker --gc-sections -Wl,-Map,"test1.map" -o "test1.elf"  ./template/gw1ns4c_it.o ./template/hfbeacon.o ./template/main.o ./template/retarget.o  ./lib/StdPeriph_Driver/Sources/gw1ns4c_gpio.o ./lib/StdPeriph_Driver/Sources/gw1ns4c_i2c.o ./lib/StdPeriph_Driver/Sources/gw1ns4c_misc.o ./lib/StdPeriph_Driver/Sources/gw1ns4c_rtc.o ./lib/StdPeriph_Driver/Sources/gw1ns4c_spi.o ./lib/StdPeriph_Driver/Sources/gw1ns4c_syscon.o ./lib/StdPeriph_Driver/Sources/gw1ns4c_timer.o ./lib/StdPeriph_Driver/Sources/gw1ns4c_uart.o ./lib/StdPeriph_Driver/Sources/gw1ns4c_wdog.o  ./lib/CMSIS/DeviceSupport/system/system_gw1ns4c.o  ./lib/CMSIS/DeviceSupport/startup/gmd/startup_gw1ns4c.o  ./lib/CMSIS/CoreSupport/gmd/core_cm3.o   
Finished building target: test1.elf
 
Invoking: GNU ARM Cross Create Flash Image
arm-none-eabi-objcopy -O binary "test1.elf"  "test1.bin"
Finished building: test1.bin
 
Invoking: GNU ARM Cross Print Size
arm-none-eabi-size --format=berkeley "test1.elf"
   text	   data	    bss	    dec	    hex	filename
  14324	   2188	    112	  16624	   40f0	test1.elf
Finished building: test1.siz
 
20:47:09 **** Incremental Build of configuration Debug for project test1 ****
make all 
Building file: ../template/main.c
Invoking: GNU ARM Cross C Compiler
arm-none-eabi-gcc -mcpu=cortex-m3 -mthumb -O0 -fmessage-length=0 -fsigned-char -ffunction-sections -fdata-sections  -g3 -I"C:\GMD\workspace\test1\test1\lib\CMSIS\CoreSupport\gmd" -I"C:\GMD\workspace\test1\test1\lib\CMSIS\DeviceSupport\system" -I"C:\GMD\workspace\test1\test1\lib\StdPeriph_Driver\Includes" -I"C:\GMD\workspace\test1\test1\template" -std=gnu11 -MMD -MP -MF"template/main.d" -MT"template/main.o" -c -o "template/main.o" "../template/main.c"
Finished building: ../template/main.c
 
Building target: test1.elf
Invoking: GNU ARM Cross C Linker
arm-none-eabi-gcc -mcpu=cortex-m3 -mthumb -O0 -fmessage-length=0 -fsigned-char -ffunction-sections -fdata-sections  -g3 -T "C:\GMD\workspace\test1\test1\lib\Script\flash\gmd\gw1ns4c_flash.ld" -Xlinker --gc-sections -Wl,-Map,"test1.map" -o "test1.elf"  ./template/gw1ns4c_it.o ./template/hfbeacon.o ./template/main.o ./template/retarget.o  ./lib/StdPeriph_Driver/Sources/gw1ns4c_gpio.o ./lib/StdPeriph_Driver/Sources/gw1ns4c_i2c.o ./lib/StdPeriph_Driver/Sources/gw1ns4c_misc.o ./lib/StdPeriph_Driver/Sources/gw1ns4c_rtc.o ./lib/StdPeriph_Driver/Sources/gw1ns4c_spi.o ./lib/StdPeriph_Driver/Sources/gw1ns4c_syscon.o ./lib/StdPeriph_Driver/Sources/gw1ns4c_timer.o ./lib/StdPeriph_Driver/Sources/gw1ns4c_uart.o ./lib/StdPeriph_Driver/Sources/gw1ns4c_wdog.o  ./lib/CMSIS/DeviceSupport/system/system_gw1ns4c.o  ./lib/CMSIS/DeviceSupport/startup/gmd/startup_gw1ns4c.o  ./lib/CMSIS/CoreSupport/gmd/core_cm3.o   
Finished building target: test1.elf
 
Invoking: GNU ARM Cross Create Flash Image
arm-none-eabi-objcopy -O binary "test1.elf"  "test1.bin"
Finished building: test1.bin
 
Invoking: GNU ARM Cross Print Size
arm-none-eabi-size --format=berkeley "test1.elf"
   text	   data	    bss	    dec	    hex	filename
  14324	   2188	    112	  16624	   40f0	test1.elf
Finished building: test1.siz
 
12:09:36 **** Incremental Build of configuration Debug for project test1 ****
make all 
Invoking: GNU ARM Cross Print Size
arm-none-eabi-size --format=berkeley "test1.elf"
   text	   data	    bss	    dec	    hex	filename
  14324	   2188	    112	  16624	   40f0	test1.elf
Finished building: test1.siz
 
16:28:14 **** Incremental Build of configuration Debug for project test1 ****
make all 
Building file: ../lib/CMSIS/DeviceSupport/system/system_gw1ns4c.c
Invoking: GNU ARM Cross C Compiler
arm-none-eabi-gcc -mcpu=cortex-m3 -mthumb -O0 -fmessage-length=0 -fsigned-char -ffunction-sections -fdata-sections  -g3 -I"C:\GMD\workspace\test1\test1\lib\CMSIS\CoreSupport\gmd" -I"C:\GMD\workspace\test1\test1\lib\CMSIS\DeviceSupport\system" -I"C:\GMD\workspace\test1\test1\lib\StdPeriph_Driver\Includes" -I"C:\GMD\workspace\test1\test1\template" -std=gnu11 -MMD -MP -MF"lib/CMSIS/DeviceSupport/system/system_gw1ns4c.d" -MT"lib/CMSIS/DeviceSupport/system/system_gw1ns4c.o" -c -o "lib/CMSIS/DeviceSupport/system/system_gw1ns4c.o" "../lib/CMSIS/DeviceSupport/system/system_gw1ns4c.c"
Finished building: ../lib/CMSIS/DeviceSupport/system/system_gw1ns4c.c
 
Building target: test1.elf
Invoking: GNU ARM Cross C Linker
arm-none-eabi-gcc -mcpu=cortex-m3 -mthumb -O0 -fmessage-length=0 -fsigned-char -ffunction-sections -fdata-sections  -g3 -T "C:\GMD\workspace\test1\test1\lib\Script\flash\gmd\gw1ns4c_flash.ld" -Xlinker --gc-sections -Wl,-Map,"test1.map" -o "test1.elf"  ./template/gw1ns4c_it.o ./template/hfbeacon.o ./template/main.o ./template/retarget.o  ./lib/StdPeriph_Driver/Sources/gw1ns4c_gpio.o ./lib/StdPeriph_Driver/Sources/gw1ns4c_i2c.o ./lib/StdPeriph_Driver/Sources/gw1ns4c_misc.o ./lib/StdPeriph_Driver/Sources/gw1ns4c_rtc.o ./lib/StdPeriph_Driver/Sources/gw1ns4c_spi.o ./lib/StdPeriph_Driver/Sources/gw1ns4c_syscon.o ./lib/StdPeriph_Driver/Sources/gw1ns4c_timer.o ./lib/StdPeriph_Driver/Sources/gw1ns4c_uart.o ./lib/StdPeriph_Driver/Sources/gw1ns4c_wdog.o  ./lib/CMSIS/DeviceSupport/system/system_gw1ns4c.o  ./lib/CMSIS/DeviceSupport/startup/gmd/startup_gw1ns4c.o  ./lib/CMSIS/CoreSupport/gmd/core_cm3.o   
c:/gmd/toolchain/arm_toolchain/bin/../lib/gcc/arm-none-eabi/8.3.1/../../../../arm-none-eabi/bin/ld.exe: ./lib/CMSIS/DeviceSupport/system/system_gw1ns4c.o: in function `main':
C:\GMD\workspace\test1\test1\Debug/../lib/CMSIS/DeviceSupport/system/system_gw1ns4c.c:26: multiple definition of `main'; ./template/main.o:C:\GMD\workspace\test1\test1\Debug/../template/main.c:28: first defined here
c:/gmd/toolchain/arm_toolchain/bin/../lib/gcc/arm-none-eabi/8.3.1/../../../../arm-none-eabi/bin/ld.exe: ./lib/CMSIS/DeviceSupport/system/system_gw1ns4c.o: in function `SPIInit':
C:\GMD\workspace\test1\test1\Debug/../lib/CMSIS/DeviceSupport/system/system_gw1ns4c.c:62: multiple definition of `SPIInit'; ./template/main.o:C:\GMD\workspace\test1\test1\Debug/../template/main.c:162: first defined here
c:/gmd/toolchain/arm_toolchain/bin/../lib/gcc/arm-none-eabi/8.3.1/../../../../arm-none-eabi/bin/ld.exe: ./lib/CMSIS/DeviceSupport/system/system_gw1ns4c.o: in function `initializeUART':
C:\GMD\workspace\test1\test1\Debug/../lib/CMSIS/DeviceSupport/system/system_gw1ns4c.c:75: multiple definition of `initializeUART'; ./template/main.o:C:\GMD\workspace\test1\test1\Debug/../template/main.c:175: first defined here
c:/gmd/toolchain/arm_toolchain/bin/../lib/gcc/arm-none-eabi/8.3.1/../../../../arm-none-eabi/bin/ld.exe: ./lib/CMSIS/DeviceSupport/system/system_gw1ns4c.o: in function `initializeTimer':
C:\GMD\workspace\test1\test1\Debug/../lib/CMSIS/DeviceSupport/system/system_gw1ns4c.c:87: multiple definition of `initializeTimer'; ./template/main.o:C:\GMD\workspace\test1\test1\Debug/../template/main.c:187: first defined here
c:/gmd/toolchain/arm_toolchain/bin/../lib/gcc/arm-none-eabi/8.3.1/../../../../arm-none-eabi/bin/ld.exe: ./lib/CMSIS/DeviceSupport/system/system_gw1ns4c.o: in function `delayMillis':
C:\GMD\workspace\test1\test1\Debug/../lib/CMSIS/DeviceSupport/system/system_gw1ns4c.c:103: multiple definition of `delayMillis'; ./template/main.o:C:\GMD\workspace\test1\test1\Debug/../template/main.c:203: first defined here
c:/gmd/toolchain/arm_toolchain/bin/../lib/gcc/arm-none-eabi/8.3.1/../../../../arm-none-eabi/bin/ld.exe: ./lib/CMSIS/DeviceSupport/startup/gmd/startup_gw1ns4c.o: in function `Reset_Handler':
C:\GMD\workspace\test1\Debug/../lib/CMSIS/DeviceSupport/startup/gmd/startup_gw1ns4c.S:185: undefined reference to `SystemInit'
c:/gmd/toolchain/arm_toolchain/bin/../lib/gcc/arm-none-eabi/8.3.1/../../../../arm-none-eabi/bin/ld.exe: ./template/main.o: in function `main':
C:\GMD\workspace\test1\test1\Debug/../template/main.c:30: undefined reference to `SystemInit'
c:/gmd/toolchain/arm_toolchain/bin/../lib/gcc/arm-none-eabi/8.3.1/../../../../arm-none-eabi/bin/ld.exe: ./template/main.o: in function `delayMillis':
C:\GMD\workspace\test1\test1\Debug/../template/main.c:219: undefined reference to `SystemCoreClock'
c:/gmd/toolchain/arm_toolchain/bin/../lib/gcc/arm-none-eabi/8.3.1/../../../../arm-none-eabi/bin/ld.exe: ./lib/StdPeriph_Driver/Sources/gw1ns4c_uart.o: in function `UART_Init':
C:\GMD\workspace\test1\Debug/../lib/StdPeriph_Driver/Sources/gw1ns4c_uart.c:140: undefined reference to `PCLK1'
collect2.exe: error: ld returned 1 exit status
make: *** [makefile:48: test1.elf] Error 1
16:28:41 **** Incremental Build of configuration Debug for project test1 ****
make all 
Building file: ../template/main.c
Invoking: GNU ARM Cross C Compiler
arm-none-eabi-gcc -mcpu=cortex-m3 -mthumb -O0 -fmessage-length=0 -fsigned-char -ffunction-sections -fdata-sections  -g3 -I"C:\GMD\workspace\test1\test1\lib\CMSIS\CoreSupport\gmd" -I"C:\GMD\workspace\test1\test1\lib\CMSIS\DeviceSupport\system" -I"C:\GMD\workspace\test1\test1\lib\StdPeriph_Driver\Includes" -I"C:\GMD\workspace\test1\test1\template" -std=gnu11 -MMD -MP -MF"template/main.d" -MT"template/main.o" -c -o "template/main.o" "../template/main.c"
Finished building: ../template/main.c
 
Building file: ../lib/CMSIS/DeviceSupport/system/system_gw1ns4c.c
Invoking: GNU ARM Cross C Compiler
arm-none-eabi-gcc -mcpu=cortex-m3 -mthumb -O0 -fmessage-length=0 -fsigned-char -ffunction-sections -fdata-sections  -g3 -I"C:\GMD\workspace\test1\test1\lib\CMSIS\CoreSupport\gmd" -I"C:\GMD\workspace\test1\test1\lib\CMSIS\DeviceSupport\system" -I"C:\GMD\workspace\test1\test1\lib\StdPeriph_Driver\Includes" -I"C:\GMD\workspace\test1\test1\template" -std=gnu11 -MMD -MP -MF"lib/CMSIS/DeviceSupport/system/system_gw1ns4c.d" -MT"lib/CMSIS/DeviceSupport/system/system_gw1ns4c.o" -c -o "lib/CMSIS/DeviceSupport/system/system_gw1ns4c.o" "../lib/CMSIS/DeviceSupport/system/system_gw1ns4c.c"
Finished building: ../lib/CMSIS/DeviceSupport/system/system_gw1ns4c.c
 
Building target: test1.elf
Invoking: GNU ARM Cross C Linker
arm-none-eabi-gcc -mcpu=cortex-m3 -mthumb -O0 -fmessage-length=0 -fsigned-char -ffunction-sections -fdata-sections  -g3 -T "C:\GMD\workspace\test1\test1\lib\Script\flash\gmd\gw1ns4c_flash.ld" -Xlinker --gc-sections -Wl,-Map,"test1.map" -o "test1.elf"  ./template/gw1ns4c_it.o ./template/hfbeacon.o ./template/main.o ./template/retarget.o  ./lib/StdPeriph_Driver/Sources/gw1ns4c_gpio.o ./lib/StdPeriph_Driver/Sources/gw1ns4c_i2c.o ./lib/StdPeriph_Driver/Sources/gw1ns4c_misc.o ./lib/StdPeriph_Driver/Sources/gw1ns4c_rtc.o ./lib/StdPeriph_Driver/Sources/gw1ns4c_spi.o ./lib/StdPeriph_Driver/Sources/gw1ns4c_syscon.o ./lib/StdPeriph_Driver/Sources/gw1ns4c_timer.o ./lib/StdPeriph_Driver/Sources/gw1ns4c_uart.o ./lib/StdPeriph_Driver/Sources/gw1ns4c_wdog.o  ./lib/CMSIS/DeviceSupport/system/system_gw1ns4c.o  ./lib/CMSIS/DeviceSupport/startup/gmd/startup_gw1ns4c.o  ./lib/CMSIS/CoreSupport/gmd/core_cm3.o   
Finished building target: test1.elf
 
Invoking: GNU ARM Cross Create Flash Image
arm-none-eabi-objcopy -O binary "test1.elf"  "test1.bin"
Finished building: test1.bin
 
Invoking: GNU ARM Cross Print Size
arm-none-eabi-size --format=berkeley "test1.elf"
   text	   data	    bss	    dec	    hex	filename
  26516	   2496	     96	  29108	   71b4	test1.elf
Finished building: test1.siz
 
17:04:12 **** Incremental Build of configuration Debug for project test1 ****
make all 
Building file: ../template/main.c
Invoking: GNU ARM Cross C Compiler
arm-none-eabi-gcc -mcpu=cortex-m3 -mthumb -O0 -fmessage-length=0 -fsigned-char -ffunction-sections -fdata-sections  -g3 -I"C:\GMD\workspace\test1\test1\lib\CMSIS\CoreSupport\gmd" -I"C:\GMD\workspace\test1\test1\lib\CMSIS\DeviceSupport\system" -I"C:\GMD\workspace\test1\test1\lib\StdPeriph_Driver\Includes" -I"C:\GMD\workspace\test1\test1\template" -std=gnu11 -MMD -MP -MF"template/main.d" -MT"template/main.o" -c -o "template/main.o" "../template/main.c"
Finished building: ../template/main.c
 
Building target: test1.elf
Invoking: GNU ARM Cross C Linker
arm-none-eabi-gcc -mcpu=cortex-m3 -mthumb -O0 -fmessage-length=0 -fsigned-char -ffunction-sections -fdata-sections  -g3 -T "C:\GMD\workspace\test1\test1\lib\Script\flash\gmd\gw1ns4c_flash.ld" -Xlinker --gc-sections -Wl,-Map,"test1.map" -o "test1.elf"  ./template/gw1ns4c_it.o ./template/hfbeacon.o ./template/main.o ./template/retarget.o  ./lib/StdPeriph_Driver/Sources/gw1ns4c_gpio.o ./lib/StdPeriph_Driver/Sources/gw1ns4c_i2c.o ./lib/StdPeriph_Driver/Sources/gw1ns4c_misc.o ./lib/StdPeriph_Driver/Sources/gw1ns4c_rtc.o ./lib/StdPeriph_Driver/Sources/gw1ns4c_spi.o ./lib/StdPeriph_Driver/Sources/gw1ns4c_syscon.o ./lib/StdPeriph_Driver/Sources/gw1ns4c_timer.o ./lib/StdPeriph_Driver/Sources/gw1ns4c_uart.o ./lib/StdPeriph_Driver/Sources/gw1ns4c_wdog.o  ./lib/CMSIS/DeviceSupport/system/system_gw1ns4c.o  ./lib/CMSIS/DeviceSupport/startup/gmd/startup_gw1ns4c.o  ./lib/CMSIS/CoreSupport/gmd/core_cm3.o   
Finished building target: test1.elf
 
Invoking: GNU ARM Cross Create Flash Image
arm-none-eabi-objcopy -O binary "test1.elf"  "test1.bin"
Finished building: test1.bin
 
Invoking: GNU ARM Cross Print Size
arm-none-eabi-size --format=berkeley "test1.elf"
   text	   data	    bss	    dec	    hex	filename
  14324	   2188	    112	  16624	   40f0	test1.elf
Finished building: test1.siz
 
